Archive member included to satisfy reference by file (symbol)

c:/users/owner/stm32cubeide_1.5.1/stm32cubeide/plugins/com.st.stm32cube.ide.mcu.externaltools.gnu-tools-for-stm32.7-2018-q2-update.win32_1.5.0.202011040924/tools/bin/../lib/gcc/arm-none-eabi/7.3.1/../../../../arm-none-eabi/lib/thumb/v7e-m/fpv4-sp/hard\libstdc++_nano.a(guard.o)
                              Core/Src/line_trace.o (__cxa_guard_acquire)
c:/users/owner/stm32cubeide_1.5.1/stm32cubeide/plugins/com.st.stm32cube.ide.mcu.externaltools.gnu-tools-for-stm32.7-2018-q2-update.win32_1.5.0.202011040924/tools/bin/../lib/gcc/arm-none-eabi/7.3.1/../../../../arm-none-eabi/lib/thumb/v7e-m/fpv4-sp/hard\libc_nano.a(lib_a-errno.o)
                              Core/Src/syscalls.o (__errno)
c:/users/owner/stm32cubeide_1.5.1/stm32cubeide/plugins/com.st.stm32cube.ide.mcu.externaltools.gnu-tools-for-stm32.7-2018-q2-update.win32_1.5.0.202011040924/tools/bin/../lib/gcc/arm-none-eabi/7.3.1/../../../../arm-none-eabi/lib/thumb/v7e-m/fpv4-sp/hard\libc_nano.a(lib_a-exit.o)
                              c:/users/owner/stm32cubeide_1.5.1/stm32cubeide/plugins/com.st.stm32cube.ide.mcu.externaltools.gnu-tools-for-stm32.7-2018-q2-update.win32_1.5.0.202011040924/tools/bin/../lib/gcc/arm-none-eabi/7.3.1/../../../../arm-none-eabi/lib/thumb/v7e-m/fpv4-sp/hard/crt0.o (exit)
c:/users/owner/stm32cubeide_1.5.1/stm32cubeide/plugins/com.st.stm32cube.ide.mcu.externaltools.gnu-tools-for-stm32.7-2018-q2-update.win32_1.5.0.202011040924/tools/bin/../lib/gcc/arm-none-eabi/7.3.1/../../../../arm-none-eabi/lib/thumb/v7e-m/fpv4-sp/hard\libc_nano.a(lib_a-impure.o)
                              c:/users/owner/stm32cubeide_1.5.1/stm32cubeide/plugins/com.st.stm32cube.ide.mcu.externaltools.gnu-tools-for-stm32.7-2018-q2-update.win32_1.5.0.202011040924/tools/bin/../lib/gcc/arm-none-eabi/7.3.1/../../../../arm-none-eabi/lib/thumb/v7e-m/fpv4-sp/hard\libc_nano.a(lib_a-exit.o) (_global_impure_ptr)
c:/users/owner/stm32cubeide_1.5.1/stm32cubeide/plugins/com.st.stm32cube.ide.mcu.externaltools.gnu-tools-for-stm32.7-2018-q2-update.win32_1.5.0.202011040924/tools/bin/../lib/gcc/arm-none-eabi/7.3.1/../../../../arm-none-eabi/lib/thumb/v7e-m/fpv4-sp/hard\libc_nano.a(lib_a-init.o)
                              c:/users/owner/stm32cubeide_1.5.1/stm32cubeide/plugins/com.st.stm32cube.ide.mcu.externaltools.gnu-tools-for-stm32.7-2018-q2-update.win32_1.5.0.202011040924/tools/bin/../lib/gcc/arm-none-eabi/7.3.1/../../../../arm-none-eabi/lib/thumb/v7e-m/fpv4-sp/hard/crt0.o (__libc_init_array)
c:/users/owner/stm32cubeide_1.5.1/stm32cubeide/plugins/com.st.stm32cube.ide.mcu.externaltools.gnu-tools-for-stm32.7-2018-q2-update.win32_1.5.0.202011040924/tools/bin/../lib/gcc/arm-none-eabi/7.3.1/../../../../arm-none-eabi/lib/thumb/v7e-m/fpv4-sp/hard\libc_nano.a(lib_a-memcpy-stub.o)
                              Core/Src/flash.o (memcpy)
c:/users/owner/stm32cubeide_1.5.1/stm32cubeide/plugins/com.st.stm32cube.ide.mcu.externaltools.gnu-tools-for-stm32.7-2018-q2-update.win32_1.5.0.202011040924/tools/bin/../lib/gcc/arm-none-eabi/7.3.1/../../../../arm-none-eabi/lib/thumb/v7e-m/fpv4-sp/hard\libc_nano.a(lib_a-memset.o)
                              c:/users/owner/stm32cubeide_1.5.1/stm32cubeide/plugins/com.st.stm32cube.ide.mcu.externaltools.gnu-tools-for-stm32.7-2018-q2-update.win32_1.5.0.202011040924/tools/bin/../lib/gcc/arm-none-eabi/7.3.1/../../../../arm-none-eabi/lib/thumb/v7e-m/fpv4-sp/hard/crt0.o (memset)
c:/users/owner/stm32cubeide_1.5.1/stm32cubeide/plugins/com.st.stm32cube.ide.mcu.externaltools.gnu-tools-for-stm32.7-2018-q2-update.win32_1.5.0.202011040924/tools/bin/../lib/gcc/arm-none-eabi/7.3.1/thumb/v7e-m/fpv4-sp/hard\libgcc.a(_arm_addsubdf3.o)
                              Core/Src/line_sensor.o (__aeabi_dsub)
c:/users/owner/stm32cubeide_1.5.1/stm32cubeide/plugins/com.st.stm32cube.ide.mcu.externaltools.gnu-tools-for-stm32.7-2018-q2-update.win32_1.5.0.202011040924/tools/bin/../lib/gcc/arm-none-eabi/7.3.1/thumb/v7e-m/fpv4-sp/hard\libgcc.a(_arm_muldivdf3.o)
                              Core/Src/encoder.o (__aeabi_dmul)
c:/users/owner/stm32cubeide_1.5.1/stm32cubeide/plugins/com.st.stm32cube.ide.mcu.externaltools.gnu-tools-for-stm32.7-2018-q2-update.win32_1.5.0.202011040924/tools/bin/../lib/gcc/arm-none-eabi/7.3.1/thumb/v7e-m/fpv4-sp/hard\libgcc.a(_arm_cmpdf2.o)
                              Core/Src/motor.o (__aeabi_dcmplt)
c:/users/owner/stm32cubeide_1.5.1/stm32cubeide/plugins/com.st.stm32cube.ide.mcu.externaltools.gnu-tools-for-stm32.7-2018-q2-update.win32_1.5.0.202011040924/tools/bin/../lib/gcc/arm-none-eabi/7.3.1/thumb/v7e-m/fpv4-sp/hard\libgcc.a(_arm_truncdfsf2.o)
                              Core/Src/encoder.o (__aeabi_d2f)
c:/users/owner/stm32cubeide_1.5.1/stm32cubeide/plugins/com.st.stm32cube.ide.mcu.externaltools.gnu-tools-for-stm32.7-2018-q2-update.win32_1.5.0.202011040924/tools/bin/../lib/gcc/arm-none-eabi/7.3.1/thumb/v7e-m/fpv4-sp/hard\libgcc.a(_aeabi_uldivmod.o)
[...]
Memory Configuration

Name             Origin             Length             Attributes
CCMRAM           0x0000000010000000 0x0000000000010000 xrw
RAM              0x0000000020000000 0x0000000000020000 xrw
FLASH_SECTOR0    0x0000000008000000 0x0000000000004000 xr
FLASH_DATA       0x0000000008004000 0x000000000001c000 r
FLASH            0x0000000008020000 0x00000000000e0000 xr
*default*        0x0000000000000000 0xffffffffffffffff

Linker script and memory map

LOAD c:/users/owner/stm32cubeide_1.5.1/stm32cubeide/plugins/com.st.stm32cube.ide.mcu.externaltools.gnu-tools-for-stm32.7-2018-q2-update.win32_1.5.0.202011040924/tools/bin/../lib/gcc/arm-none-eabi/7.3.1/thumb/v7e-m/fpv4-sp/hard/crti.o
LOAD c:/users/owner/stm32cubeide_1.5.1/stm32cubeide/plugins/com.st.stm32cube.ide.mcu.externaltools.gnu-tools-for-stm32.7-2018-q2-update.win32_1.5.0.202011040924/tools/bin/../lib/gcc/arm-none-eabi/7.3.1/thumb/v7e-m/fpv4-sp/hard/crtbegin.o
LOAD c:/users/owner/stm32cubeide_1.5.1/stm32cubeide/plugins/com.st.stm32cube.ide.mcu.externaltools.gnu-tools-for-stm32.7-2018-q2-update.win32_1.5.0.202011040924/tools/bin/../lib/gcc/arm-none-eabi/7.3.1/../../../../arm-none-eabi/lib/thumb/v7e-m/fpv4-sp/hard/crt0.o
LOAD Core/Src/encoder.o
LOAD Core/Src/flash.o
LOAD Core/Src/iim_42652.o
LOAD Core/Src/led.o
LOAD Core/Src/line_sensor.o
LOAD Core/Src/line_trace.o
LOAD Core/Src/logger.o
LOAD Core/Src/main.o
LOAD Core/Src/motor.o
LOAD Core/Src/rotary_switch.o
LOAD Core/Src/run.o
LOAD Core/Src/side_sensor.o
LOAD Core/Src/stm32f4xx_hal_msp.o
LOAD Core/Src/stm32f4xx_it.o
LOAD Core/Src/syscalls.o
LOAD Core/Src/sysmem.o
LOAD Core/Src/system_stm32f4xx.o
LOAD Core/Src/test.o
LOAD Core/Src/velocity_control.o
LOAD Core/Src/wrapper.o
LOAD Core/Startup/startup_stm32f405rgtx.o
LOAD Drivers/STM32F4xx_HAL_Driver/Src/stm32f4xx_hal.o
LOAD Drivers/STM32F4xx_HAL_Driver/Src/stm32f4xx_hal_adc.o
LOAD Drivers/STM32F4xx_HAL_Driver/Src/stm32f4xx_hal_adc_ex.o
LOAD Drivers/STM32F4xx_HAL_Driver/Src/stm32f4xx_hal_cortex.o
LOAD Drivers/STM32F4xx_HAL_Driver/Src/stm32f4xx_hal_dma.o
LOAD Drivers/STM32F4xx_HAL_Driver/Src/stm32f4xx_hal_dma_ex.o
LOAD Drivers/STM32F4xx_HAL_Driver/Src/stm32f4xx_hal_exti.o
LOAD Drivers/STM32F4xx_HAL_Driver/Src/stm32f4xx_hal_flash.o
LOAD Drivers/STM32F4xx_HAL_Driver/Src/stm32f4xx_hal_flash_ex.o
LOAD Drivers/STM32F4xx_HAL_Driver/Src/stm32f4xx_hal_flash_ramfunc.o
LOAD Drivers/STM32F4xx_HAL_Driver/Src/stm32f4xx_hal_gpio.o
LOAD Drivers/STM32F4xx_HAL_Driver/Src/stm32f4xx_hal_i2c.o
LOAD Drivers/STM32F4xx_HAL_Driver/Src/stm32f4xx_hal_i2c_ex.o
LOAD Drivers/STM32F4xx_HAL_Driver/Src/stm32f4xx_hal_pwr.o
LOAD Drivers/STM32F4xx_HAL_Driver/Src/stm32f4xx_hal_pwr_ex.o
LOAD Drivers/STM32F4xx_HAL_Driver/Src/stm32f4xx_hal_rcc.o
LOAD Drivers/STM32F4xx_HAL_Driver/Src/stm32f4xx_hal_rcc_ex.o
LOAD Drivers/STM32F4xx_HAL_Driver/Src/stm32f4xx_hal_spi.o
LOAD Drivers/STM32F4xx_HAL_Driver/Src/stm32f4xx_hal_tim.o
LOAD Drivers/STM32F4xx_HAL_Driver/Src/stm32f4xx_hal_tim_ex.o
START GROUP
LOAD c:/users/owner/stm32cubeide_1.5.1/stm32cubeide/plugins/com.st.stm32cube.ide.mcu.externaltools.gnu-tools-for-stm32.7-2018-q2-update.win32_1.5.0.202011040924/tools/bin/../lib/gcc/arm-none-eabi/7.3.1/../../../../arm-none-eabi/lib/thumb/v7e-m/fpv4-sp/hard\libstdc++_nano.a
LOAD c:/users/owner/stm32cubeide_1.5.1/stm32cubeide/plugins/com.st.stm32cube.ide.mcu.externaltools.gnu-tools-for-stm32.7-2018-q2-update.win32_1.5.0.202011040924/tools/bin/../lib/gcc/arm-none-eabi/7.3.1/../../../../arm-none-eabi/lib/thumb/v7e-m/fpv4-sp/hard\libsupc++_nano.a
END GROUP
LOAD c:/users/owner/stm32cubeide_1.5.1/stm32cubeide/plugins/com.st.stm32cube.ide.mcu.externaltools.gnu-tools-for-stm32.7-2018-q2-update.win32_1.5.0.202011040924/tools/bin/../lib/gcc/arm-none-eabi/7.3.1/../../../../arm-none-eabi/lib/thumb/v7e-m/fpv4-sp/hard\libstdc++_nano.a
LOAD c:/users/owner/stm32cubeide_1.5.1/stm32cubeide/plugins/com.st.stm32cube.ide.mcu.externaltools.gnu-tools-for-stm32.7-2018-q2-update.win32_1.5.0.202011040924/tools/bin/../lib/gcc/arm-none-eabi/7.3.1/../../../../arm-none-eabi/lib/thumb/v7e-m/fpv4-sp/hard\libm.a
LOAD c:/users/owner/stm32cubeide_1.5.1/stm32cubeide/plugins/com.st.stm32cube.ide.mcu.externaltools.gnu-tools-for-stm32.7-2018-q2-update.win32_1.5.0.202011040924/tools/bin/../lib/gcc/arm-none-eabi/7.3.1/../../../../arm-none-eabi/lib/thumb/v7e-m/fpv4-sp/hard\libc_nano.a
START GROUP
LOAD c:/users/owner/stm32cubeide_1.5.1/stm32cubeide/plugins/com.st.stm32cube.ide.mcu.externaltools.gnu-tools-for-stm32.7-2018-q2-update.win32_1.5.0.202011040924/tools/bin/../lib/gcc/arm-none-eabi/7.3.1/thumb/v7e-m/fpv4-sp/hard\libgcc.a
LOAD c:/users/owner/stm32cubeide_1.5.1/stm32cubeide/plugins/com.st.stm32cube.ide.mcu.externaltools.gnu-tools-for-stm32.7-2018-q2-update.win32_1.5.0.202011040924/tools/bin/../lib/gcc/arm-none-eabi/7.3.1/../../../../arm-none-eabi/lib/thumb/v7e-m/fpv4-sp/hard\libc_nano.a
END GROUP
START GROUP
LOAD c:/users/owner/stm32cubeide_1.5.1/stm32cubeide/plugins/com.st.stm32cube.ide.mcu.externaltools.gnu-tools-for-stm32.7-2018-q2-update.win32_1.5.0.202011040924/tools/bin/../lib/gcc/arm-none-eabi/7.3.1/thumb/v7e-m/fpv4-sp/hard\libgcc.a
LOAD c:/users/owner/stm32cubeide_1.5.1/stm32cubeide/plugins/com.st.stm32cube.ide.mcu.externaltools.gnu-tools-for-stm32.7-2018-q2-update.win32_1.5.0.202011040924/tools/bin/../lib/gcc/arm-none-eabi/7.3.1/../../../../arm-none-eabi/lib/thumb/v7e-m/fpv4-sp/hard\libc_nano.a
LOAD c:/users/owner/stm32cubeide_1.5.1/stm32cubeide/plugins/com.st.stm32cube.ide.mcu.externaltools.gnu-tools-for-stm32.7-2018-q2-update.win32_1.5.0.202011040924/tools/bin/../lib/gcc/arm-none-eabi/7.3.1/../../../../arm-none-eabi/lib/thumb/v7e-m/fpv4-sp/hard\libnosys.a
END GROUP
START GROUP
LOAD c:/users/owner/stm32cubeide_1.5.1/stm32cubeide/plugins/com.st.stm32cube.ide.mcu.externaltools.gnu-tools-for-stm32.7-2018-q2-update.win32_1.5.0.202011040924/tools/bin/../lib/gcc/arm-none-eabi/7.3.1/thumb/v7e-m/fpv4-sp/hard\libgcc.a
LOAD c:/users/owner/stm32cubeide_1.5.1/stm32cubeide/plugins/com.st.stm32cube.ide.mcu.externaltools.gnu-tools-for-stm32.7-2018-q2-update.win32_1.5.0.202011040924/tools/bin/../lib/gcc/arm-none-eabi/7.3.1/../../../../arm-none-eabi/lib/thumb/v7e-m/fpv4-sp/hard\libc_nano.a
LOAD c:/users/owner/stm32cubeide_1.5.1/stm32cubeide/plugins/com.st.stm32cube.ide.mcu.externaltools.gnu-tools-for-stm32.7-2018-q2-update.win32_1.5.0.202011040924/tools/bin/../lib/gcc/arm-none-eabi/7.3.1/../../../../arm-none-eabi/lib/thumb/v7e-m/fpv4-sp/hard\libnosys.a
END GROUP
LOAD c:/users/owner/stm32cubeide_1.5.1/stm32cubeide/plugins/com.st.stm32cube.ide.mcu.externaltools.gnu-tools-for-stm32.7-2018-q2-update.win32_1.5.0.202011040924/tools/bin/../lib/gcc/arm-none-eabi/7.3.1/thumb/v7e-m/fpv4-sp/hard/crtend.o
LOAD c:/users/owner/stm32cubeide_1.5.1/stm32cubeide/plugins/com.st.stm32cube.ide.mcu.externaltools.gnu-tools-for-stm32.7-2018-q2-update.win32_1.5.0.202011040924/tools/bin/../lib/gcc/arm-none-eabi/7.3.1/thumb/v7e-m/fpv4-sp/hard/crtn.o
                0x0000000020020000                _estack = (ORIGIN (RAM) + LENGTH (RAM))
                0x0000000000000200                _Min_Heap_Size = 0x200
                0x0000000000000400                _Min_Stack_Size = 0x400

.isr_vector     0x0000000008000000      0x188
                0x0000000008000000                . = ALIGN (0x4)
 *(.isr_vector)
 .isr_vector    0x0000000008000000      0x188 Core/Startup/startup_stm32f405rgtx.o
                0x0000000008000000                g_pfnVectors
                0x0000000008000188                . = ALIGN (0x4)

.text           0x0000000008020000     0x6df0
                0x0000000008020000                . = ALIGN (0x4)
 *(.text)
 .text          0x0000000008020000       0x40 c:/users/owner/stm32cubeide_1.5.1/stm32cubeide/plugins/com.st.stm32cube.ide.mcu.externaltools.gnu-tools-for-stm32.7-2018-q2-update.win32_1.5.0.202011040924/tools/bin/../lib/gcc/arm-none-eabi/7.3.1/thumb/v7e-m/fpv4-sp/hard/crtbegin.o
 .text          0x0000000008020040      0x378 c:/users/owner/stm32cubeide_1.5.1/stm32cubeide/plugins/com.st.stm32cube.ide.mcu.externaltools.gnu-tools-for-stm32.7-2018-q2-update.win32_1.5.0.202011040924/tools/bin/../lib/gcc/arm-none-eabi/7.3.1/thumb/v7e-m/fpv4-sp/hard\libgcc.a(_arm_addsubdf3.o)
                0x0000000008020040                __aeabi_drsub
                0x0000000008020048                __aeabi_dsub
                0x0000000008020048                __subdf3
                0x000000000802004c                __aeabi_dadd
                0x000000000802004c                __adddf3
                0x00000000080202c4                __floatunsidf
                0x00000000080202c4                __aeabi_ui2d
                0x00000000080202e4                __floatsidf
                0x00000000080202e4                __aeabi_i2d
                0x0000000008020308                __aeabi_f2d
                0x0000000008020308                __extendsfdf2
                0x000000000802034c                __floatundidf
                0x000000000802034c                __aeabi_ul2d
                0x000000000802035c                __floatdidf
                0x000000000802035c                __aeabi_l2d
 .text          0x00000000080203b8      0x424 c:/users/owner/stm32cubeide_1.5.1/stm32cubeide/plugins/com.st.stm32cube.ide.mcu.externaltools.gnu-tools-for-stm32.7-2018-q2-update.win32_1.5.0.202011040924/tools/bin/../lib/gcc/arm-none-eabi/7.3.1/thumb/v7e-m/fpv4-sp/hard\libgcc.a(_arm_muldivdf3.o)
                0x00000000080203b8                __aeabi_dmul
                0x00000000080203b8                __muldf3
                0x000000000802060c                __divdf3
                0x000000000802060c                __aeabi_ddiv
 .text          0x00000000080207dc      0x110 c:/users/owner/stm32cubeide_1.5.1/stm32cubeide/plugins/com.st.stm32cube.ide.mcu.externaltools.gnu-tools-for-stm32.7-2018-q2-update.win32_1.5.0.202011040924/tools/bin/../lib/gcc/arm-none-eabi/7.3.1/thumb/v7e-m/fpv4-sp/hard\libgcc.a(_arm_cmpdf2.o)
                0x00000000080207dc                __gtdf2
                0x00000000080207dc                __gedf2
                0x00000000080207e4                __ltdf2
                0x00000000080207e4                __ledf2
                0x00000000080207ec                __nedf2
                0x00000000080207ec                __eqdf2
                0x00000000080207ec                __cmpdf2
                0x0000000008020868                __aeabi_cdrcmple
                0x0000000008020878                __aeabi_cdcmpeq
                0x0000000008020878                __aeabi_cdcmple
                0x0000000008020888                __aeabi_dcmpeq
                0x000000000802089c                __aeabi_dcmplt
                0x00000000080208b0                __aeabi_dcmple
                0x00000000080208c4                __aeabi_dcmpge
                0x00000000080208d8                __aeabi_dcmpgt
 .text          0x00000000080208ec       0xa0 c:/users/owner/stm32cubeide_1.5.1/stm32cubeide/plugins/com.st.stm32cube.ide.mcu.externaltools.gnu-tools-for-stm32.7-2018-q2-update.win32_1.5.0.202011040924/tools/bin/../lib/gcc/arm-none-eabi/7.3.1/thumb/v7e-m/fpv4-sp/hard\libgcc.a(_arm_truncdfsf2.o)
                0x00000000080208ec                __truncdfsf2
                0x00000000080208ec                __aeabi_d2f
 .text          0x000000000802098c       0x30 c:/users/owner/stm32cubeide_1.5.1/stm32cubeide/plugins/com.st.stm32cube.ide.mcu.externaltools.gnu-tools-for-stm32.7-2018-q2-update.win32_1.5.0.202011040924/tools/bin/../lib/gcc/arm-none-eabi/7.3.1/thumb/v7e-m/fpv4-sp/hard\libgcc.a(_aeabi_uldivmod.o)
                0x000000000802098c                __aeabi_uldivmod
 .text          0x00000000080209bc      0x2cc c:/users/owner/stm32cubeide_1.5.1/stm32cubeide/plugins/com.st.stm32cube.ide.mcu.externaltools.gnu-tools-for-stm32.7-2018-q2-update.win32_1.5.0.202011040924/tools/bin/../lib/gcc/arm-none-eabi/7.3.1/thumb/v7e-m/fpv4-sp/hard\libgcc.a(_udivmoddi4.o)
                0x00000000080209bc                __udivmoddi4
 .text          0x0000000008020c88        0x4 c:/users/owner/stm32cubeide_1.5.1/stm32cubeide/plugins/com.st.stm32cube.ide.mcu.externaltools.gnu-tools-for-stm32.7-2018-q2-update.win32_1.5.0.202011040924/tools/bin/../lib/gcc/arm-none-eabi/7.3.1/thumb/v7e-m/fpv4-sp/hard\libgcc.a(_dvmd_tls.o)
                0x0000000008020c88                __aeabi_idiv0
                0x0000000008020c88                __aeabi_ldiv0
 *(.text*)
 .text._ZN7EncoderC2Ev
                0x0000000008020c8c       0x2e Core/Src/encoder.o
                0x0000000008020c8c                Encoder::Encoder()
                0x0000000008020c8c                Encoder::Encoder()
 *fill*         0x0000000008020cba        0x2 
 .text._ZN7Encoder4InitEv
                0x0000000008020cbc       0x64 Core/Src/encoder.o
                0x0000000008020cbc                Encoder::Init()
 .text._ZN8Iim42652C2Ev
                0x0000000008020d20       0x22 Core/Src/iim_42652.o
                0x0000000008020d20                Iim42652::Iim42652()
                0x0000000008020d20                Iim42652::Iim42652()
 .text._ZN3LedC2Ev
                0x0000000008020d42       0x22 Core/Src/led.o
                0x0000000008020d42                Led::Led()
                0x0000000008020d42                Led::Led()
 .text._ZN3Led10ColorOrderEc
                0x0000000008020d64      0x1b8 Core/Src/led.o
                0x0000000008020d64                Led::ColorOrder(char)
 .text._ZN3Led5BlinkEhcc
                0x0000000008020f1c       0x5a Core/Src/led.o
                0x0000000008020f1c                Led::Blink(unsigned char, char, char)
 .text._ZN10LineSensorC2Ev
                0x0000000008020f76       0x80 Core/Src/line_sensor.o
                0x0000000008020f76                LineSensor::LineSensor()
                0x0000000008020f76                LineSensor::LineSensor()
 *fill*         0x0000000008020ff6        0x2 
 .text._ZN10LineSensor4InitEv
                0x0000000008020ff8       0x74 Core/Src/line_sensor.o
                0x0000000008020ff8                LineSensor::Init()
 .text._ZN10LineSensor20StoreConsecutiveBuffEv
                0x000000000802106c       0x6c Core/Src/line_sensor.o
                0x000000000802106c                LineSensor::StoreConsecutiveBuff()
 .text._ZN10LineSensor9MergeSortEPthh
                0x00000000080210d8      0x1a2 Core/Src/line_sensor.o
                0x00000000080210d8                LineSensor::MergeSort(unsigned short*, unsigned char, unsigned char)
 *fill*         0x000000000802127a        0x2 
 .text._ZN10LineSensor6UpdateEv
                0x000000000802127c      0x1d0 Core/Src/line_sensor.o
                0x000000000802127c                LineSensor::Update()
 .text._ZN10LineSensor19LeftRightDifferenceEv
                0x000000000802144c       0xac Core/Src/line_sensor.o
                0x000000000802144c                LineSensor::LeftRightDifference()
 .text._ZN10LineSensor20GetEmergencyStopFlagEv
                0x00000000080214f8       0x1a Core/Src/line_sensor.o
                0x00000000080214f8                LineSensor::GetEmergencyStopFlag()
 *fill*         0x0000000008021512        0x2 
 .text._ZN10LineSensor16CheckCalibrationEv
                0x0000000008021514       0xb8 Core/Src/line_sensor.o
                0x0000000008021514                LineSensor::CheckCalibration()
 .text._ZN10LineSensor15MonitorLineBuffEv
                0x00000000080215cc       0x3c Core/Src/line_sensor.o
                0x00000000080215cc                LineSensor::MonitorLineBuff()
 .text._ZN9LineTraceC2EP10LineSensor
                0x0000000008021608       0x26 Core/Src/line_trace.o
                0x0000000008021608                LineTrace::LineTrace(LineSensor*)
                0x0000000008021608                LineTrace::LineTrace(LineSensor*)
 .text._ZN9LineTrace13LineTraceOnlyEv
                0x000000000802162e       0x3a Core/Src/line_trace.o
                0x000000000802162e                LineTrace::LineTraceOnly()
 .text._ZN9LineTrace10PidControlEfff
                0x0000000008021668      0x174 Core/Src/line_trace.o
                0x0000000008021668                LineTrace::PidControl(float, float, float)
 .text._ZN9LineTrace16SetIntegralErrorEf
                0x00000000080217dc       0x2c Core/Src/line_trace.o
                0x00000000080217dc                LineTrace::SetIntegralError(float)
 .text._ZN6LoggerC2Ev
                0x0000000008021808      0x10c Core/Src/logger.o
                0x0000000008021808                Logger::Logger()
                0x0000000008021808                Logger::Logger()
 .text.HAL_TIM_PeriodElapsedCallback
                0x0000000008021914       0x44 Core/Src/main.o
                0x0000000008021914                HAL_TIM_PeriodElapsedCallback
 .text.main     0x0000000008021958       0x4e Core/Src/main.o
                0x0000000008021958                main
 *fill*         0x00000000080219a6        0x2 
 .text.SystemClock_Config
                0x00000000080219a8       0xd4 Core/Src/main.o
                0x00000000080219a8                SystemClock_Config
 .text.MX_ADC1_Init
                0x0000000008021a7c      0x210 Core/Src/main.o
 .text.MX_I2C2_Init
                0x0000000008021c8c       0x5c Core/Src/main.o
 .text.MX_SPI3_Init
                0x0000000008021ce8       0x6c Core/Src/main.o
 .text.MX_TIM1_Init
                0x0000000008021d54      0x120 Core/Src/main.o
 .text.MX_TIM2_Init
                0x0000000008021e74       0x9c Core/Src/main.o
 .text.MX_TIM3_Init
                0x0000000008021f10       0xf4 Core/Src/main.o
 .text.MX_TIM4_Init
                0x0000000008022004       0xa8 Core/Src/main.o
 .text.MX_TIM5_Init
                0x00000000080220ac       0x9c Core/Src/main.o
 .text.MX_TIM6_Init
                0x0000000008022148       0x6c Core/Src/main.o
 .text.MX_TIM7_Init
                0x00000000080221b4       0x6c Core/Src/main.o
 .text.MX_TIM8_Init
                0x0000000008022220       0xb0 Core/Src/main.o
 .text.MX_TIM11_Init
                0x00000000080222d0       0x9c Core/Src/main.o
 .text.MX_TIM12_Init
                0x000000000802236c       0x8c Core/Src/main.o
 .text.MX_DMA_Init
                0x00000000080223f8       0x40 Core/Src/main.o
 .text.MX_GPIO_Init
                0x0000000008022438      0x1a0 Core/Src/main.o
 .text.Error_Handler
                0x00000000080225d8        0x8 Core/Src/main.o
                0x00000000080225d8                Error_Handler
 .text._ZN5Motor4InitEv
                0x00000000080225e0       0x60 Core/Src/motor.o
                0x00000000080225e0                Motor::Init()
 .text._ZN5Motor5DriveEff
                0x0000000008022640      0x274 Core/Src/motor.o
                0x0000000008022640                Motor::Drive(float, float)
 .text._ZN12RotarySwitch5StateEv
                0x00000000080228b4       0xa0 Core/Src/rotary_switch.o
                0x00000000080228b4                RotarySwitch::State()
 .text._ZN10SideSensorC2Ev
                0x0000000008022954       0x40 Core/Src/side_sensor.o
                0x0000000008022954                SideSensor::SideSensor()
                0x0000000008022954                SideSensor::SideSensor()
 .text._ZN10SideSensor11UpdateStateEv
                0x0000000008022994      0x140 Core/Src/side_sensor.o
                0x0000000008022994                SideSensor::UpdateState()
 .text._ZN10SideSensor6UpdateEv
                0x0000000008022ad4       0xa0 Core/Src/side_sensor.o
                0x0000000008022ad4                SideSensor::Update()
 .text._ZN10SideSensor14NoiseToleranceEv
                0x0000000008022b74       0xa0 Core/Src/side_sensor.o
                0x0000000008022b74                SideSensor::NoiseTolerance()
 .text._ZN10SideSensor12ConfirmStateEv
                0x0000000008022c14       0xde Core/Src/side_sensor.o
                0x0000000008022c14                SideSensor::ConfirmState()
 .text._ZN10SideSensor7CountUpEv
                0x0000000008022cf2      0x180 Core/Src/side_sensor.o
                0x0000000008022cf2                SideSensor::CountUp()
 *fill*         0x0000000008022e72        0x2 
 .text._ZN10SideSensor7MonitorEv
                0x0000000008022e74      0x13c Core/Src/side_sensor.o
                0x0000000008022e74                SideSensor::Monitor()
 .text.HAL_MspInit
                0x0000000008022fb0       0x50 Core/Src/stm32f4xx_hal_msp.o
                0x0000000008022fb0                HAL_MspInit
 .text.HAL_ADC_MspInit
                0x0000000008023000      0x128 Core/Src/stm32f4xx_hal_msp.o
                0x0000000008023000                HAL_ADC_MspInit
 .text.HAL_I2C_MspInit
                0x0000000008023128       0x90 Core/Src/stm32f4xx_hal_msp.o
                0x0000000008023128                HAL_I2C_MspInit
 .text.HAL_SPI_MspInit
                0x00000000080231b8       0x90 Core/Src/stm32f4xx_hal_msp.o
                0x00000000080231b8                HAL_SPI_MspInit
 .text.HAL_TIM_PWM_MspInit
                0x0000000008023248       0x9c Core/Src/stm32f4xx_hal_msp.o
                0x0000000008023248                HAL_TIM_PWM_MspInit
 .text.HAL_TIM_Base_MspInit
                0x00000000080232e4      0x12c Core/Src/stm32f4xx_hal_msp.o
                0x00000000080232e4                HAL_TIM_Base_MspInit
 .text.HAL_TIM_Encoder_MspInit
                0x0000000008023410       0xfc Core/Src/stm32f4xx_hal_msp.o
                0x0000000008023410                HAL_TIM_Encoder_MspInit
 .text.HAL_TIM_MspPostInit
                0x000000000802350c      0x1a4 Core/Src/stm32f4xx_hal_msp.o
                0x000000000802350c                HAL_TIM_MspPostInit
 .text.NMI_Handler
                0x00000000080236b0        0x6 Core/Src/stm32f4xx_it.o
                0x00000000080236b0                NMI_Handler
 .text.HardFault_Handler
                0x00000000080236b6        0x6 Core/Src/stm32f4xx_it.o
                0x00000000080236b6                HardFault_Handler
 .text.MemManage_Handler
                0x00000000080236bc        0x6 Core/Src/stm32f4xx_it.o
                0x00000000080236bc                MemManage_Handler
 .text.BusFault_Handler
                0x00000000080236c2        0x6 Core/Src/stm32f4xx_it.o
                0x00000000080236c2                BusFault_Handler
 .text.UsageFault_Handler
                0x00000000080236c8        0x6 Core/Src/stm32f4xx_it.o
                0x00000000080236c8                UsageFault_Handler
 .text.SVC_Handler
                0x00000000080236ce        0xe Core/Src/stm32f4xx_it.o
                0x00000000080236ce                SVC_Handler
 .text.DebugMon_Handler
                0x00000000080236dc        0xe Core/Src/stm32f4xx_it.o
                0x00000000080236dc                DebugMon_Handler
 .text.PendSV_Handler
                0x00000000080236ea        0xe Core/Src/stm32f4xx_it.o
                0x00000000080236ea                PendSV_Handler
 .text.SysTick_Handler
                0x00000000080236f8        0xc Core/Src/stm32f4xx_it.o
                0x00000000080236f8                SysTick_Handler
 .text.TIM2_IRQHandler
                0x0000000008023704       0x14 Core/Src/stm32f4xx_it.o
                0x0000000008023704                TIM2_IRQHandler
 .text.TIM5_IRQHandler
                0x0000000008023718       0x14 Core/Src/stm32f4xx_it.o
                0x0000000008023718                TIM5_IRQHandler
 .text.TIM6_DAC_IRQHandler
                0x000000000802372c       0x14 Core/Src/stm32f4xx_it.o
                0x000000000802372c                TIM6_DAC_IRQHandler
 .text.TIM7_IRQHandler
                0x0000000008023740       0x14 Core/Src/stm32f4xx_it.o
                0x0000000008023740                TIM7_IRQHandler
 .text.DMA2_Stream0_IRQHandler
                0x0000000008023754       0x14 Core/Src/stm32f4xx_it.o
                0x0000000008023754                DMA2_Stream0_IRQHandler
 .text.SystemInit
                0x0000000008023768       0x2c Core/Src/system_stm32f4xx.o
                0x0000000008023768                SystemInit
 .text._ZN4TestC2EP7EncoderP3LedP10LineSensorP9LineTraceP5MotorP12RotarySwitchP10SideSensorP15VelocityControl
                0x0000000008023794       0x4c Core/Src/test.o
                0x0000000008023794                Test::Test(Encoder*, Led*, LineSensor*, LineTrace*, Motor*, RotarySwitch*, SideSensor*, VelocityControl*)
                0x0000000008023794                Test::Test(Encoder*, Led*, LineSensor*, LineTrace*, Motor*, RotarySwitch*, SideSensor*, VelocityControl*)
 .text._ZN4Test4InitEv
                0x00000000080237e0       0x5c Core/Src/test.o
                0x00000000080237e0                Test::Init()
 .text._ZN4Test6Timer7Ev
                0x000000000802383c       0x1a Core/Src/test.o
                0x000000000802383c                Test::Timer7()
 .text._ZN4Test6Timer6Ev
                0x0000000008023856       0x22 Core/Src/test.o
                0x0000000008023856                Test::Timer6()
 .text._ZN4Test14TestLineSensorEv
                0x0000000008023878       0x8c Core/Src/test.o
                0x0000000008023878                Test::TestLineSensor()
 .text._ZN4Test14TestSideSensorEv
                0x0000000008023904       0x24 Core/Src/test.o
                0x0000000008023904                Test::TestSideSensor()
 .text._ZN4Test9TestMotorEv
                0x0000000008023928       0xf0 Core/Src/test.o
                0x0000000008023928                Test::TestMotor()
 .text._ZN4Test13TestLineTraceEv
                0x0000000008023a18       0x34 Core/Src/test.o
                0x0000000008023a18                Test::TestLineTrace()
 .text._ZN15VelocityControlC2EP7Encoder
                0x0000000008023a4c       0x26 Core/Src/velocity_control.o
                0x0000000008023a4c                VelocityControl::VelocityControl(Encoder*)
                0x0000000008023a4c                VelocityControl::VelocityControl(Encoder*)
 *fill*         0x0000000008023a72        0x2 
 .text.Init     0x0000000008023a74       0x14 Core/Src/wrapper.o
                0x0000000008023a74                Init
 .text.InterruptTim7
                0x0000000008023a88       0x20 Core/Src/wrapper.o
                0x0000000008023a88                InterruptTim7
 .text.InterruptTim6
                0x0000000008023aa8       0x20 Core/Src/wrapper.o
                0x0000000008023aa8                InterruptTim6
 .text.InterruptTim2
                0x0000000008023ac8       0x1c Core/Src/wrapper.o
                0x0000000008023ac8                InterruptTim2
 .text._Z41__static_initialization_and_destruction_0ii
                0x0000000008023ae4       0xa4 Core/Src/wrapper.o
 .text._GLOBAL__sub_I_encoder
                0x0000000008023b88       0x10 Core/Src/wrapper.o
 .text.Reset_Handler
                0x0000000008023b98       0x50 Core/Startup/startup_stm32f405rgtx.o
                0x0000000008023b98                Reset_Handler
 .text.Default_Handler
                0x0000000008023be8        0x2 Core/Startup/startup_stm32f405rgtx.o
                0x0000000008023be8                RTC_Alarm_IRQHandler
                0x0000000008023be8                HASH_RNG_IRQHandler
                0x0000000008023be8                EXTI2_IRQHandler
                0x0000000008023be8                TIM8_CC_IRQHandler
                0x0000000008023be8                TIM1_CC_IRQHandler
                0x0000000008023be8                DMA2_Stream5_IRQHandler
                0x0000000008023be8                DMA1_Stream5_IRQHandler
                0x0000000008023be8                PVD_IRQHandler
                0x0000000008023be8                SDIO_IRQHandler
                0x0000000008023be8                TAMP_STAMP_IRQHandler
                0x0000000008023be8                CAN2_RX1_IRQHandler
                0x0000000008023be8                EXTI3_IRQHandler
                0x0000000008023be8                TIM8_TRG_COM_TIM14_IRQHandler
                0x0000000008023be8                TIM1_UP_TIM10_IRQHandler
                0x0000000008023be8                TIM8_UP_TIM13_IRQHandler
                0x0000000008023be8                I2C3_ER_IRQHandler
                0x0000000008023be8                EXTI0_IRQHandler
                0x0000000008023be8                I2C2_EV_IRQHandler
                0x0000000008023be8                DMA1_Stream2_IRQHandler
                0x0000000008023be8                CAN1_RX0_IRQHandler
                0x0000000008023be8                FPU_IRQHandler
                0x0000000008023be8                OTG_HS_WKUP_IRQHandler
                0x0000000008023be8                CAN2_SCE_IRQHandler
                0x0000000008023be8                DMA2_Stream2_IRQHandler
                0x0000000008023be8                SPI1_IRQHandler
                0x0000000008023be8                TIM1_BRK_TIM9_IRQHandler
                0x0000000008023be8                CAN2_RX0_IRQHandler
                0x0000000008023be8                DMA2_Stream3_IRQHandler
                0x0000000008023be8                USART6_IRQHandler
                0x0000000008023be8                USART3_IRQHandler
                0x0000000008023be8                CAN1_RX1_IRQHandler
                0x0000000008023be8                UART5_IRQHandler
                0x0000000008023be8                TIM4_IRQHandler
                0x0000000008023be8                I2C1_EV_IRQHandler
                0x0000000008023be8                DMA1_Stream6_IRQHandler
                0x0000000008023be8                DMA1_Stream1_IRQHandler
                0x0000000008023be8                UART4_IRQHandler
                0x0000000008023be8                TIM3_IRQHandler
                0x0000000008023be8                RCC_IRQHandler
                0x0000000008023be8                TIM8_BRK_TIM12_IRQHandler
                0x0000000008023be8                Default_Handler
                0x0000000008023be8                EXTI15_10_IRQHandler
                0x0000000008023be8                ADC_IRQHandler
                0x0000000008023be8                DMA1_Stream7_IRQHandler
                0x0000000008023be8                CAN2_TX_IRQHandler
                0x0000000008023be8                DMA2_Stream7_IRQHandler
                0x0000000008023be8                I2C3_EV_IRQHandler
                0x0000000008023be8                EXTI9_5_IRQHandler
                0x0000000008023be8                RTC_WKUP_IRQHandler
                0x0000000008023be8                SPI2_IRQHandler
                0x0000000008023be8                OTG_HS_EP1_IN_IRQHandler
                0x0000000008023be8                DMA1_Stream0_IRQHandler
                0x0000000008023be8                CAN1_TX_IRQHandler
                0x0000000008023be8                EXTI4_IRQHandler
                0x0000000008023be8                FSMC_IRQHandler
                0x0000000008023be8                OTG_HS_EP1_OUT_IRQHandler
                0x0000000008023be8                WWDG_IRQHandler
                0x0000000008023be8                OTG_FS_WKUP_IRQHandler
                0x0000000008023be8                TIM1_TRG_COM_TIM11_IRQHandler
                0x0000000008023be8                OTG_HS_IRQHandler
                0x0000000008023be8                EXTI1_IRQHandler
                0x0000000008023be8                USART2_IRQHandler
                0x0000000008023be8                I2C2_ER_IRQHandler
                0x0000000008023be8                DMA2_Stream1_IRQHandler
                0x0000000008023be8                CAN1_SCE_IRQHandler
                0x0000000008023be8                FLASH_IRQHandler
                0x0000000008023be8                DMA2_Stream4_IRQHandler
                0x0000000008023be8                USART1_IRQHandler
                0x0000000008023be8                OTG_FS_IRQHandler
                0x0000000008023be8                SPI3_IRQHandler
                0x0000000008023be8                DMA1_Stream4_IRQHandler
                0x0000000008023be8                I2C1_ER_IRQHandler
                0x0000000008023be8                DMA2_Stream6_IRQHandler
                0x0000000008023be8                DMA1_Stream3_IRQHandler
 *fill*         0x0000000008023bea        0x2 
 .text.HAL_Init
                0x0000000008023bec       0x44 Drivers/STM32F4xx_HAL_Driver/Src/stm32f4xx_hal.o
                0x0000000008023bec                HAL_Init
 .text.HAL_InitTick
                0x0000000008023c30       0x60 Drivers/STM32F4xx_HAL_Driver/Src/stm32f4xx_hal.o
                0x0000000008023c30                HAL_InitTick
 .text.HAL_IncTick
                0x0000000008023c90       0x28 Drivers/STM32F4xx_HAL_Driver/Src/stm32f4xx_hal.o
                0x0000000008023c90                HAL_IncTick
 .text.HAL_GetTick
                0x0000000008023cb8       0x18 Drivers/STM32F4xx_HAL_Driver/Src/stm32f4xx_hal.o
                0x0000000008023cb8                HAL_GetTick
 .text.HAL_Delay
                0x0000000008023cd0       0x44 Drivers/STM32F4xx_HAL_Driver/Src/stm32f4xx_hal.o
                0x0000000008023cd0                HAL_Delay
 .text.HAL_ADC_Init
                0x0000000008023d14       0x86 Drivers/STM32F4xx_HAL_Driver/Src/stm32f4xx_hal_adc.o
                0x0000000008023d14                HAL_ADC_Init
 *fill*         0x0000000008023d9a        0x2 
 .text.HAL_ADC_Start_DMA
                0x0000000008023d9c      0x1e4 Drivers/STM32F4xx_HAL_Driver/Src/stm32f4xx_hal_adc.o
                0x0000000008023d9c                HAL_ADC_Start_DMA
 .text.HAL_ADC_ConvCpltCallback
                0x0000000008023f80       0x14 Drivers/STM32F4xx_HAL_Driver/Src/stm32f4xx_hal_adc.o
                0x0000000008023f80                HAL_ADC_ConvCpltCallback
 .text.HAL_ADC_ConvHalfCpltCallback
                0x0000000008023f94       0x14 Drivers/STM32F4xx_HAL_Driver/Src/stm32f4xx_hal_adc.o
                0x0000000008023f94                HAL_ADC_ConvHalfCpltCallback
 .text.HAL_ADC_ErrorCallback
                0x0000000008023fa8       0x14 Drivers/STM32F4xx_HAL_Driver/Src/stm32f4xx_hal_adc.o
                0x0000000008023fa8                HAL_ADC_ErrorCallback
 .text.HAL_ADC_ConfigChannel
                0x0000000008023fbc      0x244 Drivers/STM32F4xx_HAL_Driver/Src/stm32f4xx_hal_adc.o
                0x0000000008023fbc                HAL_ADC_ConfigChannel
 .text.ADC_Init
                0x0000000008024200      0x1f8 Drivers/STM32F4xx_HAL_Driver/Src/stm32f4xx_hal_adc.o
 .text.ADC_DMAConvCplt
                0x00000000080243f8       0xba Drivers/STM32F4xx_HAL_Driver/Src/stm32f4xx_hal_adc.o
 .text.ADC_DMAHalfConvCplt
                0x00000000080244b2       0x1c Drivers/STM32F4xx_HAL_Driver/Src/stm32f4xx_hal_adc.o
 .text.ADC_DMAError
                0x00000000080244ce       0x2e Drivers/STM32F4xx_HAL_Driver/Src/stm32f4xx_hal_adc.o
 .text.__NVIC_SetPriorityGrouping
                0x00000000080244fc       0x48 Drivers/STM32F4xx_HAL_Driver/Src/stm32f4xx_hal_cortex.o
 .text.__NVIC_GetPriorityGrouping
                0x0000000008024544       0x1c Drivers/STM32F4xx_HAL_Driver/Src/stm32f4xx_hal_cortex.o
 .text.__NVIC_EnableIRQ
                0x0000000008024560       0x3c Drivers/STM32F4xx_HAL_Driver/Src/stm32f4xx_hal_cortex.o
 .text.__NVIC_SetPriority
                0x000000000802459c       0x54 Drivers/STM32F4xx_HAL_Driver/Src/stm32f4xx_hal_cortex.o
 .text.NVIC_EncodePriority
                0x00000000080245f0       0x66 Drivers/STM32F4xx_HAL_Driver/Src/stm32f4xx_hal_cortex.o
 *fill*         0x0000000008024656        0x2 
 .text.SysTick_Config
                0x0000000008024658       0x44 Drivers/STM32F4xx_HAL_Driver/Src/stm32f4xx_hal_cortex.o
 .text.HAL_NVIC_SetPriorityGrouping
                0x000000000802469c       0x16 Drivers/STM32F4xx_HAL_Driver/Src/stm32f4xx_hal_cortex.o
                0x000000000802469c                HAL_NVIC_SetPriorityGrouping
 .text.HAL_NVIC_SetPriority
                0x00000000080246b2       0x38 Drivers/STM32F4xx_HAL_Driver/Src/stm32f4xx_hal_cortex.o
                0x00000000080246b2                HAL_NVIC_SetPriority
 .text.HAL_NVIC_EnableIRQ
                0x00000000080246ea       0x1c Drivers/STM32F4xx_HAL_Driver/Src/stm32f4xx_hal_cortex.o
                0x00000000080246ea                HAL_NVIC_EnableIRQ
 .text.HAL_SYSTICK_Config
                0x0000000008024706       0x18 Drivers/STM32F4xx_HAL_Driver/Src/stm32f4xx_hal_cortex.o
                0x0000000008024706                HAL_SYSTICK_Config
 *fill*         0x000000000802471e        0x2 
 .text.HAL_DMA_Init
                0x0000000008024720      0x15c Drivers/STM32F4xx_HAL_Driver/Src/stm32f4xx_hal_dma.o
                0x0000000008024720                HAL_DMA_Init
 .text.HAL_DMA_Start_IT
                0x000000000802487c       0xb0 Drivers/STM32F4xx_HAL_Driver/Src/stm32f4xx_hal_dma.o
                0x000000000802487c                HAL_DMA_Start_IT
 .text.HAL_DMA_IRQHandler
                0x000000000802492c      0x314 Drivers/STM32F4xx_HAL_Driver/Src/stm32f4xx_hal_dma.o
                0x000000000802492c                HAL_DMA_IRQHandler
 .text.DMA_SetConfig
                0x0000000008024c40       0x5c Drivers/STM32F4xx_HAL_Driver/Src/stm32f4xx_hal_dma.o
 .text.DMA_CalcBaseAndBitshift
                0x0000000008024c9c       0x6c Drivers/STM32F4xx_HAL_Driver/Src/stm32f4xx_hal_dma.o
 .text.DMA_CheckFifoParam
                0x0000000008024d08       0xf4 Drivers/STM32F4xx_HAL_Driver/Src/stm32f4xx_hal_dma.o
 .text.HAL_GPIO_Init
                0x0000000008024dfc      0x334 Drivers/STM32F4xx_HAL_Driver/Src/stm32f4xx_hal_gpio.o
                0x0000000008024dfc                HAL_GPIO_Init
 .text.HAL_GPIO_ReadPin
                0x0000000008025130       0x30 Drivers/STM32F4xx_HAL_Driver/Src/stm32f4xx_hal_gpio.o
                0x0000000008025130                HAL_GPIO_ReadPin
 .text.HAL_GPIO_WritePin
                0x0000000008025160       0x32 Drivers/STM32F4xx_HAL_Driver/Src/stm32f4xx_hal_gpio.o
                0x0000000008025160                HAL_GPIO_WritePin
 *fill*         0x0000000008025192        0x2 
 .text.HAL_I2C_Init
                0x0000000008025194      0x270 Drivers/STM32F4xx_HAL_Driver/Src/stm32f4xx_hal_i2c.o
                0x0000000008025194                HAL_I2C_Init
 .text.HAL_RCC_OscConfig
                0x0000000008025404      0x4e0 Drivers/STM32F4xx_HAL_Driver/Src/stm32f4xx_hal_rcc.o
                0x0000000008025404                HAL_RCC_OscConfig
 .text.HAL_RCC_ClockConfig
                0x00000000080258e4      0x1cc Drivers/STM32F4xx_HAL_Driver/Src/stm32f4xx_hal_rcc.o
                0x00000000080258e4                HAL_RCC_ClockConfig
 .text.HAL_RCC_GetSysClockFreq
                0x0000000008025ab0      0x164 Drivers/STM32F4xx_HAL_Driver/Src/stm32f4xx_hal_rcc.o
                0x0000000008025ab0                HAL_RCC_GetSysClockFreq
 .text.HAL_RCC_GetHCLKFreq
                0x0000000008025c14       0x18 Drivers/STM32F4xx_HAL_Driver/Src/stm32f4xx_hal_rcc.o
                0x0000000008025c14                HAL_RCC_GetHCLKFreq
 .text.HAL_RCC_GetPCLK1Freq
                0x0000000008025c2c       0x28 Drivers/STM32F4xx_HAL_Driver/Src/stm32f4xx_hal_rcc.o
                0x0000000008025c2c                HAL_RCC_GetPCLK1Freq
 .text.HAL_SPI_Init
                0x0000000008025c54       0xc8 Drivers/STM32F4xx_HAL_Driver/Src/stm32f4xx_hal_spi.o
                0x0000000008025c54                HAL_SPI_Init
 .text.HAL_TIM_Base_Init
                0x0000000008025d1c       0x56 Drivers/STM32F4xx_HAL_Driver/Src/stm32f4xx_hal_tim.o
                0x0000000008025d1c                HAL_TIM_Base_Init
 .text.HAL_TIM_Base_Start_IT
                0x0000000008025d72       0x48 Drivers/STM32F4xx_HAL_Driver/Src/stm32f4xx_hal_tim.o
                0x0000000008025d72                HAL_TIM_Base_Start_IT
 .text.HAL_TIM_PWM_Init
                0x0000000008025dba       0x56 Drivers/STM32F4xx_HAL_Driver/Src/stm32f4xx_hal_tim.o
                0x0000000008025dba                HAL_TIM_PWM_Init
 .text.HAL_TIM_PWM_Start
                0x0000000008025e10       0x7c Drivers/STM32F4xx_HAL_Driver/Src/stm32f4xx_hal_tim.o
                0x0000000008025e10                HAL_TIM_PWM_Start
 .text.HAL_TIM_Encoder_Init
                0x0000000008025e8c      0x124 Drivers/STM32F4xx_HAL_Driver/Src/stm32f4xx_hal_tim.o
                0x0000000008025e8c                HAL_TIM_Encoder_Init
 .text.HAL_TIM_Encoder_Start
                0x0000000008025fb0       0x6e Drivers/STM32F4xx_HAL_Driver/Src/stm32f4xx_hal_tim.o
                0x0000000008025fb0                HAL_TIM_Encoder_Start
 .text.HAL_TIM_IRQHandler
                0x000000000802601e      0x210 Drivers/STM32F4xx_HAL_Driver/Src/stm32f4xx_hal_tim.o
                0x000000000802601e                HAL_TIM_IRQHandler
 *fill*         0x000000000802622e        0x2 
 .text.HAL_TIM_PWM_ConfigChannel
                0x0000000008026230      0x18c Drivers/STM32F4xx_HAL_Driver/Src/stm32f4xx_hal_tim.o
                0x0000000008026230                HAL_TIM_PWM_ConfigChannel
 .text.HAL_TIM_ConfigClockSource
                0x00000000080263bc      0x16e Drivers/STM32F4xx_HAL_Driver/Src/stm32f4xx_hal_tim.o
                0x00000000080263bc                HAL_TIM_ConfigClockSource
 .text.HAL_TIM_OC_DelayElapsedCallback
                0x000000000802652a       0x14 Drivers/STM32F4xx_HAL_Driver/Src/stm32f4xx_hal_tim.o
                0x000000000802652a                HAL_TIM_OC_DelayElapsedCallback
 .text.HAL_TIM_IC_CaptureCallback
                0x000000000802653e       0x14 Drivers/STM32F4xx_HAL_Driver/Src/stm32f4xx_hal_tim.o
                0x000000000802653e                HAL_TIM_IC_CaptureCallback
 .text.HAL_TIM_PWM_PulseFinishedCallback
                0x0000000008026552       0x14 Drivers/STM32F4xx_HAL_Driver/Src/stm32f4xx_hal_tim.o
                0x0000000008026552                HAL_TIM_PWM_PulseFinishedCallback
 .text.HAL_TIM_TriggerCallback
                0x0000000008026566       0x14 Drivers/STM32F4xx_HAL_Driver/Src/stm32f4xx_hal_tim.o
                0x0000000008026566                HAL_TIM_TriggerCallback
 *fill*         0x000000000802657a        0x2 
 .text.TIM_Base_SetConfig
                0x000000000802657c      0x140 Drivers/STM32F4xx_HAL_Driver/Src/stm32f4xx_hal_tim.o
                0x000000000802657c                TIM_Base_SetConfig
 .text.TIM_OC1_SetConfig
                0x00000000080266bc       0xe0 Drivers/STM32F4xx_HAL_Driver/Src/stm32f4xx_hal_tim.o
 .text.TIM_OC2_SetConfig
                0x000000000802679c       0xec Drivers/STM32F4xx_HAL_Driver/Src/stm32f4xx_hal_tim.o
                0x000000000802679c                TIM_OC2_SetConfig
 .text.TIM_OC3_SetConfig
                0x0000000008026888       0xe8 Drivers/STM32F4xx_HAL_Driver/Src/stm32f4xx_hal_tim.o
 .text.TIM_OC4_SetConfig
                0x0000000008026970       0xac Drivers/STM32F4xx_HAL_Driver/Src/stm32f4xx_hal_tim.o
 .text.TIM_TI1_ConfigInputStage
                0x0000000008026a1c       0x5e Drivers/STM32F4xx_HAL_Driver/Src/stm32f4xx_hal_tim.o
 .text.TIM_TI2_ConfigInputStage
                0x0000000008026a7a       0x60 Drivers/STM32F4xx_HAL_Driver/Src/stm32f4xx_hal_tim.o
 .text.TIM_ITRx_SetConfig
                0x0000000008026ada       0x36 Drivers/STM32F4xx_HAL_Driver/Src/stm32f4xx_hal_tim.o
 .text.TIM_ETR_SetConfig
                0x0000000008026b10       0x40 Drivers/STM32F4xx_HAL_Driver/Src/stm32f4xx_hal_tim.o
                0x0000000008026b10                TIM_ETR_SetConfig
 .text.TIM_CCxChannelCmd
                0x0000000008026b50       0x4a Drivers/STM32F4xx_HAL_Driver/Src/stm32f4xx_hal_tim.o
                0x0000000008026b50                TIM_CCxChannelCmd
 *fill*         0x0000000008026b9a        0x2 
 .text.HAL_TIMEx_MasterConfigSynchronization
                0x0000000008026b9c       0xf8 Drivers/STM32F4xx_HAL_Driver/Src/stm32f4xx_hal_tim_ex.o
                0x0000000008026b9c                HAL_TIMEx_MasterConfigSynchronization
 .text.HAL_TIMEx_ConfigBreakDeadTime
                0x0000000008026c94       0xa4 Drivers/STM32F4xx_HAL_Driver/Src/stm32f4xx_hal_tim_ex.o
                0x0000000008026c94                HAL_TIMEx_ConfigBreakDeadTime
 .text.HAL_TIMEx_CommutCallback
                0x0000000008026d38       0x14 Drivers/STM32F4xx_HAL_Driver/Src/stm32f4xx_hal_tim_ex.o
                0x0000000008026d38                HAL_TIMEx_CommutCallback
 .text.HAL_TIMEx_BreakCallback
                0x0000000008026d4c       0x14 Drivers/STM32F4xx_HAL_Driver/Src/stm32f4xx_hal_tim_ex.o
                0x0000000008026d4c                HAL_TIMEx_BreakCallback
 .text.__cxa_guard_acquire
                0x0000000008026d60       0x18 c:/users/owner/stm32cubeide_1.5.1/stm32cubeide/plugins/com.st.stm32cube.ide.mcu.externaltools.gnu-tools-for-stm32.7-2018-q2-update.win32_1.5.0.202011040924/tools/bin/../lib/gcc/arm-none-eabi/7.3.1/../../../../arm-none-eabi/lib/thumb/v7e-m/fpv4-sp/hard\libstdc++_nano.a(guard.o)
                0x0000000008026d60                __cxa_guard_acquire
 .text.__cxa_guard_release
                0x0000000008026d78        0x6 c:/users/owner/stm32cubeide_1.5.1/stm32cubeide/plugins/com.st.stm32cube.ide.mcu.externaltools.gnu-tools-for-stm32.7-2018-q2-update.win32_1.5.0.202011040924/tools/bin/../lib/gcc/arm-none-eabi/7.3.1/../../../../arm-none-eabi/lib/thumb/v7e-m/fpv4-sp/hard\libstdc++_nano.a(guard.o)
                0x0000000008026d78                __cxa_guard_release
 *fill*         0x0000000008026d7e        0x2 
 .text.__libc_init_array
                0x0000000008026d80       0x48 c:/users/owner/stm32cubeide_1.5.1/stm32cubeide/plugins/com.st.stm32cube.ide.mcu.externaltools.gnu-tools-for-stm32.7-2018-q2-update.win32_1.5.0.202011040924/tools/bin/../lib/gcc/arm-none-eabi/7.3.1/../../../../arm-none-eabi/lib/thumb/v7e-m/fpv4-sp/hard\libc_nano.a(lib_a-init.o)
                0x0000000008026d80                __libc_init_array
 .text.memset   0x0000000008026dc8       0x10 c:/users/owner/stm32cubeide_1.5.1/stm32cubeide/plugins/com.st.stm32cube.ide.mcu.externaltools.gnu-tools-for-stm32.7-2018-q2-update.win32_1.5.0.202011040924/tools/bin/../lib/gcc/arm-none-eabi/7.3.1/../../../../arm-none-eabi/lib/thumb/v7e-m/fpv4-sp/hard\libc_nano.a(lib_a-memset.o)
                0x0000000008026dc8                memset
 *(.glue_7)
 .glue_7        0x0000000008026dd8        0x0 linker stubs
 *(.glue_7t)
 .glue_7t       0x0000000008026dd8        0x0 linker stubs
 *(.eh_frame)
 .eh_frame      0x0000000008026dd8        0x0 c:/users/owner/stm32cubeide_1.5.1/stm32cubeide/plugins/com.st.stm32cube.ide.mcu.externaltools.gnu-tools-for-stm32.7-2018-q2-update.win32_1.5.0.202011040924/tools/bin/../lib/gcc/arm-none-eabi/7.3.1/thumb/v7e-m/fpv4-sp/hard/crtbegin.o
 *(.init)
 .init          0x0000000008026dd8        0x4 c:/users/owner/stm32cubeide_1.5.1/stm32cubeide/plugins/com.st.stm32cube.ide.mcu.externaltools.gnu-tools-for-stm32.7-2018-q2-update.win32_1.5.0.202011040924/tools/bin/../lib/gcc/arm-none-eabi/7.3.1/thumb/v7e-m/fpv4-sp/hard/crti.o
                0x0000000008026dd8                _init
 .init          0x0000000008026ddc        0x8 c:/users/owner/stm32cubeide_1.5.1/stm32cubeide/plugins/com.st.stm32cube.ide.mcu.externaltools.gnu-tools-for-stm32.7-2018-q2-update.win32_1.5.0.202011040924/tools/bin/../lib/gcc/arm-none-eabi/7.3.1/thumb/v7e-m/fpv4-sp/hard/crtn.o
 *(.fini)
 .fini          0x0000000008026de4        0x4 c:/users/owner/stm32cubeide_1.5.1/stm32cubeide/plugins/com.st.stm32cube.ide.mcu.externaltools.gnu-tools-for-stm32.7-2018-q2-update.win32_1.5.0.202011040924/tools/bin/../lib/gcc/arm-none-eabi/7.3.1/thumb/v7e-m/fpv4-sp/hard/crti.o
                0x0000000008026de4                _fini
 .fini          0x0000000008026de8        0x8 c:/users/owner/stm32cubeide_1.5.1/stm32cubeide/plugins/com.st.stm32cube.ide.mcu.externaltools.gnu-tools-for-stm32.7-2018-q2-update.win32_1.5.0.202011040924/tools/bin/../lib/gcc/arm-none-eabi/7.3.1/thumb/v7e-m/fpv4-sp/hard/crtn.o
                0x0000000008026df0                . = ALIGN (0x4)
                0x0000000008026df0                _etext = .

.vfp11_veneer   0x0000000008026df0        0x0
 .vfp11_veneer  0x0000000008026df0        0x0 linker stubs

.v4_bx          0x0000000008026df0        0x0
 .v4_bx         0x0000000008026df0        0x0 linker stubs

.iplt           0x0000000008026df0        0x0
 .iplt          0x0000000008026df0        0x0 c:/users/owner/stm32cubeide_1.5.1/stm32cubeide/plugins/com.st.stm32cube.ide.mcu.externaltools.gnu-tools-for-stm32.7-2018-q2-update.win32_1.5.0.202011040924/tools/bin/../lib/gcc/arm-none-eabi/7.3.1/thumb/v7e-m/fpv4-sp/hard/crtbegin.o

.rodata         0x0000000008026df0       0x20
                0x0000000008026df0                . = ALIGN (0x4)
 *(.rodata)
 *(.rodata*)
 .rodata.AHBPrescTable
                0x0000000008026df0       0x10 Core/Src/system_stm32f4xx.o
                0x0000000008026df0                AHBPrescTable
 .rodata.APBPrescTable
                0x0000000008026e00        0x8 Core/Src/system_stm32f4xx.o
                0x0000000008026e00                APBPrescTable
 .rodata.flagBitshiftOffset.8410
                0x0000000008026e08        0x8 Drivers/STM32F4xx_HAL_Driver/Src/stm32f4xx_hal_dma.o
                0x0000000008026e10                . = ALIGN (0x4)

.ARM.extab      0x0000000008026e10        0x0
                0x0000000008026e10                . = ALIGN (0x4)
 *(.ARM.extab* .gnu.linkonce.armextab.*)
                0x0000000008026e10                . = ALIGN (0x4)

.ARM            0x0000000008026e10        0x8
                0x0000000008026e10                . = ALIGN (0x4)
                0x0000000008026e10                __exidx_start = .
 *(.ARM.exidx*)
 .ARM.exidx     0x0000000008026e10        0x8 c:/users/owner/stm32cubeide_1.5.1/stm32cubeide/plugins/com.st.stm32cube.ide.mcu.externaltools.gnu-tools-for-stm32.7-2018-q2-update.win32_1.5.0.202011040924/tools/bin/../lib/gcc/arm-none-eabi/7.3.1/thumb/v7e-m/fpv4-sp/hard\libgcc.a(_udivmoddi4.o)
                0x0000000008026e18                __exidx_end = .
                0x0000000008026e18                . = ALIGN (0x4)

.rel.dyn        0x0000000008026e18        0x0
 .rel.iplt      0x0000000008026e18        0x0 c:/users/owner/stm32cubeide_1.5.1/stm32cubeide/plugins/com.st.stm32cube.ide.mcu.externaltools.gnu-tools-for-stm32.7-2018-q2-update.win32_1.5.0.202011040924/tools/bin/../lib/gcc/arm-none-eabi/7.3.1/thumb/v7e-m/fpv4-sp/hard/crtbegin.o

.preinit_array  0x0000000008026e18        0x0
                0x0000000008026e18                . = ALIGN (0x4)
                0x0000000008026e18                PROVIDE (__preinit_array_start = .)
 *(.preinit_array*)
                0x0000000008026e18                PROVIDE (__preinit_array_end = .)
                0x0000000008026e18                . = ALIGN (0x4)

.init_array     0x0000000008026e18        0x8
                0x0000000008026e18                . = ALIGN (0x4)
                0x0000000008026e18                PROVIDE (__init_array_start = .)
 *(SORT_BY_NAME(.init_array.*))
 *(.init_array*)
 .init_array    0x0000000008026e18        0x4 c:/users/owner/stm32cubeide_1.5.1/stm32cubeide/plugins/com.st.stm32cube.ide.mcu.externaltools.gnu-tools-for-stm32.7-2018-q2-update.win32_1.5.0.202011040924/tools/bin/../lib/gcc/arm-none-eabi/7.3.1/thumb/v7e-m/fpv4-sp/hard/crtbegin.o
 .init_array    0x0000000008026e1c        0x4 Core/Src/wrapper.o
                0x0000000008026e20                PROVIDE (__init_array_end = .)
                0x0000000008026e20                . = ALIGN (0x4)

.fini_array     0x0000000008026e20        0x4
                0x0000000008026e20                . = ALIGN (0x4)
                [!provide]                        PROVIDE (__fini_array_start = .)
 *(SORT_BY_NAME(.fini_array.*))
 *(.fini_array*)
 .fini_array    0x0000000008026e20        0x4 c:/users/owner/stm32cubeide_1.5.1/stm32cubeide/plugins/com.st.stm32cube.ide.mcu.externaltools.gnu-tools-for-stm32.7-2018-q2-update.win32_1.5.0.202011040924/tools/bin/../lib/gcc/arm-none-eabi/7.3.1/thumb/v7e-m/fpv4-sp/hard/crtbegin.o
                [!provide]                        PROVIDE (__fini_array_end = .)
                0x0000000008026e24                . = ALIGN (0x4)
                0x0000000008026e24                _sidata = LOADADDR (.data)

.data           0x0000000020000000        0xc load address 0x0000000008026e24
                0x0000000020000000                . = ALIGN (0x4)
                0x0000000020000000                _sdata = .
 *(.data)
 *(.data*)
 .data.SystemCoreClock
                0x0000000020000000        0x4 Core/Src/system_stm32f4xx.o
                0x0000000020000000                SystemCoreClock
 .data.uwTickPrio
                0x0000000020000004        0x4 Drivers/STM32F4xx_HAL_Driver/Src/stm32f4xx_hal.o
                0x0000000020000004                uwTickPrio
 .data.uwTickFreq
                0x0000000020000008        0x1 Drivers/STM32F4xx_HAL_Driver/Src/stm32f4xx_hal.o
                0x0000000020000008                uwTickFreq
 *(.RamFunc)
 *(.RamFunc*)
                0x000000002000000c                . = ALIGN (0x4)
 *fill*         0x0000000020000009        0x3 
                0x000000002000000c                _edata = .

.igot.plt       0x000000002000000c        0x0 load address 0x0000000008026e30
 .igot.plt      0x000000002000000c        0x0 c:/users/owner/stm32cubeide_1.5.1/stm32cubeide/plugins/com.st.stm32cube.ide.mcu.externaltools.gnu-tools-for-stm32.7-2018-q2-update.win32_1.5.0.202011040924/tools/bin/../lib/gcc/arm-none-eabi/7.3.1/thumb/v7e-m/fpv4-sp/hard/crtbegin.o
                0x000000002000000c                . = ALIGN (0x4)

.bss            0x0000000020000010      0x918 load address 0x0000000008026e30
                0x0000000020000010                _sbss = .
                0x0000000020000010                __bss_start__ = _sbss
 *(.bss)
 .bss           0x0000000020000010       0x1c c:/users/owner/stm32cubeide_1.5.1/stm32cubeide/plugins/com.st.stm32cube.ide.mcu.externaltools.gnu-tools-for-stm32.7-2018-q2-update.win32_1.5.0.202011040924/tools/bin/../lib/gcc/arm-none-eabi/7.3.1/thumb/v7e-m/fpv4-sp/hard/crtbegin.o
 *(.bss*)
 .bss._ZZN10LineSensor20StoreConsecutiveBuffEvE5times
                0x000000002000002c        0x1 Core/Src/line_sensor.o
 *fill*         0x000000002000002d        0x1 
 .bss._ZZN10LineSensor16CheckCalibrationEvE5timer
                0x000000002000002e        0x2 Core/Src/line_sensor.o
 .bss._ZZN10LineSensor16CheckCalibrationEvE7pre_max
                0x0000000020000030       0x1c Core/Src/line_sensor.o
 .bss._ZZN10LineSensor16CheckCalibrationEvE7pre_min
                0x000000002000004c       0x1c Core/Src/line_sensor.o
 .bss._ZZN9LineTrace10PidControlEfffE9pre_error
                0x0000000020000068        0x4 Core/Src/line_trace.o
 .bss._ZGVZN9LineTrace10PidControlEfffE9pre_error
                0x000000002000006c        0x4 Core/Src/line_trace.o
 .bss.g_line_diff
                0x0000000020000070        0x4 Core/Src/main.o
                0x0000000020000070                g_line_diff
 .bss.g_line_emer
                0x0000000020000074        0x1 Core/Src/main.o
                0x0000000020000074                g_line_emer
 .bss.g_line_calib
                0x0000000020000075        0x1 Core/Src/main.o
                0x0000000020000075                g_line_calib
 .bss.g_error_handler_adc1
                0x0000000020000076        0x1 Core/Src/main.o
                0x0000000020000076                g_error_handler_adc1
 .bss.g_error_handler_tim11
                0x0000000020000077        0x1 Core/Src/main.o
                0x0000000020000077                g_error_handler_tim11
 .bss.g_error_handler_tim1_ch2
                0x0000000020000078        0x1 Core/Src/main.o
                0x0000000020000078                g_error_handler_tim1_ch2
 .bss.g_error_handler_tim1_ch4
                0x0000000020000079        0x1 Core/Src/main.o
                0x0000000020000079                g_error_handler_tim1_ch4
 .bss.g_error_handler_tim4
                0x000000002000007a        0x1 Core/Src/main.o
                0x000000002000007a                g_error_handler_tim4
 .bss.g_error_handler_tim8
                0x000000002000007b        0x1 Core/Src/main.o
                0x000000002000007b                g_error_handler_tim8
 .bss.g_line_buff
                0x000000002000007c       0x1c Core/Src/main.o
                0x000000002000007c                g_line_buff
 .bss.g_consecutive_line_buff
                0x0000000020000098      0x118 Core/Src/main.o
                0x0000000020000098                g_consecutive_line_buff
 .bss.g_max_line_valu
                0x00000000200001b0       0x1c Core/Src/main.o
                0x00000000200001b0                g_max_line_valu
 .bss.g_min_line_valu
                0x00000000200001cc       0x1c Core/Src/main.o
                0x00000000200001cc                g_min_line_valu
 .bss.g_line_valu
                0x00000000200001e8       0x1c Core/Src/main.o
                0x00000000200001e8                g_line_valu
 .bss.g_line_left
                0x0000000020000204        0x4 Core/Src/main.o
                0x0000000020000204                g_line_left
 .bss.g_line_right
                0x0000000020000208        0x4 Core/Src/main.o
                0x0000000020000208                g_line_right
 .bss.g_side_pre_state
                0x000000002000020c        0x1 Core/Src/main.o
                0x000000002000020c                g_side_pre_state
 .bss.g_side_now_state
                0x000000002000020d        0x1 Core/Src/main.o
                0x000000002000020d                g_side_now_state
 *fill*         0x000000002000020e        0x2 
 .bss.g_side_change_state_count
                0x0000000020000210        0x4 Core/Src/main.o
                0x0000000020000210                g_side_change_state_count
 .bss.g_side_goal_reach
                0x0000000020000214        0x1 Core/Src/main.o
                0x0000000020000214                g_side_goal_reach
 .bss.g_side_corner_reach
                0x0000000020000215        0x1 Core/Src/main.o
                0x0000000020000215                g_side_corner_reach
 .bss.g_side_cross_reach
                0x0000000020000216        0x1 Core/Src/main.o
                0x0000000020000216                g_side_cross_reach
 .bss.g_side_black_flag
                0x0000000020000217        0x1 Core/Src/main.o
                0x0000000020000217                g_side_black_flag
 .bss.g_side_goal_flag
                0x0000000020000218        0x1 Core/Src/main.o
                0x0000000020000218                g_side_goal_flag
 .bss.g_side_corner_flag
                0x0000000020000219        0x1 Core/Src/main.o
                0x0000000020000219                g_side_corner_flag
 .bss.g_side_cross_flag
                0x000000002000021a        0x1 Core/Src/main.o
                0x000000002000021a                g_side_cross_flag
 .bss.g_side_before_noise_state
                0x000000002000021b        0x1 Core/Src/main.o
                0x000000002000021b                g_side_before_noise_state
 .bss.g_side_noise_count
                0x000000002000021c        0x1 Core/Src/main.o
                0x000000002000021c                g_side_noise_count
 .bss.g_side_ignore_flag
                0x000000002000021d        0x1 Core/Src/main.o
                0x000000002000021d                g_side_ignore_flag
 .bss.g_goal_count
                0x000000002000021e        0x1 Core/Src/main.o
                0x000000002000021e                g_goal_count
 .bss.g_corner_count
                0x000000002000021f        0x1 Core/Src/main.o
                0x000000002000021f                g_corner_count
 .bss.g_cross_count
                0x0000000020000220        0x1 Core/Src/main.o
                0x0000000020000220                g_cross_count
 *fill*         0x0000000020000221        0x3 
 .bss.g_translation_ratio
                0x0000000020000224        0x4 Core/Src/main.o
                0x0000000020000224                g_translation_ratio
 .bss.g_rotation_ratio
                0x0000000020000228        0x4 Core/Src/main.o
                0x0000000020000228                g_rotation_ratio
 .bss.g_sum_raito
                0x000000002000022c        0x4 Core/Src/main.o
                0x000000002000022c                g_sum_raito
 .bss.g_excess_ratio
                0x0000000020000230        0x4 Core/Src/main.o
                0x0000000020000230                g_excess_ratio
 .bss.g_reduced_translation
                0x0000000020000234        0x4 Core/Src/main.o
                0x0000000020000234                g_reduced_translation
 .bss.g_duty_l  0x0000000020000238        0x4 Core/Src/main.o
                0x0000000020000238                g_duty_l
 .bss.g_duty_r  0x000000002000023c        0x4 Core/Src/main.o
                0x000000002000023c                g_duty_r
 .bss.g_motor_compare_l
                0x0000000020000240        0x2 Core/Src/main.o
                0x0000000020000240                g_motor_compare_l
 .bss.g_motor_compare_r
                0x0000000020000242        0x2 Core/Src/main.o
                0x0000000020000242                g_motor_compare_r
 .bss.g_trace_p
                0x0000000020000244        0x4 Core/Src/main.o
                0x0000000020000244                g_trace_p
 .bss.g_trace_i
                0x0000000020000248        0x4 Core/Src/main.o
                0x0000000020000248                g_trace_i
 .bss.g_trace_d
                0x000000002000024c        0x4 Core/Src/main.o
                0x000000002000024c                g_trace_d
 .bss.g_tim7    0x0000000020000250        0x4 Core/Src/main.o
                0x0000000020000250                g_tim7
 .bss.g_tim6    0x0000000020000254        0x4 Core/Src/main.o
                0x0000000020000254                g_tim6
 .bss.g_tim2    0x0000000020000258        0x4 Core/Src/main.o
                0x0000000020000258                g_tim2
 .bss.g_switch_state
                0x000000002000025c        0x1 Core/Src/main.o
                0x000000002000025c                g_switch_state
 *fill*         0x000000002000025d        0x3 
 .bss.encoder   0x0000000020000260        0xc Core/Src/wrapper.o
                0x0000000020000260                encoder
 *fill*         0x000000002000026c        0x4 
 .bss.iim_42652
                0x0000000020000270        0x8 Core/Src/wrapper.o
                0x0000000020000270                iim_42652
 .bss.led       0x0000000020000278        0x2 Core/Src/wrapper.o
                0x0000000020000278                led
 *fill*         0x000000002000027a        0x2 
 .bss.line_sensor
                0x000000002000027c      0x18a Core/Src/wrapper.o
                0x000000002000027c                line_sensor
 *fill*         0x0000000020000406        0x2 
 .bss.line_trace
                0x0000000020000408        0x8 Core/Src/wrapper.o
                0x0000000020000408                line_trace
 .bss.logger    0x0000000020000410      0x108 Core/Src/wrapper.o
                0x0000000020000410                logger
 .bss.motor     0x0000000020000518        0x1 Core/Src/wrapper.o
                0x0000000020000518                motor
 *fill*         0x0000000020000519        0x3 
 .bss.rotary_switch
                0x000000002000051c        0x1 Core/Src/wrapper.o
                0x000000002000051c                rotary_switch
 *fill*         0x000000002000051d        0x3 
 .bss.side_sensor
                0x0000000020000520        0x7 Core/Src/wrapper.o
                0x0000000020000520                side_sensor
 *fill*         0x0000000020000527        0x1 
 .bss.velocity_control
                0x0000000020000528        0x8 Core/Src/wrapper.o
                0x0000000020000528                velocity_control
 .bss.test      0x0000000020000530       0x20 Core/Src/wrapper.o
                0x0000000020000530                test
 *(COMMON)
 COMMON         0x0000000020000550      0x3d4 Core/Src/main.o
                0x0000000020000550                htim8
                0x0000000020000590                htim4
                0x00000000200005d0                hi2c2
                0x0000000020000624                htim5
                0x0000000020000664                htim3
                0x00000000200006a4                hspi3
                0x00000000200006fc                hadc1
                0x0000000020000744                htim11
                0x0000000020000784                hdma_adc1
                0x00000000200007e4                htim6
                0x0000000020000824                htim1
                0x0000000020000864                htim2
                0x00000000200008a4                htim12
                0x00000000200008e4                htim7
 COMMON         0x0000000020000924        0x4 Drivers/STM32F4xx_HAL_Driver/Src/stm32f4xx_hal.o
                0x0000000020000924                uwTick
                0x0000000020000928                . = ALIGN (0x4)
                0x0000000020000928                _ebss = .
                0x0000000020000928                __bss_end__ = _ebss

._user_heap_stack
                0x0000000020000928      0x600 load address 0x0000000008026e30
                0x0000000020000928                . = ALIGN (0x8)
                [!provide]                        PROVIDE (end = .)
                0x0000000020000928                PROVIDE (_end = .)
                0x0000000020000b28                . = (. + _Min_Heap_Size)
 *fill*         0x0000000020000928      0x200 
                0x0000000020000f28                . = (. + _Min_Stack_Size)
 *fill*         0x0000000020000b28      0x400 
                0x0000000020000f28                . = ALIGN (0x8)

/DISCARD/
 libc.a(*)
 libm.a(*)
 libgcc.a(*)

.ARM.attributes
                0x0000000000000000       0x30
 *(.ARM.attributes)
 .ARM.attributes
                0x0000000000000000       0x22 c:/users/owner/stm32cubeide_1.5.1/stm32cubeide/plugins/com.st.stm32cube.ide.mcu.externaltools.gnu-tools-for-stm32.7-2018-q2-update.win32_1.5.0.202011040924/tools/bin/../lib/gcc/arm-none-eabi/7.3.1/thumb/v7e-m/fpv4-sp/hard/crti.o
 .ARM.attributes
                0x0000000000000022       0x34 c:/users/owner/stm32cubeide_1.5.1/stm32cubeide/plugins/com.st.stm32cube.ide.mcu.externaltools.gnu-tools-for-stm32.7-2018-q2-update.win32_1.5.0.202011040924/tools/bin/../lib/gcc/arm-none-eabi/7.3.1/thumb/v7e-m/fpv4-sp/hard/crtbegin.o
 .ARM.attributes
                0x0000000000000056       0x39 Core/Src/encoder.o
 .ARM.attributes
                0x000000000000008f       0x39 Core/Src/iim_42652.o
 .ARM.attributes
                0x00000000000000c8       0x39 Core/Src/led.o
 .ARM.attributes
                0x0000000000000101       0x39 Core/Src/line_sensor.o
 .ARM.attributes
                0x000000000000013a       0x39 Core/Src/line_trace.o
 .ARM.attributes
                0x0000000000000173       0x39 Core/Src/logger.o
 .ARM.attributes
                0x00000000000001ac       0x39 Core/Src/main.o
 .ARM.attributes
                0x00000000000001e5       0x39 Core/Src/motor.o
 .ARM.attributes
                0x000000000000021e       0x39 Core/Src/rotary_switch.o
 .ARM.attributes
                0x0000000000000257       0x39 Core/Src/side_sensor.o
 .ARM.attributes
                0x0000000000000290       0x39 Core/Src/stm32f4xx_hal_msp.o
 .ARM.attributes
                0x00000000000002c9       0x39 Core/Src/stm32f4xx_it.o
 .ARM.attributes
                0x0000000000000302       0x39 Core/Src/system_stm32f4xx.o
 .ARM.attributes
                0x000000000000033b       0x39 Core/Src/test.o
 .ARM.attributes
                0x0000000000000374       0x39 Core/Src/velocity_control.o
 .ARM.attributes
                0x00000000000003ad       0x39 Core/Src/wrapper.o
 .ARM.attributes
                0x00000000000003e6       0x21 Core/Startup/startup_stm32f405rgtx.o
 .ARM.attributes
                0x0000000000000407       0x39 Drivers/STM32F4xx_HAL_Driver/Src/stm32f4xx_hal.o
 .ARM.attributes
                0x0000000000000440       0x39 Drivers/STM32F4xx_HAL_Driver/Src/stm32f4xx_hal_adc.o
 .ARM.attributes
                0x0000000000000479       0x39 Drivers/STM32F4xx_HAL_Driver/Src/stm32f4xx_hal_cortex.o
 .ARM.attributes
                0x00000000000004b2       0x39 Drivers/STM32F4xx_HAL_Driver/Src/stm32f4xx_hal_dma.o
 .ARM.attributes
                0x00000000000004eb       0x39 Drivers/STM32F4xx_HAL_Driver/Src/stm32f4xx_hal_gpio.o
 .ARM.attributes
                0x0000000000000524       0x39 Drivers/STM32F4xx_HAL_Driver/Src/stm32f4xx_hal_i2c.o
 .ARM.attributes
                0x000000000000055d       0x39 Drivers/STM32F4xx_HAL_Driver/Src/stm32f4xx_hal_rcc.o
 .ARM.attributes
                0x0000000000000596       0x39 Drivers/STM32F4xx_HAL_Driver/Src/stm32f4xx_hal_spi.o
 .ARM.attributes
                0x00000000000005cf       0x39 Drivers/STM32F4xx_HAL_Driver/Src/stm32f4xx_hal_tim.o
 .ARM.attributes
                0x0000000000000608       0x39 Drivers/STM32F4xx_HAL_Driver/Src/stm32f4xx_hal_tim_ex.o
 .ARM.attributes
                0x0000000000000641       0x34 c:/users/owner/stm32cubeide_1.5.1/stm32cubeide/plugins/com.st.stm32cube.ide.mcu.externaltools.gnu-tools-for-stm32.7-2018-q2-update.win32_1.5.0.202011040924/tools/bin/../lib/gcc/arm-none-eabi/7.3.1/../../../../arm-none-eabi/lib/thumb/v7e-m/fpv4-sp/hard\libstdc++_nano.a(guard.o)
 .ARM.attributes
                0x0000000000000675       0x34 c:/users/owner/stm32cubeide_1.5.1/stm32cubeide/plugins/com.st.stm32cube.ide.mcu.externaltools.gnu-tools-for-stm32.7-2018-q2-update.win32_1.5.0.202011040924/tools/bin/../lib/gcc/arm-none-eabi/7.3.1/../../../../arm-none-eabi/lib/thumb/v7e-m/fpv4-sp/hard\libc_nano.a(lib_a-init.o)
 .ARM.attributes
                0x00000000000006a9       0x34 c:/users/owner/stm32cubeide_1.5.1/stm32cubeide/plugins/com.st.stm32cube.ide.mcu.externaltools.gnu-tools-for-stm32.7-2018-q2-update.win32_1.5.0.202011040924/tools/bin/../lib/gcc/arm-none-eabi/7.3.1/../../../../arm-none-eabi/lib/thumb/v7e-m/fpv4-sp/hard\libc_nano.a(lib_a-memset.o)
 .ARM.attributes
                0x00000000000006dd       0x22 c:/users/owner/stm32cubeide_1.5.1/stm32cubeide/plugins/com.st.stm32cube.ide.mcu.externaltools.gnu-tools-for-stm32.7-2018-q2-update.win32_1.5.0.202011040924/tools/bin/../lib/gcc/arm-none-eabi/7.3.1/thumb/v7e-m/fpv4-sp/hard\libgcc.a(_arm_addsubdf3.o)
 .ARM.attributes
                0x00000000000006ff       0x22 c:/users/owner/stm32cubeide_1.5.1/stm32cubeide/plugins/com.st.stm32cube.ide.mcu.externaltools.gnu-tools-for-stm32.7-2018-q2-update.win32_1.5.0.202011040924/tools/bin/../lib/gcc/arm-none-eabi/7.3.1/thumb/v7e-m/fpv4-sp/hard\libgcc.a(_arm_muldivdf3.o)
 .ARM.attributes
                0x0000000000000721       0x22 c:/users/owner/stm32cubeide_1.5.1/stm32cubeide/plugins/com.st.stm32cube.ide.mcu.externaltools.gnu-tools-for-stm32.7-2018-q2-update.win32_1.5.0.202011040924/tools/bin/../lib/gcc/arm-none-eabi/7.3.1/thumb/v7e-m/fpv4-sp/hard\libgcc.a(_arm_cmpdf2.o)
 .ARM.attributes
                0x0000000000000743       0x22 c:/users/owner/stm32cubeide_1.5.1/stm32cubeide/plugins/com.st.stm32cube.ide.mcu.externaltools.gnu-tools-for-stm32.7-2018-q2-update.win32_1.5.0.202011040924/tools/bin/../lib/gcc/arm-none-eabi/7.3.1/thumb/v7e-m/fpv4-sp/hard\libgcc.a(_arm_truncdfsf2.o)
 .ARM.attributes
                0x0000000000000765       0x22 c:/users/owner/stm32cubeide_1.5.1/stm32cubeide/plugins/com.st.stm32cube.ide.mcu.externaltools.gnu-tools-for-stm32.7-2018-q2-update.win32_1.5.0.202011040924/tools/bin/../lib/gcc/arm-none-eabi/7.3.1/thumb/v7e-m/fpv4-sp/hard\libgcc.a(_aeabi_uldivmod.o)
 .ARM.attributes
                0x0000000000000787       0x34 c:/users/owner/stm32cubeide_1.5.1/stm32cubeide/plugins/com.st.stm32cube.ide.mcu.externaltools.gnu-tools-for-stm32.7-2018-q2-update.win32_1.5.0.202011040924/tools/bin/../lib/gcc/arm-none-eabi/7.3.1/thumb/v7e-m/fpv4-sp/hard\libgcc.a(_udivmoddi4.o)
 .ARM.attributes
                0x00000000000007bb       0x22 c:/users/owner/stm32cubeide_1.5.1/stm32cubeide/plugins/com.st.stm32cube.ide.mcu.externaltools.gnu-tools-for-stm32.7-2018-q2-update.win32_1.5.0.202011040924/tools/bin/../lib/gcc/arm-none-eabi/7.3.1/thumb/v7e-m/fpv4-sp/hard\libgcc.a(_dvmd_tls.o)
 .ARM.attributes
                0x00000000000007dd       0x22 c:/users/owner/stm32cubeide_1.5.1/stm32cubeide/plugins/com.st.stm32cube.ide.mcu.externaltools.gnu-tools-for-stm32.7-2018-q2-update.win32_1.5.0.202011040924/tools/bin/../lib/gcc/arm-none-eabi/7.3.1/thumb/v7e-m/fpv4-sp/hard/crtn.o
OUTPUT(alias2023.elf elf32-littlearm)

.debug_info     0x0000000000000000    0x227c8
 .debug_info    0x0000000000000000     0x16f0 Core/Src/encoder.o
 .debug_info    0x00000000000016f0     0x1d01 Core/Src/iim_42652.o
 .debug_info    0x00000000000033f1      0x539 Core/Src/led.o
 .debug_info    0x000000000000392a     0x19c4 Core/Src/line_sensor.o
 .debug_info    0x00000000000052ee     0x19ac Core/Src/line_trace.o
 .debug_info    0x0000000000006c9a     0x31a6 Core/Src/logger.o
 .debug_info    0x0000000000009e40     0x27b0 Core/Src/main.o
 .debug_info    0x000000000000c5f0     0x160d Core/Src/motor.o
 .debug_info    0x000000000000dbfd      0x29a Core/Src/rotary_switch.o
 .debug_info    0x000000000000de97     0x18b7 Core/Src/side_sensor.o
 .debug_info    0x000000000000f74e     0x1764 Core/Src/stm32f4xx_hal_msp.o
 .debug_info    0x0000000000010eb2      0x75c Core/Src/stm32f4xx_it.o
 .debug_info    0x000000000001160e      0x554 Core/Src/system_stm32f4xx.o
 .debug_info    0x0000000000011b62     0x1fbb Core/Src/test.o
 .debug_info    0x0000000000013b1d     0x1885 Core/Src/velocity_control.o
 .debug_info    0x00000000000153a2     0x254c Core/Src/wrapper.o
 .debug_info    0x00000000000178ee       0x22 Core/Startup/startup_stm32f405rgtx.o
 .debug_info    0x0000000000017910      0x933 Drivers/STM32F4xx_HAL_Driver/Src/stm32f4xx_hal.o
 .debug_info    0x0000000000018243      0xcee Drivers/STM32F4xx_HAL_Driver/Src/stm32f4xx_hal_adc.o
 .debug_info    0x0000000000018f31      0xe16 Drivers/STM32F4xx_HAL_Driver/Src/stm32f4xx_hal_cortex.o
 .debug_info    0x0000000000019d47      0x968 Drivers/STM32F4xx_HAL_Driver/Src/stm32f4xx_hal_dma.o
 .debug_info    0x000000000001a6af      0x7b5 Drivers/STM32F4xx_HAL_Driver/Src/stm32f4xx_hal_gpio.o
 .debug_info    0x000000000001ae64     0x2426 Drivers/STM32F4xx_HAL_Driver/Src/stm32f4xx_hal_i2c.o
 .debug_info    0x000000000001d28a      0x904 Drivers/STM32F4xx_HAL_Driver/Src/stm32f4xx_hal_rcc.o
 .debug_info    0x000000000001db8e     0x163a Drivers/STM32F4xx_HAL_Driver/Src/stm32f4xx_hal_spi.o
 .debug_info    0x000000000001f1c8     0x24a9 Drivers/STM32F4xx_HAL_Driver/Src/stm32f4xx_hal_tim.o
 .debug_info    0x0000000000021671     0x1157 Drivers/STM32F4xx_HAL_Driver/Src/stm32f4xx_hal_tim_ex.o

.debug_abbrev   0x0000000000000000     0x3a3e
 .debug_abbrev  0x0000000000000000      0x230 Core/Src/encoder.o
 .debug_abbrev  0x0000000000000230      0x23f Core/Src/iim_42652.o
 .debug_abbrev  0x000000000000046f      0x220 Core/Src/led.o
 .debug_abbrev  0x000000000000068f      0x282 Core/Src/line_sensor.o
 .debug_abbrev  0x0000000000000911      0x2c3 Core/Src/line_trace.o
 .debug_abbrev  0x0000000000000bd4      0x418 Core/Src/logger.o
 .debug_abbrev  0x0000000000000fec      0x246 Core/Src/main.o
 .debug_abbrev  0x0000000000001232      0x1f6 Core/Src/motor.o
 .debug_abbrev  0x0000000000001428      0x145 Core/Src/rotary_switch.o
 .debug_abbrev  0x000000000000156d      0x24c Core/Src/side_sensor.o
 .debug_abbrev  0x00000000000017b9      0x1f8 Core/Src/stm32f4xx_hal_msp.o
 .debug_abbrev  0x00000000000019b1      0x172 Core/Src/stm32f4xx_it.o
 .debug_abbrev  0x0000000000001b23      0x12b Core/Src/system_stm32f4xx.o
 .debug_abbrev  0x0000000000001c4e      0x2b7 Core/Src/test.o
 .debug_abbrev  0x0000000000001f05      0x290 Core/Src/velocity_control.o
 .debug_abbrev  0x0000000000002195      0x2b8 Core/Src/wrapper.o
 .debug_abbrev  0x000000000000244d       0x12 Core/Startup/startup_stm32f405rgtx.o
 .debug_abbrev  0x000000000000245f      0x1c7 Drivers/STM32F4xx_HAL_Driver/Src/stm32f4xx_hal.o
 .debug_abbrev  0x0000000000002626      0x205 Drivers/STM32F4xx_HAL_Driver/Src/stm32f4xx_hal_adc.o
 .debug_abbrev  0x000000000000282b      0x2fa Drivers/STM32F4xx_HAL_Driver/Src/stm32f4xx_hal_cortex.o
 .debug_abbrev  0x0000000000002b25      0x229 Drivers/STM32F4xx_HAL_Driver/Src/stm32f4xx_hal_dma.o
 .debug_abbrev  0x0000000000002d4e      0x1c9 Drivers/STM32F4xx_HAL_Driver/Src/stm32f4xx_hal_gpio.o
 .debug_abbrev  0x0000000000002f17      0x254 Drivers/STM32F4xx_HAL_Driver/Src/stm32f4xx_hal_i2c.o
 .debug_abbrev  0x000000000000316b      0x245 Drivers/STM32F4xx_HAL_Driver/Src/stm32f4xx_hal_rcc.o
 .debug_abbrev  0x00000000000033b0      0x240 Drivers/STM32F4xx_HAL_Driver/Src/stm32f4xx_hal_spi.o
 .debug_abbrev  0x00000000000035f0      0x230 Drivers/STM32F4xx_HAL_Driver/Src/stm32f4xx_hal_tim.o
 .debug_abbrev  0x0000000000003820      0x21e Drivers/STM32F4xx_HAL_Driver/Src/stm32f4xx_hal_tim_ex.o

.debug_aranges  0x0000000000000000     0x13e0
 .debug_aranges
                0x0000000000000000       0x58 Core/Src/encoder.o
 .debug_aranges
                0x0000000000000058       0xc8 Core/Src/iim_42652.o
 .debug_aranges
                0x0000000000000120       0x48 Core/Src/led.o
 .debug_aranges
                0x0000000000000168       0x60 Core/Src/line_sensor.o
 .debug_aranges
                0x00000000000001c8       0x50 Core/Src/line_trace.o
 .debug_aranges
                0x0000000000000218       0x50 Core/Src/logger.o
 .debug_aranges
                0x0000000000000268       0xb0 Core/Src/main.o
 .debug_aranges
                0x0000000000000318       0x28 Core/Src/motor.o
 .debug_aranges
                0x0000000000000340       0x20 Core/Src/rotary_switch.o
 .debug_aranges
                0x0000000000000360       0x68 Core/Src/side_sensor.o
 .debug_aranges
                0x00000000000003c8       0x88 Core/Src/stm32f4xx_hal_msp.o
 .debug_aranges
                0x0000000000000450       0x88 Core/Src/stm32f4xx_it.o
 .debug_aranges
                0x00000000000004d8       0x28 Core/Src/system_stm32f4xx.o
 .debug_aranges
                0x0000000000000500       0x60 Core/Src/test.o
 .debug_aranges
                0x0000000000000560       0x48 Core/Src/velocity_control.o
 .debug_aranges
                0x00000000000005a8       0x48 Core/Src/wrapper.o
 .debug_aranges
                0x00000000000005f0       0x28 Core/Startup/startup_stm32f405rgtx.o
 .debug_aranges
                0x0000000000000618       0xf0 Drivers/STM32F4xx_HAL_Driver/Src/stm32f4xx_hal.o
 .debug_aranges
                0x0000000000000708       0xe8 Drivers/STM32F4xx_HAL_Driver/Src/stm32f4xx_hal_adc.o
 .debug_aranges
                0x00000000000007f0      0x118 Drivers/STM32F4xx_HAL_Driver/Src/stm32f4xx_hal_cortex.o
 .debug_aranges
                0x0000000000000908       0x90 Drivers/STM32F4xx_HAL_Driver/Src/stm32f4xx_hal_dma.o
 .debug_aranges
                0x0000000000000998       0x58 Drivers/STM32F4xx_HAL_Driver/Src/stm32f4xx_hal_gpio.o
 .debug_aranges
                0x00000000000009f0      0x2a0 Drivers/STM32F4xx_HAL_Driver/Src/stm32f4xx_hal_i2c.o
 .debug_aranges
                0x0000000000000c90       0x88 Drivers/STM32F4xx_HAL_Driver/Src/stm32f4xx_hal_rcc.o
 .debug_aranges
                0x0000000000000d18      0x1d0 Drivers/STM32F4xx_HAL_Driver/Src/stm32f4xx_hal_spi.o
 .debug_aranges
                0x0000000000000ee8      0x3a8 Drivers/STM32F4xx_HAL_Driver/Src/stm32f4xx_hal_tim.o
 .debug_aranges
                0x0000000000001290      0x150 Drivers/STM32F4xx_HAL_Driver/Src/stm32f4xx_hal_tim_ex.o

.debug_ranges   0x0000000000000000     0x1260
 .debug_ranges  0x0000000000000000       0x48 Core/Src/encoder.o
 .debug_ranges  0x0000000000000048       0xb8 Core/Src/iim_42652.o
 .debug_ranges  0x0000000000000100       0x38 Core/Src/led.o
 .debug_ranges  0x0000000000000138       0x50 Core/Src/line_sensor.o
 .debug_ranges  0x0000000000000188       0x40 Core/Src/line_trace.o
 .debug_ranges  0x00000000000001c8       0x40 Core/Src/logger.o
 .debug_ranges  0x0000000000000208       0xa0 Core/Src/main.o
 .debug_ranges  0x00000000000002a8       0x18 Core/Src/motor.o
 .debug_ranges  0x00000000000002c0       0x10 Core/Src/rotary_switch.o
 .debug_ranges  0x00000000000002d0       0x58 Core/Src/side_sensor.o
 .debug_ranges  0x0000000000000328       0x78 Core/Src/stm32f4xx_hal_msp.o
 .debug_ranges  0x00000000000003a0       0x78 Core/Src/stm32f4xx_it.o
 .debug_ranges  0x0000000000000418       0x18 Core/Src/system_stm32f4xx.o
 .debug_ranges  0x0000000000000430       0x50 Core/Src/test.o
 .debug_ranges  0x0000000000000480       0x38 Core/Src/velocity_control.o
 .debug_ranges  0x00000000000004b8       0x38 Core/Src/wrapper.o
 .debug_ranges  0x00000000000004f0       0x20 Core/Startup/startup_stm32f405rgtx.o
 .debug_ranges  0x0000000000000510       0xe0 Drivers/STM32F4xx_HAL_Driver/Src/stm32f4xx_hal.o
 .debug_ranges  0x00000000000005f0       0xd8 Drivers/STM32F4xx_HAL_Driver/Src/stm32f4xx_hal_adc.o
 .debug_ranges  0x00000000000006c8      0x108 Drivers/STM32F4xx_HAL_Driver/Src/stm32f4xx_hal_cortex.o
 .debug_ranges  0x00000000000007d0       0x80 Drivers/STM32F4xx_HAL_Driver/Src/stm32f4xx_hal_dma.o
 .debug_ranges  0x0000000000000850       0x48 Drivers/STM32F4xx_HAL_Driver/Src/stm32f4xx_hal_gpio.o
 .debug_ranges  0x0000000000000898      0x2b8 Drivers/STM32F4xx_HAL_Driver/Src/stm32f4xx_hal_i2c.o
 .debug_ranges  0x0000000000000b50       0x78 Drivers/STM32F4xx_HAL_Driver/Src/stm32f4xx_hal_rcc.o
 .debug_ranges  0x0000000000000bc8      0x1c0 Drivers/STM32F4xx_HAL_Driver/Src/stm32f4xx_hal_spi.o
 .debug_ranges  0x0000000000000d88      0x398 Drivers/STM32F4xx_HAL_Driver/Src/stm32f4xx_hal_tim.o
 .debug_ranges  0x0000000000001120      0x140 Drivers/STM32F4xx_HAL_Driver/Src/stm32f4xx_hal_tim_ex.o

.debug_macro    0x0000000000000000    0x24140
 .debug_macro   0x0000000000000000      0x23b Core/Src/encoder.o
 .debug_macro   0x000000000000023b      0xb32 Core/Src/encoder.o
 .debug_macro   0x0000000000000d6d      0x2a0 Core/Src/encoder.o
 .debug_macro   0x000000000000100d       0x2e Core/Src/encoder.o
 .debug_macro   0x000000000000103b       0x2f Core/Src/encoder.o
 .debug_macro   0x000000000000106a       0x1c Core/Src/encoder.o
 .debug_macro   0x0000000000001086       0x22 Core/Src/encoder.o
 .debug_macro   0x00000000000010a8       0x8e Core/Src/encoder.o
 .debug_macro   0x0000000000001136       0x51 Core/Src/encoder.o
 .debug_macro   0x0000000000001187       0xef Core/Src/encoder.o
 .debug_macro   0x0000000000001276       0x6a Core/Src/encoder.o
 .debug_macro   0x00000000000012e0      0x1df Core/Src/encoder.o
 .debug_macro   0x00000000000014bf       0x1c Core/Src/encoder.o
 .debug_macro   0x00000000000014db       0x22 Core/Src/encoder.o
 .debug_macro   0x00000000000014fd       0xdf Core/Src/encoder.o
 .debug_macro   0x00000000000015dc     0x102d Core/Src/encoder.o
 .debug_macro   0x0000000000002609      0x11f Core/Src/encoder.o
 .debug_macro   0x0000000000002728    0x14251 Core/Src/encoder.o
 .debug_macro   0x0000000000016979       0x43 Core/Src/encoder.o
 .debug_macro   0x00000000000169bc     0x3659 Core/Src/encoder.o
 .debug_macro   0x000000000001a015      0x17b Core/Src/encoder.o
 .debug_macro   0x000000000001a190       0x5a Core/Src/encoder.o
 .debug_macro   0x000000000001a1ea      0x8a7 Core/Src/encoder.o
 .debug_macro   0x000000000001aa91      0x9fe Core/Src/encoder.o
 .debug_macro   0x000000000001b48f      0x117 Core/Src/encoder.o
 .debug_macro   0x000000000001b5a6      0x130 Core/Src/encoder.o
 .debug_macro   0x000000000001b6d6       0x27 Core/Src/encoder.o
 .debug_macro   0x000000000001b6fd      0x174 Core/Src/encoder.o
 .debug_macro   0x000000000001b871      0x287 Core/Src/encoder.o
 .debug_macro   0x000000000001baf8       0x5f Core/Src/encoder.o
 .debug_macro   0x000000000001bb57      0x236 Core/Src/encoder.o
 .debug_macro   0x000000000001bd8d      0x391 Core/Src/encoder.o
 .debug_macro   0x000000000001c11e      0x176 Core/Src/encoder.o
 .debug_macro   0x000000000001c294       0xf9 Core/Src/encoder.o
 .debug_macro   0x000000000001c38d      0x12c Core/Src/encoder.o
 .debug_macro   0x000000000001c4b9      0x21e Core/Src/encoder.o
 .debug_macro   0x000000000001c6d7       0x2e Core/Src/encoder.o
 .debug_macro   0x000000000001c705      0x1b5 Core/Src/encoder.o
 .debug_macro   0x000000000001c8ba       0xd6 Core/Src/encoder.o
 .debug_macro   0x000000000001c990      0x11a Core/Src/encoder.o
 .debug_macro   0x000000000001caaa       0x7e Core/Src/encoder.o
 .debug_macro   0x000000000001cb28       0x89 Core/Src/encoder.o
 .debug_macro   0x000000000001cbb1      0x225 Core/Src/encoder.o
 .debug_macro   0x000000000001cdd6      0x8a0 Core/Src/encoder.o
 .debug_macro   0x000000000001d676       0x47 Core/Src/encoder.o
 .debug_macro   0x000000000001d6bd      0x12d Core/Src/encoder.o
 .debug_macro   0x000000000001d7ea       0x16 Core/Src/encoder.o
 .debug_macro   0x000000000001d800       0xee Core/Src/encoder.o
 .debug_macro   0x000000000001d8ee       0x16 Core/Src/encoder.o
 .debug_macro   0x000000000001d904      0x231 Core/Src/iim_42652.o
 .debug_macro   0x000000000001db35      0x319 Core/Src/iim_42652.o
 .debug_macro   0x000000000001de4e      0x215 Core/Src/led.o
 .debug_macro   0x000000000001e063       0x3a Core/Src/led.o
 .debug_macro   0x000000000001e09d      0x23b Core/Src/line_sensor.o
 .debug_macro   0x000000000001e2d8       0x28 Core/Src/line_sensor.o
 .debug_macro   0x000000000001e300      0x24a Core/Src/line_trace.o
 .debug_macro   0x000000000001e54a       0x46 Core/Src/line_trace.o
 .debug_macro   0x000000000001e590      0x3d1 Core/Src/logger.o
 .debug_macro   0x000000000001e961      0x31f Core/Src/logger.o
 .debug_macro   0x000000000001ec80       0x40 Core/Src/logger.o
 .debug_macro   0x000000000001ecc0       0x5e Core/Src/logger.o
 .debug_macro   0x000000000001ed1e      0x168 Core/Src/logger.o
 .debug_macro   0x000000000001ee86       0x10 Core/Src/logger.o
 .debug_macro   0x000000000001ee96      0x3f4 Core/Src/logger.o
 .debug_macro   0x000000000001f28a       0x18 Core/Src/logger.o
 .debug_macro   0x000000000001f2a2      0x1da Core/Src/logger.o
 .debug_macro   0x000000000001f47c       0x10 Core/Src/logger.o
 .debug_macro   0x000000000001f48c       0x16 Core/Src/logger.o
 .debug_macro   0x000000000001f4a2       0x16 Core/Src/logger.o
 .debug_macro   0x000000000001f4b8       0x29 Core/Src/logger.o
 .debug_macro   0x000000000001f4e1       0x10 Core/Src/logger.o
 .debug_macro   0x000000000001f4f1      0x3c7 Core/Src/logger.o
 .debug_macro   0x000000000001f8b8       0x16 Core/Src/logger.o
 .debug_macro   0x000000000001f8ce      0x231 Core/Src/main.o
 .debug_macro   0x000000000001faff      0xa5a Core/Src/main.o
 .debug_macro   0x0000000000020559     0x102d Core/Src/main.o
 .debug_macro   0x0000000000021586      0x174 Core/Src/main.o
 .debug_macro   0x00000000000216fa       0x22 Core/Src/main.o
 .debug_macro   0x000000000002171c      0x23b Core/Src/motor.o
 .debug_macro   0x0000000000021957       0x22 Core/Src/motor.o
 .debug_macro   0x0000000000021979      0x215 Core/Src/rotary_switch.o
 .debug_macro   0x0000000000021b8e       0x1c Core/Src/rotary_switch.o
 .debug_macro   0x0000000000021baa      0x231 Core/Src/side_sensor.o
 .debug_macro   0x0000000000021ddb      0x20b Core/Src/stm32f4xx_hal_msp.o
 .debug_macro   0x0000000000021fe6      0x215 Core/Src/stm32f4xx_it.o
 .debug_macro   0x00000000000221fb      0x207 Core/Src/system_stm32f4xx.o
 .debug_macro   0x0000000000022402      0x28b Core/Src/test.o
 .debug_macro   0x000000000002268d      0x245 Core/Src/velocity_control.o
 .debug_macro   0x00000000000228d2      0x2ba Core/Src/wrapper.o
 .debug_macro   0x0000000000022b8c       0x2e Core/Src/wrapper.o
 .debug_macro   0x0000000000022bba       0x64 Core/Src/wrapper.o
 .debug_macro   0x0000000000022c1e      0x261 Drivers/STM32F4xx_HAL_Driver/Src/stm32f4xx_hal.o
 .debug_macro   0x0000000000022e7f      0x202 Drivers/STM32F4xx_HAL_Driver/Src/stm32f4xx_hal_adc.o
 .debug_macro   0x0000000000023081      0x201 Drivers/STM32F4xx_HAL_Driver/Src/stm32f4xx_hal_cortex.o
 .debug_macro   0x0000000000023282      0x207 Drivers/STM32F4xx_HAL_Driver/Src/stm32f4xx_hal_dma.o
 .debug_macro   0x0000000000023489      0x237 Drivers/STM32F4xx_HAL_Driver/Src/stm32f4xx_hal_gpio.o
 .debug_macro   0x00000000000236c0      0x248 Drivers/STM32F4xx_HAL_Driver/Src/stm32f4xx_hal_i2c.o
 .debug_macro   0x0000000000023908      0x225 Drivers/STM32F4xx_HAL_Driver/Src/stm32f4xx_hal_rcc.o
 .debug_macro   0x0000000000023b2d      0x210 Drivers/STM32F4xx_HAL_Driver/Src/stm32f4xx_hal_spi.o
 .debug_macro   0x0000000000023d3d      0x202 Drivers/STM32F4xx_HAL_Driver/Src/stm32f4xx_hal_tim.o
 .debug_macro   0x0000000000023f3f      0x201 Drivers/STM32F4xx_HAL_Driver/Src/stm32f4xx_hal_tim_ex.o

.debug_line     0x0000000000000000    0x121ee
 .debug_line    0x0000000000000000      0x805 Core/Src/encoder.o
 .debug_line    0x0000000000000805      0x998 Core/Src/iim_42652.o
 .debug_line    0x000000000000119d      0x81a Core/Src/led.o
 .debug_line    0x00000000000019b7      0x94a Core/Src/line_sensor.o
 .debug_line    0x0000000000002301      0x81f Core/Src/line_trace.o
 .debug_line    0x0000000000002b20     0x10e4 Core/Src/logger.o
 .debug_line    0x0000000000003c04      0xa3f Core/Src/main.o
 .debug_line    0x0000000000004643      0x7f8 Core/Src/motor.o
 .debug_line    0x0000000000004e3b      0x76c Core/Src/rotary_switch.o
 .debug_line    0x00000000000055a7      0x8fc Core/Src/side_sensor.o
 .debug_line    0x0000000000005ea3      0x924 Core/Src/stm32f4xx_hal_msp.o
 .debug_line    0x00000000000067c7      0x848 Core/Src/stm32f4xx_it.o
 .debug_line    0x000000000000700f      0x761 Core/Src/system_stm32f4xx.o
 .debug_line    0x0000000000007770      0x8b4 Core/Src/test.o
 .debug_line    0x0000000000008024      0x819 Core/Src/velocity_control.o
 .debug_line    0x000000000000883d      0x8b7 Core/Src/wrapper.o
 .debug_line    0x00000000000090f4       0x85 Core/Startup/startup_stm32f405rgtx.o
 .debug_line    0x0000000000009179      0x94b Drivers/STM32F4xx_HAL_Driver/Src/stm32f4xx_hal.o
 .debug_line    0x0000000000009ac4      0xbb0 Drivers/STM32F4xx_HAL_Driver/Src/stm32f4xx_hal_adc.o
 .debug_line    0x000000000000a674      0xa6f Drivers/STM32F4xx_HAL_Driver/Src/stm32f4xx_hal_cortex.o
 .debug_line    0x000000000000b0e3      0xa19 Drivers/STM32F4xx_HAL_Driver/Src/stm32f4xx_hal_dma.o
 .debug_line    0x000000000000bafc      0x92a Drivers/STM32F4xx_HAL_Driver/Src/stm32f4xx_hal_gpio.o
 .debug_line    0x000000000000c426     0x1bf9 Drivers/STM32F4xx_HAL_Driver/Src/stm32f4xx_hal_i2c.o
 .debug_line    0x000000000000e01f      0x9a3 Drivers/STM32F4xx_HAL_Driver/Src/stm32f4xx_hal_rcc.o
 .debug_line    0x000000000000e9c2     0x1107 Drivers/STM32F4xx_HAL_Driver/Src/stm32f4xx_hal_spi.o
 .debug_line    0x000000000000fac9     0x19c4 Drivers/STM32F4xx_HAL_Driver/Src/stm32f4xx_hal_tim.o
 .debug_line    0x000000000001148d      0xd61 Drivers/STM32F4xx_HAL_Driver/Src/stm32f4xx_hal_tim_ex.o

.debug_str      0x0000000000000000    0xcaa24
 .debug_str     0x0000000000000000    0xbe726 Core/Src/encoder.o
                                      0xbec91 (size before relaxing)
 .debug_str     0x00000000000be726     0x1071 Core/Src/iim_42652.o
                                      0xbfb0e (size before relaxing)
 .debug_str     0x00000000000bf797      0x2d4 Core/Src/led.o
                                      0xbd656 (size before relaxing)
 .debug_str     0x00000000000bfa6b      0x3c4 Core/Src/line_sensor.o
                                      0xbeed1 (size before relaxing)
 .debug_str     0x00000000000bfe2f      0x2c3 Core/Src/line_trace.o
                                      0xbf0e4 (size before relaxing)
 .debug_str     0x00000000000c00f2     0x5ef0 Core/Src/logger.o
                                      0xc5c43 (size before relaxing)
 .debug_str     0x00000000000c5fe2      0xc4c Core/Src/main.o
                                      0xbeffd (size before relaxing)
 .debug_str     0x00000000000c6c2e      0x156 Core/Src/motor.o
                                      0xbecc3 (size before relaxing)
 .debug_str     0x00000000000c6d84       0xfe Core/Src/rotary_switch.o
                                      0xbd44e (size before relaxing)
 .debug_str     0x00000000000c6e82       0x39 Core/Src/side_sensor.o
                                      0xbeedf (size before relaxing)
 .debug_str     0x00000000000c6ebb      0x15d Core/Src/stm32f4xx_hal_msp.o
                                      0xbe035 (size before relaxing)
 .debug_str     0x00000000000c7018      0x119 Core/Src/stm32f4xx_it.o
                                      0xbd3bf (size before relaxing)
 .debug_str     0x00000000000c7131       0xc4 Core/Src/system_stm32f4xx.o
                                      0xbd01b (size before relaxing)
 .debug_str     0x00000000000c71f5      0x377 Core/Src/test.o
                                      0xbfd6a (size before relaxing)
 .debug_str     0x00000000000c756c       0x4d Core/Src/velocity_control.o
                                      0xbee74 (size before relaxing)
 .debug_str     0x00000000000c75b9      0x19e Core/Src/wrapper.o
                                      0xc12fe (size before relaxing)
 .debug_str     0x00000000000c7757       0x36 Core/Startup/startup_stm32f405rgtx.o