Archive member included to satisfy reference by file (symbol)

c:/users/owner/stm32cubeide_1.5.1/stm32cubeide/plugins/com.st.stm32cube.ide.mcu.externaltools.gnu-tools-for-stm32.7-2018-q2-update.win32_1.5.0.202011040924/tools/bin/../lib/gcc/arm-none-eabi/7.3.1/../../../../arm-none-eabi/lib/thumb/v7e-m/fpv4-sp/hard\libstdc++_nano.a(guard.o)
                              Core/Src/line_trace.o (__cxa_guard_acquire)
c:/users/owner/stm32cubeide_1.5.1/stm32cubeide/plugins/com.st.stm32cube.ide.mcu.externaltools.gnu-tools-for-stm32.7-2018-q2-update.win32_1.5.0.202011040924/tools/bin/../lib/gcc/arm-none-eabi/7.3.1/../../../../arm-none-eabi/lib/thumb/v7e-m/fpv4-sp/hard\libc_nano.a(lib_a-errno.o)
                              Core/Src/syscalls.o (__errno)
c:/users/owner/stm32cubeide_1.5.1/stm32cubeide/plugins/com.st.stm32cube.ide.mcu.externaltools.gnu-tools-for-stm32.7-2018-q2-update.win32_1.5.0.202011040924/tools/bin/../lib/gcc/arm-none-eabi/7.3.1/../../../../arm-none-eabi/lib/thumb/v7e-m/fpv4-sp/hard\libc_nano.a(lib_a-exit.o)
                              c:/users/owner/stm32cubeide_1.5.1/stm32cubeide/plugins/com.st.stm32cube.ide.mcu.externaltools.gnu-tools-for-stm32.7-2018-q2-update.win32_1.5.0.202011040924/tools/bin/../lib/gcc/arm-none-eabi/7.3.1/../../../../arm-none-eabi/lib/thumb/v7e-m/fpv4-sp/hard/crt0.o (exit)
c:/users/owner/stm32cubeide_1.5.1/stm32cubeide/plugins/com.st.stm32cube.ide.mcu.externaltools.gnu-tools-for-stm32.7-2018-q2-update.win32_1.5.0.202011040924/tools/bin/../lib/gcc/arm-none-eabi/7.3.1/../../../../arm-none-eabi/lib/thumb/v7e-m/fpv4-sp/hard\libc_nano.a(lib_a-impure.o)
                              c:/users/owner/stm32cubeide_1.5.1/stm32cubeide/plugins/com.st.stm32cube.ide.mcu.externaltools.gnu-tools-for-stm32.7-2018-q2-update.win32_1.5.0.202011040924/tools/bin/../lib/gcc/arm-none-eabi/7.3.1/../../../../arm-none-eabi/lib/thumb/v7e-m/fpv4-sp/hard\libc_nano.a(lib_a-exit.o) (_global_impure_ptr)
c:/users/owner/stm32cubeide_1.5.1/stm32cubeide/plugins/com.st.stm32cube.ide.mcu.externaltools.gnu-tools-for-stm32.7-2018-q2-update.win32_1.5.0.202011040924/tools/bin/../lib/gcc/arm-none-eabi/7.3.1/../../../../arm-none-eabi/lib/thumb/v7e-m/fpv4-sp/hard\libc_nano.a(lib_a-init.o)
                              c:/users/owner/stm32cubeide_1.5.1/stm32cubeide/plugins/com.st.stm32cube.ide.mcu.externaltools.gnu-tools-for-stm32.7-2018-q2-update.win32_1.5.0.202011040924/tools/bin/../lib/gcc/arm-none-eabi/7.3.1/../../../../arm-none-eabi/lib/thumb/v7e-m/fpv4-sp/hard/crt0.o (__libc_init_array)
c:/users/owner/stm32cubeide_1.5.1/stm32cubeide/plugins/com.st.stm32cube.ide.mcu.externaltools.gnu-tools-for-stm32.7-2018-q2-update.win32_1.5.0.202011040924/tools/bin/../lib/gcc/arm-none-eabi/7.3.1/../../../../arm-none-eabi/lib/thumb/v7e-m/fpv4-sp/hard\libc_nano.a(lib_a-memcpy-stub.o)
                              Core/Src/flash.o (memcpy)
c:/users/owner/stm32cubeide_1.5.1/stm32cubeide/plugins/com.st.stm32cube.ide.mcu.externaltools.gnu-tools-for-stm32.7-2018-q2-update.win32_1.5.0.202011040924/tools/bin/../lib/gcc/arm-none-eabi/7.3.1/../../../../arm-none-eabi/lib/thumb/v7e-m/fpv4-sp/hard\libc_nano.a(lib_a-memset.o)
                              c:/users/owner/stm32cubeide_1.5.1/stm32cubeide/plugins/com.st.stm32cube.ide.mcu.externaltools.gnu-tools-for-stm32.7-2018-q2-update.win32_1.5.0.202011040924/tools/bin/../lib/gcc/arm-none-eabi/7.3.1/../../../../arm-none-eabi/lib/thumb/v7e-m/fpv4-sp/hard/crt0.o (memset)
c:/users/owner/stm32cubeide_1.5.1/stm32cubeide/plugins/com.st.stm32cube.ide.mcu.externaltools.gnu-tools-for-stm32.7-2018-q2-update.win32_1.5.0.202011040924/tools/bin/../lib/gcc/arm-none-eabi/7.3.1/../../../../arm-none-eabi/lib/thumb/v7e-m/fpv4-sp/hard\libc_nano.a(lib_a-printf.o)
                              Core/Src/print.o (printf)
c:/users/owner/stm32cubeide_1.5.1/stm32cubeide/plugins/com.st.stm32cube.ide.mcu.externaltools.gnu-tools-for-stm32.7-2018-q2-update.win32_1.5.0.202011040924/tools/bin/../lib/gcc/arm-none-eabi/7.3.1/../../../../arm-none-eabi/lib/thumb/v7e-m/fpv4-sp/hard\libc_nano.a(lib_a-puts.o)
                              Core/Src/print.o (puts)
c:/users/owner/stm32cubeide_1.5.1/stm32cubeide/plugins/com.st.stm32cube.ide.mcu.externaltools.gnu-tools-for-stm32.7-2018-q2-update.win32_1.5.0.202011040924/tools/bin/../lib/gcc/arm-none-eabi/7.3.1/../../../../arm-none-eabi/lib/thumb/v7e-m/fpv4-sp/hard\libc_nano.a(lib_a-wbuf.o)
                              c:/users/owner/stm32cubeide_1.5.1/stm32cubeide/plugins/com.st.stm32cube.ide.mcu.externaltools.gnu-tools-for-stm32.7-2018-q2-update.win32_1.5.0.202011040924/tools/bin/../lib/gcc/arm-none-eabi/7.3.1/../../../../arm-none-eabi/lib/thumb/v7e-m/fpv4-sp/hard\libc_nano.a(lib_a-puts.o) (__swbuf_r)
[...]
Memory Configuration

Name             Origin             Length             Attributes
CCMRAM           0x0000000010000000 0x0000000000010000 xrw
RAM              0x0000000020000000 0x0000000000020000 xrw
FLASH_SECTOR0    0x0000000008000000 0x0000000000004000 xr
FLASH_DATA       0x0000000008004000 0x000000000001c000 r
FLASH            0x0000000008020000 0x00000000000e0000 xr
*default*        0x0000000000000000 0xffffffffffffffff

Linker script and memory map

LOAD c:/users/owner/stm32cubeide_1.5.1/stm32cubeide/plugins/com.st.stm32cube.ide.mcu.externaltools.gnu-tools-for-stm32.7-2018-q2-update.win32_1.5.0.202011040924/tools/bin/../lib/gcc/arm-none-eabi/7.3.1/thumb/v7e-m/fpv4-sp/hard/crti.o
LOAD c:/users/owner/stm32cubeide_1.5.1/stm32cubeide/plugins/com.st.stm32cube.ide.mcu.externaltools.gnu-tools-for-stm32.7-2018-q2-update.win32_1.5.0.202011040924/tools/bin/../lib/gcc/arm-none-eabi/7.3.1/thumb/v7e-m/fpv4-sp/hard/crtbegin.o
LOAD c:/users/owner/stm32cubeide_1.5.1/stm32cubeide/plugins/com.st.stm32cube.ide.mcu.externaltools.gnu-tools-for-stm32.7-2018-q2-update.win32_1.5.0.202011040924/tools/bin/../lib/gcc/arm-none-eabi/7.3.1/../../../../arm-none-eabi/lib/thumb/v7e-m/fpv4-sp/hard/crt0.o
LOAD Core/Src/encoder.o
LOAD Core/Src/flash.o
LOAD Core/Src/iim_42652.o
LOAD Core/Src/led.o
LOAD Core/Src/line_sensor.o
LOAD Core/Src/line_trace.o
LOAD Core/Src/logger.o
LOAD Core/Src/logger2.o
LOAD Core/Src/main.o
LOAD Core/Src/motor.o
LOAD Core/Src/print.o
LOAD Core/Src/rotary_switch.o
LOAD Core/Src/run.o
LOAD Core/Src/side_sensor.o
LOAD Core/Src/stm32f4xx_hal_msp.o
LOAD Core/Src/stm32f4xx_it.o
LOAD Core/Src/swo_setting.o
LOAD Core/Src/syscalls.o
LOAD Core/Src/sysmem.o
LOAD Core/Src/system_stm32f4xx.o
LOAD Core/Src/test.o
LOAD Core/Src/velocity_control.o
LOAD Core/Src/wrapper.o
LOAD Core/Startup/startup_stm32f405rgtx.o
LOAD Drivers/STM32F4xx_HAL_Driver/Src/stm32f4xx_hal.o
LOAD Drivers/STM32F4xx_HAL_Driver/Src/stm32f4xx_hal_adc.o
LOAD Drivers/STM32F4xx_HAL_Driver/Src/stm32f4xx_hal_adc_ex.o
LOAD Drivers/STM32F4xx_HAL_Driver/Src/stm32f4xx_hal_cortex.o
LOAD Drivers/STM32F4xx_HAL_Driver/Src/stm32f4xx_hal_dma.o
LOAD Drivers/STM32F4xx_HAL_Driver/Src/stm32f4xx_hal_dma_ex.o
LOAD Drivers/STM32F4xx_HAL_Driver/Src/stm32f4xx_hal_exti.o
LOAD Drivers/STM32F4xx_HAL_Driver/Src/stm32f4xx_hal_flash.o
LOAD Drivers/STM32F4xx_HAL_Driver/Src/stm32f4xx_hal_flash_ex.o
LOAD Drivers/STM32F4xx_HAL_Driver/Src/stm32f4xx_hal_flash_ramfunc.o
LOAD Drivers/STM32F4xx_HAL_Driver/Src/stm32f4xx_hal_gpio.o
LOAD Drivers/STM32F4xx_HAL_Driver/Src/stm32f4xx_hal_i2c.o
LOAD Drivers/STM32F4xx_HAL_Driver/Src/stm32f4xx_hal_i2c_ex.o
LOAD Drivers/STM32F4xx_HAL_Driver/Src/stm32f4xx_hal_pwr.o
LOAD Drivers/STM32F4xx_HAL_Driver/Src/stm32f4xx_hal_pwr_ex.o
LOAD Drivers/STM32F4xx_HAL_Driver/Src/stm32f4xx_hal_rcc.o
LOAD Drivers/STM32F4xx_HAL_Driver/Src/stm32f4xx_hal_rcc_ex.o
LOAD Drivers/STM32F4xx_HAL_Driver/Src/stm32f4xx_hal_spi.o
LOAD Drivers/STM32F4xx_HAL_Driver/Src/stm32f4xx_hal_tim.o
LOAD Drivers/STM32F4xx_HAL_Driver/Src/stm32f4xx_hal_tim_ex.o
START GROUP
LOAD c:/users/owner/stm32cubeide_1.5.1/stm32cubeide/plugins/com.st.stm32cube.ide.mcu.externaltools.gnu-tools-for-stm32.7-2018-q2-update.win32_1.5.0.202011040924/tools/bin/../lib/gcc/arm-none-eabi/7.3.1/../../../../arm-none-eabi/lib/thumb/v7e-m/fpv4-sp/hard\libstdc++_nano.a
LOAD c:/users/owner/stm32cubeide_1.5.1/stm32cubeide/plugins/com.st.stm32cube.ide.mcu.externaltools.gnu-tools-for-stm32.7-2018-q2-update.win32_1.5.0.202011040924/tools/bin/../lib/gcc/arm-none-eabi/7.3.1/../../../../arm-none-eabi/lib/thumb/v7e-m/fpv4-sp/hard\libsupc++_nano.a
END GROUP
LOAD c:/users/owner/stm32cubeide_1.5.1/stm32cubeide/plugins/com.st.stm32cube.ide.mcu.externaltools.gnu-tools-for-stm32.7-2018-q2-update.win32_1.5.0.202011040924/tools/bin/../lib/gcc/arm-none-eabi/7.3.1/../../../../arm-none-eabi/lib/thumb/v7e-m/fpv4-sp/hard\libstdc++_nano.a
LOAD c:/users/owner/stm32cubeide_1.5.1/stm32cubeide/plugins/com.st.stm32cube.ide.mcu.externaltools.gnu-tools-for-stm32.7-2018-q2-update.win32_1.5.0.202011040924/tools/bin/../lib/gcc/arm-none-eabi/7.3.1/../../../../arm-none-eabi/lib/thumb/v7e-m/fpv4-sp/hard\libm.a
LOAD c:/users/owner/stm32cubeide_1.5.1/stm32cubeide/plugins/com.st.stm32cube.ide.mcu.externaltools.gnu-tools-for-stm32.7-2018-q2-update.win32_1.5.0.202011040924/tools/bin/../lib/gcc/arm-none-eabi/7.3.1/../../../../arm-none-eabi/lib/thumb/v7e-m/fpv4-sp/hard\libc_nano.a
START GROUP
LOAD c:/users/owner/stm32cubeide_1.5.1/stm32cubeide/plugins/com.st.stm32cube.ide.mcu.externaltools.gnu-tools-for-stm32.7-2018-q2-update.win32_1.5.0.202011040924/tools/bin/../lib/gcc/arm-none-eabi/7.3.1/thumb/v7e-m/fpv4-sp/hard\libgcc.a
LOAD c:/users/owner/stm32cubeide_1.5.1/stm32cubeide/plugins/com.st.stm32cube.ide.mcu.externaltools.gnu-tools-for-stm32.7-2018-q2-update.win32_1.5.0.202011040924/tools/bin/../lib/gcc/arm-none-eabi/7.3.1/../../../../arm-none-eabi/lib/thumb/v7e-m/fpv4-sp/hard\libc_nano.a
END GROUP
START GROUP
LOAD c:/users/owner/stm32cubeide_1.5.1/stm32cubeide/plugins/com.st.stm32cube.ide.mcu.externaltools.gnu-tools-for-stm32.7-2018-q2-update.win32_1.5.0.202011040924/tools/bin/../lib/gcc/arm-none-eabi/7.3.1/thumb/v7e-m/fpv4-sp/hard\libgcc.a
LOAD c:/users/owner/stm32cubeide_1.5.1/stm32cubeide/plugins/com.st.stm32cube.ide.mcu.externaltools.gnu-tools-for-stm32.7-2018-q2-update.win32_1.5.0.202011040924/tools/bin/../lib/gcc/arm-none-eabi/7.3.1/../../../../arm-none-eabi/lib/thumb/v7e-m/fpv4-sp/hard\libc_nano.a
LOAD c:/users/owner/stm32cubeide_1.5.1/stm32cubeide/plugins/com.st.stm32cube.ide.mcu.externaltools.gnu-tools-for-stm32.7-2018-q2-update.win32_1.5.0.202011040924/tools/bin/../lib/gcc/arm-none-eabi/7.3.1/../../../../arm-none-eabi/lib/thumb/v7e-m/fpv4-sp/hard\libnosys.a
END GROUP
START GROUP
LOAD c:/users/owner/stm32cubeide_1.5.1/stm32cubeide/plugins/com.st.stm32cube.ide.mcu.externaltools.gnu-tools-for-stm32.7-2018-q2-update.win32_1.5.0.202011040924/tools/bin/../lib/gcc/arm-none-eabi/7.3.1/thumb/v7e-m/fpv4-sp/hard\libgcc.a
LOAD c:/users/owner/stm32cubeide_1.5.1/stm32cubeide/plugins/com.st.stm32cube.ide.mcu.externaltools.gnu-tools-for-stm32.7-2018-q2-update.win32_1.5.0.202011040924/tools/bin/../lib/gcc/arm-none-eabi/7.3.1/../../../../arm-none-eabi/lib/thumb/v7e-m/fpv4-sp/hard\libc_nano.a
LOAD c:/users/owner/stm32cubeide_1.5.1/stm32cubeide/plugins/com.st.stm32cube.ide.mcu.externaltools.gnu-tools-for-stm32.7-2018-q2-update.win32_1.5.0.202011040924/tools/bin/../lib/gcc/arm-none-eabi/7.3.1/../../../../arm-none-eabi/lib/thumb/v7e-m/fpv4-sp/hard\libnosys.a
END GROUP
LOAD c:/users/owner/stm32cubeide_1.5.1/stm32cubeide/plugins/com.st.stm32cube.ide.mcu.externaltools.gnu-tools-for-stm32.7-2018-q2-update.win32_1.5.0.202011040924/tools/bin/../lib/gcc/arm-none-eabi/7.3.1/thumb/v7e-m/fpv4-sp/hard/crtend.o
LOAD c:/users/owner/stm32cubeide_1.5.1/stm32cubeide/plugins/com.st.stm32cube.ide.mcu.externaltools.gnu-tools-for-stm32.7-2018-q2-update.win32_1.5.0.202011040924/tools/bin/../lib/gcc/arm-none-eabi/7.3.1/thumb/v7e-m/fpv4-sp/hard/crtn.o
                0x0000000020020000                _estack = (ORIGIN (RAM) + LENGTH (RAM))
                0x0000000000000200                _Min_Heap_Size = 0x200
                0x0000000000000400                _Min_Stack_Size = 0x400

.isr_vector     0x0000000008000000      0x188
                0x0000000008000000                . = ALIGN (0x4)
 *(.isr_vector)
 .isr_vector    0x0000000008000000      0x188 Core/Startup/startup_stm32f405rgtx.o
                0x0000000008000000                g_pfnVectors
                0x0000000008000188                . = ALIGN (0x4)

.text           0x0000000008020000     0x7f74
                0x0000000008020000                . = ALIGN (0x4)
 *(.text)
 .text          0x0000000008020000       0x40 c:/users/owner/stm32cubeide_1.5.1/stm32cubeide/plugins/com.st.stm32cube.ide.mcu.externaltools.gnu-tools-for-stm32.7-2018-q2-update.win32_1.5.0.202011040924/tools/bin/../lib/gcc/arm-none-eabi/7.3.1/thumb/v7e-m/fpv4-sp/hard/crtbegin.o
 .text          0x0000000008020040      0x378 c:/users/owner/stm32cubeide_1.5.1/stm32cubeide/plugins/com.st.stm32cube.ide.mcu.externaltools.gnu-tools-for-stm32.7-2018-q2-update.win32_1.5.0.202011040924/tools/bin/../lib/gcc/arm-none-eabi/7.3.1/thumb/v7e-m/fpv4-sp/hard\libgcc.a(_arm_addsubdf3.o)
                0x0000000008020040                __aeabi_drsub
                0x0000000008020048                __aeabi_dsub
                0x0000000008020048                __subdf3
                0x000000000802004c                __aeabi_dadd
                0x000000000802004c                __adddf3
                0x00000000080202c4                __floatunsidf
                0x00000000080202c4                __aeabi_ui2d
                0x00000000080202e4                __floatsidf
                0x00000000080202e4                __aeabi_i2d
                0x0000000008020308                __aeabi_f2d
                0x0000000008020308                __extendsfdf2
                0x000000000802034c                __floatundidf
                0x000000000802034c                __aeabi_ul2d
                0x000000000802035c                __floatdidf
                0x000000000802035c                __aeabi_l2d
 .text          0x00000000080203b8      0x424 c:/users/owner/stm32cubeide_1.5.1/stm32cubeide/plugins/com.st.stm32cube.ide.mcu.externaltools.gnu-tools-for-stm32.7-2018-q2-update.win32_1.5.0.202011040924/tools/bin/../lib/gcc/arm-none-eabi/7.3.1/thumb/v7e-m/fpv4-sp/hard\libgcc.a(_arm_muldivdf3.o)
                0x00000000080203b8                __aeabi_dmul
                0x00000000080203b8                __muldf3
                0x000000000802060c                __divdf3
                0x000000000802060c                __aeabi_ddiv
 .text          0x00000000080207dc      0x110 c:/users/owner/stm32cubeide_1.5.1/stm32cubeide/plugins/com.st.stm32cube.ide.mcu.externaltools.gnu-tools-for-stm32.7-2018-q2-update.win32_1.5.0.202011040924/tools/bin/../lib/gcc/arm-none-eabi/7.3.1/thumb/v7e-m/fpv4-sp/hard\libgcc.a(_arm_cmpdf2.o)
                0x00000000080207dc                __gtdf2
                0x00000000080207dc                __gedf2
                0x00000000080207e4                __ltdf2
                0x00000000080207e4                __ledf2
                0x00000000080207ec                __nedf2
                0x00000000080207ec                __eqdf2
                0x00000000080207ec                __cmpdf2
                0x0000000008020868                __aeabi_cdrcmple
                0x0000000008020878                __aeabi_cdcmpeq
                0x0000000008020878                __aeabi_cdcmple
                0x0000000008020888                __aeabi_dcmpeq
                0x000000000802089c                __aeabi_dcmplt
                0x00000000080208b0                __aeabi_dcmple
                0x00000000080208c4                __aeabi_dcmpge
                0x00000000080208d8                __aeabi_dcmpgt
 .text          0x00000000080208ec       0xa0 c:/users/owner/stm32cubeide_1.5.1/stm32cubeide/plugins/com.st.stm32cube.ide.mcu.externaltools.gnu-tools-for-stm32.7-2018-q2-update.win32_1.5.0.202011040924/tools/bin/../lib/gcc/arm-none-eabi/7.3.1/thumb/v7e-m/fpv4-sp/hard\libgcc.a(_arm_truncdfsf2.o)
                0x00000000080208ec                __truncdfsf2
                0x00000000080208ec                __aeabi_d2f
 .text          0x000000000802098c       0x30 c:/users/owner/stm32cubeide_1.5.1/stm32cubeide/plugins/com.st.stm32cube.ide.mcu.externaltools.gnu-tools-for-stm32.7-2018-q2-update.win32_1.5.0.202011040924/tools/bin/../lib/gcc/arm-none-eabi/7.3.1/thumb/v7e-m/fpv4-sp/hard\libgcc.a(_aeabi_uldivmod.o)
                0x000000000802098c                __aeabi_uldivmod
 .text          0x00000000080209bc      0x2cc c:/users/owner/stm32cubeide_1.5.1/stm32cubeide/plugins/com.st.stm32cube.ide.mcu.externaltools.gnu-tools-for-stm32.7-2018-q2-update.win32_1.5.0.202011040924/tools/bin/../lib/gcc/arm-none-eabi/7.3.1/thumb/v7e-m/fpv4-sp/hard\libgcc.a(_udivmoddi4.o)
                0x00000000080209bc                __udivmoddi4
 .text          0x0000000008020c88        0x4 c:/users/owner/stm32cubeide_1.5.1/stm32cubeide/plugins/com.st.stm32cube.ide.mcu.externaltools.gnu-tools-for-stm32.7-2018-q2-update.win32_1.5.0.202011040924/tools/bin/../lib/gcc/arm-none-eabi/7.3.1/thumb/v7e-m/fpv4-sp/hard\libgcc.a(_dvmd_tls.o)
                0x0000000008020c88                __aeabi_idiv0
                0x0000000008020c88                __aeabi_ldiv0
 *(.text*)
 .text._ZN7EncoderC2Ev
                0x0000000008020c8c       0x2e Core/Src/encoder.o
                0x0000000008020c8c                Encoder::Encoder()
                0x0000000008020c8c                Encoder::Encoder()
 *fill*         0x0000000008020cba        0x2 
 .text._ZN7Encoder4InitEv
                0x0000000008020cbc       0x64 Core/Src/encoder.o
                0x0000000008020cbc                Encoder::Init()
 .text._ZN7Encoder6UpdateEv
                0x0000000008020d20      0x108 Core/Src/encoder.o
                0x0000000008020d20                Encoder::Update()
 .text._ZN7Encoder18ResetDistanceStackEv
                0x0000000008020e28       0x1c Core/Src/encoder.o
                0x0000000008020e28                Encoder::ResetDistanceStack()
 .text._ZN7Encoder11GetDistanceEv
                0x0000000008020e44       0x1e Core/Src/encoder.o
                0x0000000008020e44                Encoder::GetDistance()
 .text._ZN7Encoder16GetDistanceStackEv
                0x0000000008020e62       0x1e Core/Src/encoder.o
                0x0000000008020e62                Encoder::GetDistanceStack()
 .text._ZN7Encoder15AngularVelocityEv
                0x0000000008020e80       0x40 Core/Src/encoder.o
                0x0000000008020e80                Encoder::AngularVelocity()
 .text._ZN8Iim42652C2Ev
                0x0000000008020ec0       0x22 Core/Src/iim_42652.o
                0x0000000008020ec0                Iim42652::Iim42652()
                0x0000000008020ec0                Iim42652::Iim42652()
 .text._ZN3LedC2Ev
                0x0000000008020ee2       0x22 Core/Src/led.o
                0x0000000008020ee2                Led::Led()
                0x0000000008020ee2                Led::Led()
 .text._ZN3Led10ColorOrderEc
                0x0000000008020f04      0x1b8 Core/Src/led.o
                0x0000000008020f04                Led::ColorOrder(char)
 .text._ZN3Led5BlinkEhcc
                0x00000000080210bc       0x5a Core/Src/led.o
                0x00000000080210bc                Led::Blink(unsigned char, char, char)
 .text._ZN10LineSensorC2Ev
                0x0000000008021116       0x80 Core/Src/line_sensor.o
                0x0000000008021116                LineSensor::LineSensor()
                0x0000000008021116                LineSensor::LineSensor()
 *fill*         0x0000000008021196        0x2 
 .text._ZN10LineSensor4InitEv
                0x0000000008021198       0x74 Core/Src/line_sensor.o
                0x0000000008021198                LineSensor::Init()
 .text._ZN10LineSensor20StoreConsecutiveBuffEv
                0x000000000802120c       0x6c Core/Src/line_sensor.o
                0x000000000802120c                LineSensor::StoreConsecutiveBuff()
 .text._ZN10LineSensor9MergeSortEPthh
                0x0000000008021278      0x1a2 Core/Src/line_sensor.o
                0x0000000008021278                LineSensor::MergeSort(unsigned short*, unsigned char, unsigned char)
 *fill*         0x000000000802141a        0x2 
 .text._ZN10LineSensor6UpdateEv
                0x000000000802141c      0x1d0 Core/Src/line_sensor.o
                0x000000000802141c                LineSensor::Update()
 .text._ZN10LineSensor19LeftRightDifferenceEv
                0x00000000080215ec       0xac Core/Src/line_sensor.o
                0x00000000080215ec                LineSensor::LeftRightDifference()
 .text._ZN10LineSensor20GetEmergencyStopFlagEv
                0x0000000008021698       0x1a Core/Src/line_sensor.o
                0x0000000008021698                LineSensor::GetEmergencyStopFlag()
 *fill*         0x00000000080216b2        0x2 
 .text._ZN10LineSensor16CheckCalibrationEv
                0x00000000080216b4       0xb8 Core/Src/line_sensor.o
                0x00000000080216b4                LineSensor::CheckCalibration()
 .text._ZN10LineSensor15MonitorLineBuffEv
                0x000000000802176c       0x3c Core/Src/line_sensor.o
                0x000000000802176c                LineSensor::MonitorLineBuff()
 .text._ZN9LineTraceC2EP10LineSensor
                0x00000000080217a8       0x26 Core/Src/line_trace.o
                0x00000000080217a8                LineTrace::LineTrace(LineSensor*)
                0x00000000080217a8                LineTrace::LineTrace(LineSensor*)
 *fill*         0x00000000080217ce        0x2 
 .text._ZN9LineTrace13LineTraceOnlyEv
                0x00000000080217d0       0x3c Core/Src/line_trace.o
                0x00000000080217d0                LineTrace::LineTraceOnly()
 *fill*         0x000000000802180c        0x4 
 .text._ZN9LineTrace10PidControlEfff
                0x0000000008021810      0x174 Core/Src/line_trace.o
                0x0000000008021810                LineTrace::PidControl(float, float, float)
 .text._ZN9LineTrace16SetIntegralErrorEf
                0x0000000008021984       0x2c Core/Src/line_trace.o
                0x0000000008021984                LineTrace::SetIntegralError(float)
 .text._ZN6LoggerC2Ev
                0x00000000080219b0       0x32 Core/Src/logger.o
                0x00000000080219b0                Logger::Logger()
                0x00000000080219b0                Logger::Logger()
 .text._ZN7Logger2C2EP7EncoderP5FlashP3LedP8Iim42652P10SideSensor
                0x00000000080219e2       0x68 Core/Src/logger2.o
                0x00000000080219e2                Logger2::Logger2(Encoder*, Flash*, Led*, Iim42652*, SideSensor*)
                0x00000000080219e2                Logger2::Logger2(Encoder*, Flash*, Led*, Iim42652*, SideSensor*)
 *fill*         0x0000000008021a4a        0x2 
 .text.HAL_TIM_PeriodElapsedCallback
                0x0000000008021a4c       0x44 Core/Src/main.o
                0x0000000008021a4c                HAL_TIM_PeriodElapsedCallback
 .text.main     0x0000000008021a90       0x52 Core/Src/main.o
                0x0000000008021a90                main
 *fill*         0x0000000008021ae2        0x2 
 .text.SystemClock_Config
                0x0000000008021ae4       0xd4 Core/Src/main.o
                0x0000000008021ae4                SystemClock_Config
 .text.MX_ADC1_Init
                0x0000000008021bb8      0x210 Core/Src/main.o
 .text.MX_I2C2_Init
                0x0000000008021dc8       0x5c Core/Src/main.o
 .text.MX_SPI3_Init
                0x0000000008021e24       0x6c Core/Src/main.o
 .text.MX_TIM1_Init
                0x0000000008021e90      0x120 Core/Src/main.o
 .text.MX_TIM2_Init
                0x0000000008021fb0       0x9c Core/Src/main.o
 .text.MX_TIM3_Init
                0x000000000802204c       0xf4 Core/Src/main.o
 .text.MX_TIM4_Init
                0x0000000008022140       0xa8 Core/Src/main.o
 .text.MX_TIM5_Init
                0x00000000080221e8       0x9c Core/Src/main.o
 .text.MX_TIM6_Init
                0x0000000008022284       0x6c Core/Src/main.o
 .text.MX_TIM7_Init
                0x00000000080222f0       0x6c Core/Src/main.o
 .text.MX_TIM8_Init
                0x000000000802235c       0xb0 Core/Src/main.o
 .text.MX_TIM11_Init
                0x000000000802240c       0x9c Core/Src/main.o
 .text.MX_TIM12_Init
                0x00000000080224a8       0x8c Core/Src/main.o
 .text.MX_DMA_Init
                0x0000000008022534       0x40 Core/Src/main.o
 .text.MX_GPIO_Init
                0x0000000008022574      0x1a0 Core/Src/main.o
 .text.Error_Handler
                0x0000000008022714        0x8 Core/Src/main.o
                0x0000000008022714                Error_Handler
 .text._ZN5Motor4InitEv
                0x000000000802271c       0x60 Core/Src/motor.o
                0x000000000802271c                Motor::Init()
 *fill*         0x000000000802277c        0x4 
 .text._ZN5Motor5DriveEff
                0x0000000008022780      0x274 Core/Src/motor.o
                0x0000000008022780                Motor::Drive(float, float)
 .text._ZN5PrintC2EP5Flash
                0x00000000080229f4       0x24 Core/Src/print.o
                0x00000000080229f4                Print::Print(Flash*)
                0x00000000080229f4                Print::Print(Flash*)
 .text._ZN12RotarySwitch5StateEv
                0x0000000008022a18       0xa0 Core/Src/rotary_switch.o
                0x0000000008022a18                RotarySwitch::State()
 .text._ZN10SideSensorC2Ev
                0x0000000008022ab8       0x40 Core/Src/side_sensor.o
                0x0000000008022ab8                SideSensor::SideSensor()
                0x0000000008022ab8                SideSensor::SideSensor()
 .text._ZN10SideSensor11UpdateStateEv
                0x0000000008022af8      0x140 Core/Src/side_sensor.o
                0x0000000008022af8                SideSensor::UpdateState()
 .text._ZN10SideSensor6UpdateEv
                0x0000000008022c38       0xa0 Core/Src/side_sensor.o
                0x0000000008022c38                SideSensor::Update()
 .text._ZN10SideSensor14NoiseToleranceEv
                0x0000000008022cd8       0xa0 Core/Src/side_sensor.o
                0x0000000008022cd8                SideSensor::NoiseTolerance()
 .text._ZN10SideSensor12ConfirmStateEv
                0x0000000008022d78       0xde Core/Src/side_sensor.o
                0x0000000008022d78                SideSensor::ConfirmState()
 .text._ZN10SideSensor7CountUpEv
                0x0000000008022e56      0x180 Core/Src/side_sensor.o
                0x0000000008022e56                SideSensor::CountUp()
 *fill*         0x0000000008022fd6        0x2 
 .text._ZN10SideSensor7MonitorEv
                0x0000000008022fd8      0x13c Core/Src/side_sensor.o
                0x0000000008022fd8                SideSensor::Monitor()
 .text.HAL_MspInit
                0x0000000008023114       0x50 Core/Src/stm32f4xx_hal_msp.o
                0x0000000008023114                HAL_MspInit
 .text.HAL_ADC_MspInit
                0x0000000008023164      0x128 Core/Src/stm32f4xx_hal_msp.o
                0x0000000008023164                HAL_ADC_MspInit
 .text.HAL_I2C_MspInit
                0x000000000802328c       0x90 Core/Src/stm32f4xx_hal_msp.o
                0x000000000802328c                HAL_I2C_MspInit
 .text.HAL_SPI_MspInit
                0x000000000802331c       0x90 Core/Src/stm32f4xx_hal_msp.o
                0x000000000802331c                HAL_SPI_MspInit
 .text.HAL_TIM_PWM_MspInit
                0x00000000080233ac       0x9c Core/Src/stm32f4xx_hal_msp.o
                0x00000000080233ac                HAL_TIM_PWM_MspInit
 .text.HAL_TIM_Base_MspInit
                0x0000000008023448      0x12c Core/Src/stm32f4xx_hal_msp.o
                0x0000000008023448                HAL_TIM_Base_MspInit
 .text.HAL_TIM_Encoder_MspInit
                0x0000000008023574       0xfc Core/Src/stm32f4xx_hal_msp.o
                0x0000000008023574                HAL_TIM_Encoder_MspInit
 .text.HAL_TIM_MspPostInit
                0x0000000008023670      0x1a4 Core/Src/stm32f4xx_hal_msp.o
                0x0000000008023670                HAL_TIM_MspPostInit
 .text.NMI_Handler
                0x0000000008023814        0x6 Core/Src/stm32f4xx_it.o
                0x0000000008023814                NMI_Handler
 .text.HardFault_Handler
                0x000000000802381a        0x6 Core/Src/stm32f4xx_it.o
                0x000000000802381a                HardFault_Handler
 .text.MemManage_Handler
                0x0000000008023820        0x6 Core/Src/stm32f4xx_it.o
                0x0000000008023820                MemManage_Handler
 .text.BusFault_Handler
                0x0000000008023826        0x6 Core/Src/stm32f4xx_it.o
                0x0000000008023826                BusFault_Handler
 .text.UsageFault_Handler
                0x000000000802382c        0x6 Core/Src/stm32f4xx_it.o
                0x000000000802382c                UsageFault_Handler
 .text.SVC_Handler
                0x0000000008023832        0xe Core/Src/stm32f4xx_it.o
                0x0000000008023832                SVC_Handler
 .text.DebugMon_Handler
                0x0000000008023840        0xe Core/Src/stm32f4xx_it.o
                0x0000000008023840                DebugMon_Handler
 .text.PendSV_Handler
                0x000000000802384e        0xe Core/Src/stm32f4xx_it.o
                0x000000000802384e                PendSV_Handler
 .text.SysTick_Handler
                0x000000000802385c        0xc Core/Src/stm32f4xx_it.o
                0x000000000802385c                SysTick_Handler
 .text.TIM2_IRQHandler
                0x0000000008023868       0x14 Core/Src/stm32f4xx_it.o
                0x0000000008023868                TIM2_IRQHandler
 .text.TIM5_IRQHandler
                0x000000000802387c       0x14 Core/Src/stm32f4xx_it.o
                0x000000000802387c                TIM5_IRQHandler
 .text.TIM6_DAC_IRQHandler
                0x0000000008023890       0x14 Core/Src/stm32f4xx_it.o
                0x0000000008023890                TIM6_DAC_IRQHandler
 .text.TIM7_IRQHandler
                0x00000000080238a4       0x14 Core/Src/stm32f4xx_it.o
                0x00000000080238a4                TIM7_IRQHandler
 .text.DMA2_Stream0_IRQHandler
                0x00000000080238b8       0x14 Core/Src/stm32f4xx_it.o
                0x00000000080238b8                DMA2_Stream0_IRQHandler
 .text.ITM_SendChar
                0x00000000080238cc       0x4e Core/Src/swo_setting.o
 .text._write   0x000000000802391a       0x38 Core/Src/swo_setting.o
                0x000000000802391a                _write
 .text._read    0x0000000008023952       0x3a Core/Src/syscalls.o
                0x0000000008023952                _read
 .text._close   0x000000000802398c       0x18 Core/Src/syscalls.o
                0x000000000802398c                _close
 .text._fstat   0x00000000080239a4       0x20 Core/Src/syscalls.o
                0x00000000080239a4                _fstat
 .text._isatty  0x00000000080239c4       0x16 Core/Src/syscalls.o
                0x00000000080239c4                _isatty
 .text._lseek   0x00000000080239da       0x1a Core/Src/syscalls.o
                0x00000000080239da                _lseek
 .text._sbrk    0x00000000080239f4       0x6c Core/Src/sysmem.o
                0x00000000080239f4                _sbrk
 .text.SystemInit
                0x0000000008023a60       0x2c Core/Src/system_stm32f4xx.o
                0x0000000008023a60                SystemInit
 .text._ZN4TestC2EP7EncoderP3LedP10LineSensorP9LineTraceP5MotorP12RotarySwitchP10SideSensorP15VelocityControl
                0x0000000008023a8c       0x4c Core/Src/test.o
                0x0000000008023a8c                Test::Test(Encoder*, Led*, LineSensor*, LineTrace*, Motor*, RotarySwitch*, SideSensor*, VelocityControl*)
                0x0000000008023a8c                Test::Test(Encoder*, Led*, LineSensor*, LineTrace*, Motor*, RotarySwitch*, SideSensor*, VelocityControl*)
 .text._ZN4Test4InitEv
                0x0000000008023ad8       0x88 Core/Src/test.o
                0x0000000008023ad8                Test::Init()
 .text._ZN4Test4LoopEv
                0x0000000008023b60       0x1c Core/Src/test.o
                0x0000000008023b60                Test::Loop()
 .text._ZN4Test6Timer7Ev
                0x0000000008023b7c       0x1a Core/Src/test.o
                0x0000000008023b7c                Test::Timer7()
 .text._ZN4Test6Timer6Ev
                0x0000000008023b96       0x2e Core/Src/test.o
                0x0000000008023b96                Test::Timer6()
 .text._ZN4Test14TestLineSensorEv
                0x0000000008023bc4       0x8c Core/Src/test.o
                0x0000000008023bc4                Test::TestLineSensor()
 .text._ZN4Test14TestSideSensorEv
                0x0000000008023c50       0x24 Core/Src/test.o
                0x0000000008023c50                Test::TestSideSensor()
 .text._ZN4Test9TestMotorEv
                0x0000000008023c74      0x11c Core/Src/test.o
                0x0000000008023c74                Test::TestMotor()
 .text._ZN4Test13TestLineTraceEv
                0x0000000008023d90       0x60 Core/Src/test.o
                0x0000000008023d90                Test::TestLineTrace()
 .text._ZN4Test11TestEncoderEv
                0x0000000008023df0       0x54 Core/Src/test.o
                0x0000000008023df0                Test::TestEncoder()
 .text._ZN4Test19TestVelocityControlEv
                0x0000000008023e44       0x38 Core/Src/test.o
                0x0000000008023e44                Test::TestVelocityControl()
 .text._ZN4Test10MonitorLogEv
                0x0000000008023e7c       0x90 Core/Src/test.o
                0x0000000008023e7c                Test::MonitorLog()
 .text._ZN4Test18RunVelocityControlEv
                0x0000000008023f0c       0xdc Core/Src/test.o
                0x0000000008023f0c                Test::RunVelocityControl()
 .text._ZN15VelocityControlC2EP7Encoder
                0x0000000008023fe8       0x26 Core/Src/velocity_control.o
                0x0000000008023fe8                VelocityControl::VelocityControl(Encoder*)
                0x0000000008023fe8                VelocityControl::VelocityControl(Encoder*)
 .text._ZN15VelocityControl16DeterminePidGainEf
                0x000000000802400e       0x7a Core/Src/velocity_control.o
                0x000000000802400e                VelocityControl::DeterminePidGain(float)
 .text._ZN15VelocityControl10PidControlEffff
                0x0000000008024088      0x22c Core/Src/velocity_control.o
                0x0000000008024088                VelocityControl::PidControl(float, float, float, float)
 .text._ZN15VelocityControl16SetIntegralErrorEf
                0x00000000080242b4       0x2c Core/Src/velocity_control.o
                0x00000000080242b4                VelocityControl::SetIntegralError(float)
 .text.Init     0x00000000080242e0       0x14 Core/Src/wrapper.o
                0x00000000080242e0                Init
 .text.InterruptTim7
                0x00000000080242f4       0x20 Core/Src/wrapper.o
                0x00000000080242f4                InterruptTim7
 .text.InterruptTim6
                0x0000000008024314       0x20 Core/Src/wrapper.o
                0x0000000008024314                InterruptTim6
 .text.InterruptTim2
                0x0000000008024334       0x1c Core/Src/wrapper.o
                0x0000000008024334                InterruptTim2
 .text.Loop     0x0000000008024350       0x14 Core/Src/wrapper.o
                0x0000000008024350                Loop
 .text._Z41__static_initialization_and_destruction_0ii
                0x0000000008024364       0xcc Core/Src/wrapper.o
 .text._GLOBAL__sub_I_encoder
                0x0000000008024430       0x10 Core/Src/wrapper.o
 .text.Reset_Handler
                0x0000000008024440       0x50 Core/Startup/startup_stm32f405rgtx.o
                0x0000000008024440                Reset_Handler
 .text.Default_Handler
                0x0000000008024490        0x2 Core/Startup/startup_stm32f405rgtx.o
                0x0000000008024490                RTC_Alarm_IRQHandler
                0x0000000008024490                HASH_RNG_IRQHandler
                0x0000000008024490                EXTI2_IRQHandler
                0x0000000008024490                TIM8_CC_IRQHandler
                0x0000000008024490                TIM1_CC_IRQHandler
                0x0000000008024490                DMA2_Stream5_IRQHandler
                0x0000000008024490                DMA1_Stream5_IRQHandler
                0x0000000008024490                PVD_IRQHandler
                0x0000000008024490                SDIO_IRQHandler
                0x0000000008024490                TAMP_STAMP_IRQHandler
                0x0000000008024490                CAN2_RX1_IRQHandler
                0x0000000008024490                EXTI3_IRQHandler
                0x0000000008024490                TIM8_TRG_COM_TIM14_IRQHandler
                0x0000000008024490                TIM1_UP_TIM10_IRQHandler
                0x0000000008024490                TIM8_UP_TIM13_IRQHandler
                0x0000000008024490                I2C3_ER_IRQHandler
                0x0000000008024490                EXTI0_IRQHandler
                0x0000000008024490                I2C2_EV_IRQHandler
                0x0000000008024490                DMA1_Stream2_IRQHandler
                0x0000000008024490                CAN1_RX0_IRQHandler
                0x0000000008024490                FPU_IRQHandler
                0x0000000008024490                OTG_HS_WKUP_IRQHandler
                0x0000000008024490                CAN2_SCE_IRQHandler
                0x0000000008024490                DMA2_Stream2_IRQHandler
                0x0000000008024490                SPI1_IRQHandler
                0x0000000008024490                TIM1_BRK_TIM9_IRQHandler
                0x0000000008024490                CAN2_RX0_IRQHandler
                0x0000000008024490                DMA2_Stream3_IRQHandler
                0x0000000008024490                USART6_IRQHandler
                0x0000000008024490                USART3_IRQHandler
                0x0000000008024490                CAN1_RX1_IRQHandler
                0x0000000008024490                UART5_IRQHandler
                0x0000000008024490                TIM4_IRQHandler
                0x0000000008024490                I2C1_EV_IRQHandler
                0x0000000008024490                DMA1_Stream6_IRQHandler
                0x0000000008024490                DMA1_Stream1_IRQHandler
                0x0000000008024490                UART4_IRQHandler
                0x0000000008024490                TIM3_IRQHandler
                0x0000000008024490                RCC_IRQHandler
                0x0000000008024490                TIM8_BRK_TIM12_IRQHandler
                0x0000000008024490                Default_Handler
                0x0000000008024490                EXTI15_10_IRQHandler
                0x0000000008024490                ADC_IRQHandler
                0x0000000008024490                DMA1_Stream7_IRQHandler
                0x0000000008024490                CAN2_TX_IRQHandler
                0x0000000008024490                DMA2_Stream7_IRQHandler
                0x0000000008024490                I2C3_EV_IRQHandler
                0x0000000008024490                EXTI9_5_IRQHandler
                0x0000000008024490                RTC_WKUP_IRQHandler
                0x0000000008024490                SPI2_IRQHandler
                0x0000000008024490                OTG_HS_EP1_IN_IRQHandler
                0x0000000008024490                DMA1_Stream0_IRQHandler
                0x0000000008024490                CAN1_TX_IRQHandler
                0x0000000008024490                EXTI4_IRQHandler
                0x0000000008024490                FSMC_IRQHandler
                0x0000000008024490                OTG_HS_EP1_OUT_IRQHandler
                0x0000000008024490                WWDG_IRQHandler
                0x0000000008024490                OTG_FS_WKUP_IRQHandler
                0x0000000008024490                TIM1_TRG_COM_TIM11_IRQHandler
                0x0000000008024490                OTG_HS_IRQHandler
                0x0000000008024490                EXTI1_IRQHandler
                0x0000000008024490                USART2_IRQHandler
                0x0000000008024490                I2C2_ER_IRQHandler
                0x0000000008024490                DMA2_Stream1_IRQHandler
                0x0000000008024490                CAN1_SCE_IRQHandler
                0x0000000008024490                FLASH_IRQHandler
                0x0000000008024490                DMA2_Stream4_IRQHandler
                0x0000000008024490                USART1_IRQHandler
                0x0000000008024490                OTG_FS_IRQHandler
                0x0000000008024490                SPI3_IRQHandler
                0x0000000008024490                DMA1_Stream4_IRQHandler
                0x0000000008024490                I2C1_ER_IRQHandler
                0x0000000008024490                DMA2_Stream6_IRQHandler
                0x0000000008024490                DMA1_Stream3_IRQHandler
 *fill*         0x0000000008024492        0x2 
 .text.HAL_Init
                0x0000000008024494       0x44 Drivers/STM32F4xx_HAL_Driver/Src/stm32f4xx_hal.o
                0x0000000008024494                HAL_Init
 .text.HAL_InitTick
                0x00000000080244d8       0x60 Drivers/STM32F4xx_HAL_Driver/Src/stm32f4xx_hal.o
                0x00000000080244d8                HAL_InitTick
 .text.HAL_IncTick
                0x0000000008024538       0x28 Drivers/STM32F4xx_HAL_Driver/Src/stm32f4xx_hal.o
                0x0000000008024538                HAL_IncTick
 .text.HAL_GetTick
                0x0000000008024560       0x18 Drivers/STM32F4xx_HAL_Driver/Src/stm32f4xx_hal.o
                0x0000000008024560                HAL_GetTick
 .text.HAL_Delay
                0x0000000008024578       0x44 Drivers/STM32F4xx_HAL_Driver/Src/stm32f4xx_hal.o
                0x0000000008024578                HAL_Delay
 .text.HAL_ADC_Init
                0x00000000080245bc       0x86 Drivers/STM32F4xx_HAL_Driver/Src/stm32f4xx_hal_adc.o
                0x00000000080245bc                HAL_ADC_Init
 *fill*         0x0000000008024642        0x2 
 .text.HAL_ADC_Start_DMA
                0x0000000008024644      0x1e4 Drivers/STM32F4xx_HAL_Driver/Src/stm32f4xx_hal_adc.o
                0x0000000008024644                HAL_ADC_Start_DMA
 .text.HAL_ADC_ConvCpltCallback
                0x0000000008024828       0x14 Drivers/STM32F4xx_HAL_Driver/Src/stm32f4xx_hal_adc.o
                0x0000000008024828                HAL_ADC_ConvCpltCallback
 .text.HAL_ADC_ConvHalfCpltCallback
                0x000000000802483c       0x14 Drivers/STM32F4xx_HAL_Driver/Src/stm32f4xx_hal_adc.o
                0x000000000802483c                HAL_ADC_ConvHalfCpltCallback
 .text.HAL_ADC_ErrorCallback
                0x0000000008024850       0x14 Drivers/STM32F4xx_HAL_Driver/Src/stm32f4xx_hal_adc.o
                0x0000000008024850                HAL_ADC_ErrorCallback
 .text.HAL_ADC_ConfigChannel
                0x0000000008024864      0x244 Drivers/STM32F4xx_HAL_Driver/Src/stm32f4xx_hal_adc.o
                0x0000000008024864                HAL_ADC_ConfigChannel
 .text.ADC_Init
                0x0000000008024aa8      0x1f8 Drivers/STM32F4xx_HAL_Driver/Src/stm32f4xx_hal_adc.o
 .text.ADC_DMAConvCplt
                0x0000000008024ca0       0xba Drivers/STM32F4xx_HAL_Driver/Src/stm32f4xx_hal_adc.o
 .text.ADC_DMAHalfConvCplt
                0x0000000008024d5a       0x1c Drivers/STM32F4xx_HAL_Driver/Src/stm32f4xx_hal_adc.o
 .text.ADC_DMAError
                0x0000000008024d76       0x2e Drivers/STM32F4xx_HAL_Driver/Src/stm32f4xx_hal_adc.o
 .text.__NVIC_SetPriorityGrouping
                0x0000000008024da4       0x48 Drivers/STM32F4xx_HAL_Driver/Src/stm32f4xx_hal_cortex.o
 .text.__NVIC_GetPriorityGrouping
                0x0000000008024dec       0x1c Drivers/STM32F4xx_HAL_Driver/Src/stm32f4xx_hal_cortex.o
 .text.__NVIC_EnableIRQ
                0x0000000008024e08       0x3c Drivers/STM32F4xx_HAL_Driver/Src/stm32f4xx_hal_cortex.o
 .text.__NVIC_SetPriority
                0x0000000008024e44       0x54 Drivers/STM32F4xx_HAL_Driver/Src/stm32f4xx_hal_cortex.o
 .text.NVIC_EncodePriority
                0x0000000008024e98       0x66 Drivers/STM32F4xx_HAL_Driver/Src/stm32f4xx_hal_cortex.o
 *fill*         0x0000000008024efe        0x2 
 .text.SysTick_Config
                0x0000000008024f00       0x44 Drivers/STM32F4xx_HAL_Driver/Src/stm32f4xx_hal_cortex.o
 .text.HAL_NVIC_SetPriorityGrouping
                0x0000000008024f44       0x16 Drivers/STM32F4xx_HAL_Driver/Src/stm32f4xx_hal_cortex.o
                0x0000000008024f44                HAL_NVIC_SetPriorityGrouping
 .text.HAL_NVIC_SetPriority
                0x0000000008024f5a       0x38 Drivers/STM32F4xx_HAL_Driver/Src/stm32f4xx_hal_cortex.o
                0x0000000008024f5a                HAL_NVIC_SetPriority
 .text.HAL_NVIC_EnableIRQ
                0x0000000008024f92       0x1c Drivers/STM32F4xx_HAL_Driver/Src/stm32f4xx_hal_cortex.o
                0x0000000008024f92                HAL_NVIC_EnableIRQ
 .text.HAL_SYSTICK_Config
                0x0000000008024fae       0x18 Drivers/STM32F4xx_HAL_Driver/Src/stm32f4xx_hal_cortex.o
                0x0000000008024fae                HAL_SYSTICK_Config
 *fill*         0x0000000008024fc6        0x2 
 .text.HAL_DMA_Init
                0x0000000008024fc8      0x15c Drivers/STM32F4xx_HAL_Driver/Src/stm32f4xx_hal_dma.o
                0x0000000008024fc8                HAL_DMA_Init
 .text.HAL_DMA_Start_IT
                0x0000000008025124       0xb0 Drivers/STM32F4xx_HAL_Driver/Src/stm32f4xx_hal_dma.o
                0x0000000008025124                HAL_DMA_Start_IT
 .text.HAL_DMA_IRQHandler
                0x00000000080251d4      0x314 Drivers/STM32F4xx_HAL_Driver/Src/stm32f4xx_hal_dma.o
                0x00000000080251d4                HAL_DMA_IRQHandler
 .text.DMA_SetConfig
                0x00000000080254e8       0x5c Drivers/STM32F4xx_HAL_Driver/Src/stm32f4xx_hal_dma.o
 .text.DMA_CalcBaseAndBitshift
                0x0000000008025544       0x6c Drivers/STM32F4xx_HAL_Driver/Src/stm32f4xx_hal_dma.o
 .text.DMA_CheckFifoParam
                0x00000000080255b0       0xf4 Drivers/STM32F4xx_HAL_Driver/Src/stm32f4xx_hal_dma.o
 .text.HAL_GPIO_Init
                0x00000000080256a4      0x334 Drivers/STM32F4xx_HAL_Driver/Src/stm32f4xx_hal_gpio.o
                0x00000000080256a4                HAL_GPIO_Init
 .text.HAL_GPIO_ReadPin
                0x00000000080259d8       0x30 Drivers/STM32F4xx_HAL_Driver/Src/stm32f4xx_hal_gpio.o
                0x00000000080259d8                HAL_GPIO_ReadPin
 .text.HAL_GPIO_WritePin
                0x0000000008025a08       0x32 Drivers/STM32F4xx_HAL_Driver/Src/stm32f4xx_hal_gpio.o
                0x0000000008025a08                HAL_GPIO_WritePin
 *fill*         0x0000000008025a3a        0x2 
 .text.HAL_I2C_Init
                0x0000000008025a3c      0x270 Drivers/STM32F4xx_HAL_Driver/Src/stm32f4xx_hal_i2c.o
                0x0000000008025a3c                HAL_I2C_Init
 .text.HAL_RCC_OscConfig
                0x0000000008025cac      0x4e0 Drivers/STM32F4xx_HAL_Driver/Src/stm32f4xx_hal_rcc.o
                0x0000000008025cac                HAL_RCC_OscConfig
 .text.HAL_RCC_ClockConfig
                0x000000000802618c      0x1cc Drivers/STM32F4xx_HAL_Driver/Src/stm32f4xx_hal_rcc.o
                0x000000000802618c                HAL_RCC_ClockConfig
 .text.HAL_RCC_GetSysClockFreq
                0x0000000008026358      0x164 Drivers/STM32F4xx_HAL_Driver/Src/stm32f4xx_hal_rcc.o
                0x0000000008026358                HAL_RCC_GetSysClockFreq
 .text.HAL_RCC_GetHCLKFreq
                0x00000000080264bc       0x18 Drivers/STM32F4xx_HAL_Driver/Src/stm32f4xx_hal_rcc.o
                0x00000000080264bc                HAL_RCC_GetHCLKFreq
 .text.HAL_RCC_GetPCLK1Freq
                0x00000000080264d4       0x28 Drivers/STM32F4xx_HAL_Driver/Src/stm32f4xx_hal_rcc.o
                0x00000000080264d4                HAL_RCC_GetPCLK1Freq
 .text.HAL_SPI_Init
                0x00000000080264fc       0xc8 Drivers/STM32F4xx_HAL_Driver/Src/stm32f4xx_hal_spi.o
                0x00000000080264fc                HAL_SPI_Init
 .text.HAL_TIM_Base_Init
                0x00000000080265c4       0x56 Drivers/STM32F4xx_HAL_Driver/Src/stm32f4xx_hal_tim.o
                0x00000000080265c4                HAL_TIM_Base_Init
 .text.HAL_TIM_Base_Start_IT
                0x000000000802661a       0x48 Drivers/STM32F4xx_HAL_Driver/Src/stm32f4xx_hal_tim.o
                0x000000000802661a                HAL_TIM_Base_Start_IT
 .text.HAL_TIM_PWM_Init
                0x0000000008026662       0x56 Drivers/STM32F4xx_HAL_Driver/Src/stm32f4xx_hal_tim.o
                0x0000000008026662                HAL_TIM_PWM_Init
 .text.HAL_TIM_PWM_Start
                0x00000000080266b8       0x7c Drivers/STM32F4xx_HAL_Driver/Src/stm32f4xx_hal_tim.o
                0x00000000080266b8                HAL_TIM_PWM_Start
 .text.HAL_TIM_Encoder_Init
                0x0000000008026734      0x124 Drivers/STM32F4xx_HAL_Driver/Src/stm32f4xx_hal_tim.o
                0x0000000008026734                HAL_TIM_Encoder_Init
 .text.HAL_TIM_Encoder_Start
                0x0000000008026858       0x6e Drivers/STM32F4xx_HAL_Driver/Src/stm32f4xx_hal_tim.o
                0x0000000008026858                HAL_TIM_Encoder_Start
 .text.HAL_TIM_IRQHandler
                0x00000000080268c6      0x210 Drivers/STM32F4xx_HAL_Driver/Src/stm32f4xx_hal_tim.o
                0x00000000080268c6                HAL_TIM_IRQHandler
 *fill*         0x0000000008026ad6        0x2 
 .text.HAL_TIM_PWM_ConfigChannel
                0x0000000008026ad8      0x18c Drivers/STM32F4xx_HAL_Driver/Src/stm32f4xx_hal_tim.o
                0x0000000008026ad8                HAL_TIM_PWM_ConfigChannel
 .text.HAL_TIM_ConfigClockSource
                0x0000000008026c64      0x16e Drivers/STM32F4xx_HAL_Driver/Src/stm32f4xx_hal_tim.o
                0x0000000008026c64                HAL_TIM_ConfigClockSource
 .text.HAL_TIM_OC_DelayElapsedCallback
                0x0000000008026dd2       0x14 Drivers/STM32F4xx_HAL_Driver/Src/stm32f4xx_hal_tim.o
                0x0000000008026dd2                HAL_TIM_OC_DelayElapsedCallback
 .text.HAL_TIM_IC_CaptureCallback
                0x0000000008026de6       0x14 Drivers/STM32F4xx_HAL_Driver/Src/stm32f4xx_hal_tim.o
                0x0000000008026de6                HAL_TIM_IC_CaptureCallback
 .text.HAL_TIM_PWM_PulseFinishedCallback
                0x0000000008026dfa       0x14 Drivers/STM32F4xx_HAL_Driver/Src/stm32f4xx_hal_tim.o
                0x0000000008026dfa                HAL_TIM_PWM_PulseFinishedCallback
 .text.HAL_TIM_TriggerCallback
                0x0000000008026e0e       0x14 Drivers/STM32F4xx_HAL_Driver/Src/stm32f4xx_hal_tim.o
                0x0000000008026e0e                HAL_TIM_TriggerCallback
 *fill*         0x0000000008026e22        0x2 
 .text.TIM_Base_SetConfig
                0x0000000008026e24      0x140 Drivers/STM32F4xx_HAL_Driver/Src/stm32f4xx_hal_tim.o
                0x0000000008026e24                TIM_Base_SetConfig
 .text.TIM_OC1_SetConfig
                0x0000000008026f64       0xe0 Drivers/STM32F4xx_HAL_Driver/Src/stm32f4xx_hal_tim.o
 .text.TIM_OC2_SetConfig
                0x0000000008027044       0xec Drivers/STM32F4xx_HAL_Driver/Src/stm32f4xx_hal_tim.o
                0x0000000008027044                TIM_OC2_SetConfig
 .text.TIM_OC3_SetConfig
                0x0000000008027130       0xe8 Drivers/STM32F4xx_HAL_Driver/Src/stm32f4xx_hal_tim.o
 .text.TIM_OC4_SetConfig
                0x0000000008027218       0xac Drivers/STM32F4xx_HAL_Driver/Src/stm32f4xx_hal_tim.o
 .text.TIM_TI1_ConfigInputStage
                0x00000000080272c4       0x5e Drivers/STM32F4xx_HAL_Driver/Src/stm32f4xx_hal_tim.o
 .text.TIM_TI2_ConfigInputStage
                0x0000000008027322       0x60 Drivers/STM32F4xx_HAL_Driver/Src/stm32f4xx_hal_tim.o
 .text.TIM_ITRx_SetConfig
                0x0000000008027382       0x36 Drivers/STM32F4xx_HAL_Driver/Src/stm32f4xx_hal_tim.o
 .text.TIM_ETR_SetConfig
                0x00000000080273b8       0x40 Drivers/STM32F4xx_HAL_Driver/Src/stm32f4xx_hal_tim.o
                0x00000000080273b8                TIM_ETR_SetConfig
 .text.TIM_CCxChannelCmd
                0x00000000080273f8       0x4a Drivers/STM32F4xx_HAL_Driver/Src/stm32f4xx_hal_tim.o
                0x00000000080273f8                TIM_CCxChannelCmd
 *fill*         0x0000000008027442        0x2 
 .text.HAL_TIMEx_MasterConfigSynchronization
                0x0000000008027444       0xf8 Drivers/STM32F4xx_HAL_Driver/Src/stm32f4xx_hal_tim_ex.o
                0x0000000008027444                HAL_TIMEx_MasterConfigSynchronization
 .text.HAL_TIMEx_ConfigBreakDeadTime
                0x000000000802753c       0xa4 Drivers/STM32F4xx_HAL_Driver/Src/stm32f4xx_hal_tim_ex.o
                0x000000000802753c                HAL_TIMEx_ConfigBreakDeadTime
 .text.HAL_TIMEx_CommutCallback
                0x00000000080275e0       0x14 Drivers/STM32F4xx_HAL_Driver/Src/stm32f4xx_hal_tim_ex.o
                0x00000000080275e0                HAL_TIMEx_CommutCallback
 .text.HAL_TIMEx_BreakCallback
                0x00000000080275f4       0x14 Drivers/STM32F4xx_HAL_Driver/Src/stm32f4xx_hal_tim_ex.o
                0x00000000080275f4                HAL_TIMEx_BreakCallback
 .text.__cxa_guard_acquire
                0x0000000008027608       0x18 c:/users/owner/stm32cubeide_1.5.1/stm32cubeide/plugins/com.st.stm32cube.ide.mcu.externaltools.gnu-tools-for-stm32.7-2018-q2-update.win32_1.5.0.202011040924/tools/bin/../lib/gcc/arm-none-eabi/7.3.1/../../../../arm-none-eabi/lib/thumb/v7e-m/fpv4-sp/hard\libstdc++_nano.a(guard.o)
                0x0000000008027608                __cxa_guard_acquire
 .text.__cxa_guard_release
                0x0000000008027620        0x6 c:/users/owner/stm32cubeide_1.5.1/stm32cubeide/plugins/com.st.stm32cube.ide.mcu.externaltools.gnu-tools-for-stm32.7-2018-q2-update.win32_1.5.0.202011040924/tools/bin/../lib/gcc/arm-none-eabi/7.3.1/../../../../arm-none-eabi/lib/thumb/v7e-m/fpv4-sp/hard\libstdc++_nano.a(guard.o)
                0x0000000008027620                __cxa_guard_release
 *fill*         0x0000000008027626        0x2 
 .text.__errno  0x0000000008027628        0xc c:/users/owner/stm32cubeide_1.5.1/stm32cubeide/plugins/com.st.stm32cube.ide.mcu.externaltools.gnu-tools-for-stm32.7-2018-q2-update.win32_1.5.0.202011040924/tools/bin/../lib/gcc/arm-none-eabi/7.3.1/../../../../arm-none-eabi/lib/thumb/v7e-m/fpv4-sp/hard\libc_nano.a(lib_a-errno.o)
                0x0000000008027628                __errno
 .text.__libc_init_array
                0x0000000008027634       0x48 c:/users/owner/stm32cubeide_1.5.1/stm32cubeide/plugins/com.st.stm32cube.ide.mcu.externaltools.gnu-tools-for-stm32.7-2018-q2-update.win32_1.5.0.202011040924/tools/bin/../lib/gcc/arm-none-eabi/7.3.1/../../../../arm-none-eabi/lib/thumb/v7e-m/fpv4-sp/hard\libc_nano.a(lib_a-init.o)
                0x0000000008027634                __libc_init_array
 .text.memset   0x000000000802767c       0x10 c:/users/owner/stm32cubeide_1.5.1/stm32cubeide/plugins/com.st.stm32cube.ide.mcu.externaltools.gnu-tools-for-stm32.7-2018-q2-update.win32_1.5.0.202011040924/tools/bin/../lib/gcc/arm-none-eabi/7.3.1/../../../../arm-none-eabi/lib/thumb/v7e-m/fpv4-sp/hard\libc_nano.a(lib_a-memset.o)
                0x000000000802767c                memset
 .text._puts_r  0x000000000802768c       0xb8 c:/users/owner/stm32cubeide_1.5.1/stm32cubeide/plugins/com.st.stm32cube.ide.mcu.externaltools.gnu-tools-for-stm32.7-2018-q2-update.win32_1.5.0.202011040924/tools/bin/../lib/gcc/arm-none-eabi/7.3.1/../../../../arm-none-eabi/lib/thumb/v7e-m/fpv4-sp/hard\libc_nano.a(lib_a-puts.o)
                0x000000000802768c                _puts_r
 .text.puts     0x0000000008027744       0x10 c:/users/owner/stm32cubeide_1.5.1/stm32cubeide/plugins/com.st.stm32cube.ide.mcu.externaltools.gnu-tools-for-stm32.7-2018-q2-update.win32_1.5.0.202011040924/tools/bin/../lib/gcc/arm-none-eabi/7.3.1/../../../../arm-none-eabi/lib/thumb/v7e-m/fpv4-sp/hard\libc_nano.a(lib_a-puts.o)
                0x0000000008027744                puts
 .text.__swbuf_r
                0x0000000008027754       0xa4 c:/users/owner/stm32cubeide_1.5.1/stm32cubeide/plugins/com.st.stm32cube.ide.mcu.externaltools.gnu-tools-for-stm32.7-2018-q2-update.win32_1.5.0.202011040924/tools/bin/../lib/gcc/arm-none-eabi/7.3.1/../../../../arm-none-eabi/lib/thumb/v7e-m/fpv4-sp/hard\libc_nano.a(lib_a-wbuf.o)
                0x0000000008027754                __swbuf_r
 .text.__swsetup_r
                0x00000000080277f8       0xdc c:/users/owner/stm32cubeide_1.5.1/stm32cubeide/plugins/com.st.stm32cube.ide.mcu.externaltools.gnu-tools-for-stm32.7-2018-q2-update.win32_1.5.0.202011040924/tools/bin/../lib/gcc/arm-none-eabi/7.3.1/../../../../arm-none-eabi/lib/thumb/v7e-m/fpv4-sp/hard\libc_nano.a(lib_a-wsetup.o)
                0x00000000080277f8                __swsetup_r
 .text.__sflush_r
                0x00000000080278d4      0x10c c:/users/owner/stm32cubeide_1.5.1/stm32cubeide/plugins/com.st.stm32cube.ide.mcu.externaltools.gnu-tools-for-stm32.7-2018-q2-update.win32_1.5.0.202011040924/tools/bin/../lib/gcc/arm-none-eabi/7.3.1/../../../../arm-none-eabi/lib/thumb/v7e-m/fpv4-sp/hard\libc_nano.a(lib_a-fflush.o)
                0x00000000080278d4                __sflush_r
 .text._fflush_r
                0x00000000080279e0       0x54 c:/users/owner/stm32cubeide_1.5.1/stm32cubeide/plugins/com.st.stm32cube.ide.mcu.externaltools.gnu-tools-for-stm32.7-2018-q2-update.win32_1.5.0.202011040924/tools/bin/../lib/gcc/arm-none-eabi/7.3.1/../../../../arm-none-eabi/lib/thumb/v7e-m/fpv4-sp/hard\libc_nano.a(lib_a-fflush.o)
                0x00000000080279e0                _fflush_r
 .text.std      0x0000000008027a34       0x48 c:/users/owner/stm32cubeide_1.5.1/stm32cubeide/plugins/com.st.stm32cube.ide.mcu.externaltools.gnu-tools-for-stm32.7-2018-q2-update.win32_1.5.0.202011040924/tools/bin/../lib/gcc/arm-none-eabi/7.3.1/../../../../arm-none-eabi/lib/thumb/v7e-m/fpv4-sp/hard\libc_nano.a(lib_a-findfp.o)
 .text._cleanup_r
                0x0000000008027a7c        0xc c:/users/owner/stm32cubeide_1.5.1/stm32cubeide/plugins/com.st.stm32cube.ide.mcu.externaltools.gnu-tools-for-stm32.7-2018-q2-update.win32_1.5.0.202011040924/tools/bin/../lib/gcc/arm-none-eabi/7.3.1/../../../../arm-none-eabi/lib/thumb/v7e-m/fpv4-sp/hard\libc_nano.a(lib_a-findfp.o)
                0x0000000008027a7c                _cleanup_r
 .text.__sfmoreglue
                0x0000000008027a88       0x2c c:/users/owner/stm32cubeide_1.5.1/stm32cubeide/plugins/com.st.stm32cube.ide.mcu.externaltools.gnu-tools-for-stm32.7-2018-q2-update.win32_1.5.0.202011040924/tools/bin/../lib/gcc/arm-none-eabi/7.3.1/../../../../arm-none-eabi/lib/thumb/v7e-m/fpv4-sp/hard\libc_nano.a(lib_a-findfp.o)
                0x0000000008027a88                __sfmoreglue
 .text.__sinit  0x0000000008027ab4       0x60 c:/users/owner/stm32cubeide_1.5.1/stm32cubeide/plugins/com.st.stm32cube.ide.mcu.externaltools.gnu-tools-for-stm32.7-2018-q2-update.win32_1.5.0.202011040924/tools/bin/../lib/gcc/arm-none-eabi/7.3.1/../../../../arm-none-eabi/lib/thumb/v7e-m/fpv4-sp/hard\libc_nano.a(lib_a-findfp.o)
                0x0000000008027ab4                __sinit
 .text.__sfp    0x0000000008027b14       0x78 c:/users/owner/stm32cubeide_1.5.1/stm32cubeide/plugins/com.st.stm32cube.ide.mcu.externaltools.gnu-tools-for-stm32.7-2018-q2-update.win32_1.5.0.202011040924/tools/bin/../lib/gcc/arm-none-eabi/7.3.1/../../../../arm-none-eabi/lib/thumb/v7e-m/fpv4-sp/hard\libc_nano.a(lib_a-findfp.o)
                0x0000000008027b14                __sfp
 .text._fwalk_reent
                0x0000000008027b8c       0x3c c:/users/owner/stm32cubeide_1.5.1/stm32cubeide/plugins/com.st.stm32cube.ide.mcu.externaltools.gnu-tools-for-stm32.7-2018-q2-update.win32_1.5.0.202011040924/tools/bin/../lib/gcc/arm-none-eabi/7.3.1/../../../../arm-none-eabi/lib/thumb/v7e-m/fpv4-sp/hard\libc_nano.a(lib_a-fwalk.o)
                0x0000000008027b8c                _fwalk_reent
 .text.__swhatbuf_r
                0x0000000008027bc8       0x48 c:/users/owner/stm32cubeide_1.5.1/stm32cubeide/plugins/com.st.stm32cube.ide.mcu.externaltools.gnu-tools-for-stm32.7-2018-q2-update.win32_1.5.0.202011040924/tools/bin/../lib/gcc/arm-none-eabi/7.3.1/../../../../arm-none-eabi/lib/thumb/v7e-m/fpv4-sp/hard\libc_nano.a(lib_a-makebuf.o)
                0x0000000008027bc8                __swhatbuf_r
 .text.__smakebuf_r
                0x0000000008027c10       0x80 c:/users/owner/stm32cubeide_1.5.1/stm32cubeide/plugins/com.st.stm32cube.ide.mcu.externaltools.gnu-tools-for-stm32.7-2018-q2-update.win32_1.5.0.202011040924/tools/bin/../lib/gcc/arm-none-eabi/7.3.1/../../../../arm-none-eabi/lib/thumb/v7e-m/fpv4-sp/hard\libc_nano.a(lib_a-makebuf.o)
                0x0000000008027c10                __smakebuf_r
 .text._free_r  0x0000000008027c90       0x9c c:/users/owner/stm32cubeide_1.5.1/stm32cubeide/plugins/com.st.stm32cube.ide.mcu.externaltools.gnu-tools-for-stm32.7-2018-q2-update.win32_1.5.0.202011040924/tools/bin/../lib/gcc/arm-none-eabi/7.3.1/../../../../arm-none-eabi/lib/thumb/v7e-m/fpv4-sp/hard\libc_nano.a(lib_a-nano-freer.o)
                0x0000000008027c90                _free_r
 .text._malloc_r
                0x0000000008027d2c       0xb4 c:/users/owner/stm32cubeide_1.5.1/stm32cubeide/plugins/com.st.stm32cube.ide.mcu.externaltools.gnu-tools-for-stm32.7-2018-q2-update.win32_1.5.0.202011040924/tools/bin/../lib/gcc/arm-none-eabi/7.3.1/../../../../arm-none-eabi/lib/thumb/v7e-m/fpv4-sp/hard\libc_nano.a(lib_a-nano-mallocr.o)
                0x0000000008027d2c                _malloc_r
 .text._sbrk_r  0x0000000008027de0       0x20 c:/users/owner/stm32cubeide_1.5.1/stm32cubeide/plugins/com.st.stm32cube.ide.mcu.externaltools.gnu-tools-for-stm32.7-2018-q2-update.win32_1.5.0.202011040924/tools/bin/../lib/gcc/arm-none-eabi/7.3.1/../../../../arm-none-eabi/lib/thumb/v7e-m/fpv4-sp/hard\libc_nano.a(lib_a-sbrkr.o)
                0x0000000008027de0                _sbrk_r
 .text.__sread  0x0000000008027e00       0x22 c:/users/owner/stm32cubeide_1.5.1/stm32cubeide/plugins/com.st.stm32cube.ide.mcu.externaltools.gnu-tools-for-stm32.7-2018-q2-update.win32_1.5.0.202011040924/tools/bin/../lib/gcc/arm-none-eabi/7.3.1/../../../../arm-none-eabi/lib/thumb/v7e-m/fpv4-sp/hard\libc_nano.a(lib_a-stdio.o)
                0x0000000008027e00                __sread
 .text.__swrite
                0x0000000008027e22       0x38 c:/users/owner/stm32cubeide_1.5.1/stm32cubeide/plugins/com.st.stm32cube.ide.mcu.externaltools.gnu-tools-for-stm32.7-2018-q2-update.win32_1.5.0.202011040924/tools/bin/../lib/gcc/arm-none-eabi/7.3.1/../../../../arm-none-eabi/lib/thumb/v7e-m/fpv4-sp/hard\libc_nano.a(lib_a-stdio.o)
                0x0000000008027e22                __swrite
 .text.__sseek  0x0000000008027e5a       0x24 c:/users/owner/stm32cubeide_1.5.1/stm32cubeide/plugins/com.st.stm32cube.ide.mcu.externaltools.gnu-tools-for-stm32.7-2018-q2-update.win32_1.5.0.202011040924/tools/bin/../lib/gcc/arm-none-eabi/7.3.1/../../../../arm-none-eabi/lib/thumb/v7e-m/fpv4-sp/hard\libc_nano.a(lib_a-stdio.o)
                0x0000000008027e5a                __sseek
 .text.__sclose
                0x0000000008027e7e        0x8 c:/users/owner/stm32cubeide_1.5.1/stm32cubeide/plugins/com.st.stm32cube.ide.mcu.externaltools.gnu-tools-for-stm32.7-2018-q2-update.win32_1.5.0.202011040924/tools/bin/../lib/gcc/arm-none-eabi/7.3.1/../../../../arm-none-eabi/lib/thumb/v7e-m/fpv4-sp/hard\libc_nano.a(lib_a-stdio.o)
                0x0000000008027e7e                __sclose
 *fill*         0x0000000008027e86        0x2 
 .text._write_r
                0x0000000008027e88       0x24 c:/users/owner/stm32cubeide_1.5.1/stm32cubeide/plugins/com.st.stm32cube.ide.mcu.externaltools.gnu-tools-for-stm32.7-2018-q2-update.win32_1.5.0.202011040924/tools/bin/../lib/gcc/arm-none-eabi/7.3.1/../../../../arm-none-eabi/lib/thumb/v7e-m/fpv4-sp/hard\libc_nano.a(lib_a-writer.o)
                0x0000000008027e88                _write_r
 .text._close_r
                0x0000000008027eac       0x20 c:/users/owner/stm32cubeide_1.5.1/stm32cubeide/plugins/com.st.stm32cube.ide.mcu.externaltools.gnu-tools-for-stm32.7-2018-q2-update.win32_1.5.0.202011040924/tools/bin/../lib/gcc/arm-none-eabi/7.3.1/../../../../arm-none-eabi/lib/thumb/v7e-m/fpv4-sp/hard\libc_nano.a(lib_a-closer.o)
                0x0000000008027eac                _close_r
 .text._fstat_r
                0x0000000008027ecc       0x24 c:/users/owner/stm32cubeide_1.5.1/stm32cubeide/plugins/com.st.stm32cube.ide.mcu.externaltools.gnu-tools-for-stm32.7-2018-q2-update.win32_1.5.0.202011040924/tools/bin/../lib/gcc/arm-none-eabi/7.3.1/../../../../arm-none-eabi/lib/thumb/v7e-m/fpv4-sp/hard\libc_nano.a(lib_a-fstatr.o)
                0x0000000008027ecc                _fstat_r
 .text._isatty_r
                0x0000000008027ef0       0x20 c:/users/owner/stm32cubeide_1.5.1/stm32cubeide/plugins/com.st.stm32cube.ide.mcu.externaltools.gnu-tools-for-stm32.7-2018-q2-update.win32_1.5.0.202011040924/tools/bin/../lib/gcc/arm-none-eabi/7.3.1/../../../../arm-none-eabi/lib/thumb/v7e-m/fpv4-sp/hard\libc_nano.a(lib_a-isattyr.o)
                0x0000000008027ef0                _isatty_r
 .text._lseek_r
                0x0000000008027f10       0x24 c:/users/owner/stm32cubeide_1.5.1/stm32cubeide/plugins/com.st.stm32cube.ide.mcu.externaltools.gnu-tools-for-stm32.7-2018-q2-update.win32_1.5.0.202011040924/tools/bin/../lib/gcc/arm-none-eabi/7.3.1/../../../../arm-none-eabi/lib/thumb/v7e-m/fpv4-sp/hard\libc_nano.a(lib_a-lseekr.o)
                0x0000000008027f10                _lseek_r
 .text.__malloc_lock
                0x0000000008027f34        0x2 c:/users/owner/stm32cubeide_1.5.1/stm32cubeide/plugins/com.st.stm32cube.ide.mcu.externaltools.gnu-tools-for-stm32.7-2018-q2-update.win32_1.5.0.202011040924/tools/bin/../lib/gcc/arm-none-eabi/7.3.1/../../../../arm-none-eabi/lib/thumb/v7e-m/fpv4-sp/hard\libc_nano.a(lib_a-mlock.o)
                0x0000000008027f34                __malloc_lock
 .text.__malloc_unlock
                0x0000000008027f36        0x2 c:/users/owner/stm32cubeide_1.5.1/stm32cubeide/plugins/com.st.stm32cube.ide.mcu.externaltools.gnu-tools-for-stm32.7-2018-q2-update.win32_1.5.0.202011040924/tools/bin/../lib/gcc/arm-none-eabi/7.3.1/../../../../arm-none-eabi/lib/thumb/v7e-m/fpv4-sp/hard\libc_nano.a(lib_a-mlock.o)
                0x0000000008027f36                __malloc_unlock
 .text._read_r  0x0000000008027f38       0x24 c:/users/owner/stm32cubeide_1.5.1/stm32cubeide/plugins/com.st.stm32cube.ide.mcu.externaltools.gnu-tools-for-stm32.7-2018-q2-update.win32_1.5.0.202011040924/tools/bin/../lib/gcc/arm-none-eabi/7.3.1/../../../../arm-none-eabi/lib/thumb/v7e-m/fpv4-sp/hard\libc_nano.a(lib_a-readr.o)
                0x0000000008027f38                _read_r
 *(.glue_7)
 .glue_7        0x0000000008027f5c        0x0 linker stubs
 *(.glue_7t)
 .glue_7t       0x0000000008027f5c        0x0 linker stubs
 *(.eh_frame)
 .eh_frame      0x0000000008027f5c        0x0 c:/users/owner/stm32cubeide_1.5.1/stm32cubeide/plugins/com.st.stm32cube.ide.mcu.externaltools.gnu-tools-for-stm32.7-2018-q2-update.win32_1.5.0.202011040924/tools/bin/../lib/gcc/arm-none-eabi/7.3.1/thumb/v7e-m/fpv4-sp/hard/crtbegin.o
 *(.init)
 .init          0x0000000008027f5c        0x4 c:/users/owner/stm32cubeide_1.5.1/stm32cubeide/plugins/com.st.stm32cube.ide.mcu.externaltools.gnu-tools-for-stm32.7-2018-q2-update.win32_1.5.0.202011040924/tools/bin/../lib/gcc/arm-none-eabi/7.3.1/thumb/v7e-m/fpv4-sp/hard/crti.o
                0x0000000008027f5c                _init
 .init          0x0000000008027f60        0x8 c:/users/owner/stm32cubeide_1.5.1/stm32cubeide/plugins/com.st.stm32cube.ide.mcu.externaltools.gnu-tools-for-stm32.7-2018-q2-update.win32_1.5.0.202011040924/tools/bin/../lib/gcc/arm-none-eabi/7.3.1/thumb/v7e-m/fpv4-sp/hard/crtn.o
 *(.fini)
 .fini          0x0000000008027f68        0x4 c:/users/owner/stm32cubeide_1.5.1/stm32cubeide/plugins/com.st.stm32cube.ide.mcu.externaltools.gnu-tools-for-stm32.7-2018-q2-update.win32_1.5.0.202011040924/tools/bin/../lib/gcc/arm-none-eabi/7.3.1/thumb/v7e-m/fpv4-sp/hard/crti.o
                0x0000000008027f68                _fini
 .fini          0x0000000008027f6c        0x8 c:/users/owner/stm32cubeide_1.5.1/stm32cubeide/plugins/com.st.stm32cube.ide.mcu.externaltools.gnu-tools-for-stm32.7-2018-q2-update.win32_1.5.0.202011040924/tools/bin/../lib/gcc/arm-none-eabi/7.3.1/thumb/v7e-m/fpv4-sp/hard/crtn.o
                0x0000000008027f74                . = ALIGN (0x4)
                0x0000000008027f74                _etext = .

.vfp11_veneer   0x0000000008027f74        0x0
 .vfp11_veneer  0x0000000008027f74        0x0 linker stubs

.v4_bx          0x0000000008027f74        0x0
 .v4_bx         0x0000000008027f74        0x0 linker stubs

.iplt           0x0000000008027f74        0x0
 .iplt          0x0000000008027f74        0x0 c:/users/owner/stm32cubeide_1.5.1/stm32cubeide/plugins/com.st.stm32cube.ide.mcu.externaltools.gnu-tools-for-stm32.7-2018-q2-update.win32_1.5.0.202011040924/tools/bin/../lib/gcc/arm-none-eabi/7.3.1/thumb/v7e-m/fpv4-sp/hard/crtbegin.o

.rodata         0x0000000008027f74       0x94
                0x0000000008027f74                . = ALIGN (0x4)
 *(.rodata)
 .rodata        0x0000000008027f74        0xf Core/Src/test.o
 *(.rodata*)
 *fill*         0x0000000008027f83        0x1 
 .rodata.AHBPrescTable
                0x0000000008027f84       0x10 Core/Src/system_stm32f4xx.o
                0x0000000008027f84                AHBPrescTable
 .rodata.APBPrescTable
                0x0000000008027f94        0x8 Core/Src/system_stm32f4xx.o
                0x0000000008027f94                APBPrescTable
 .rodata.flagBitshiftOffset.8410
                0x0000000008027f9c        0x8 Drivers/STM32F4xx_HAL_Driver/Src/stm32f4xx_hal_dma.o
 .rodata._global_impure_ptr
                0x0000000008027fa4        0x4 c:/users/owner/stm32cubeide_1.5.1/stm32cubeide/plugins/com.st.stm32cube.ide.mcu.externaltools.gnu-tools-for-stm32.7-2018-q2-update.win32_1.5.0.202011040924/tools/bin/../lib/gcc/arm-none-eabi/7.3.1/../../../../arm-none-eabi/lib/thumb/v7e-m/fpv4-sp/hard\libc_nano.a(lib_a-impure.o)
                0x0000000008027fa4                _global_impure_ptr
 .rodata.__sf_fake_stderr
                0x0000000008027fa8       0x20 c:/users/owner/stm32cubeide_1.5.1/stm32cubeide/plugins/com.st.stm32cube.ide.mcu.externaltools.gnu-tools-for-stm32.7-2018-q2-update.win32_1.5.0.202011040924/tools/bin/../lib/gcc/arm-none-eabi/7.3.1/../../../../arm-none-eabi/lib/thumb/v7e-m/fpv4-sp/hard\libc_nano.a(lib_a-findfp.o)
                0x0000000008027fa8                __sf_fake_stderr
 .rodata.__sf_fake_stdin
                0x0000000008027fc8       0x20 c:/users/owner/stm32cubeide_1.5.1/stm32cubeide/plugins/com.st.stm32cube.ide.mcu.externaltools.gnu-tools-for-stm32.7-2018-q2-update.win32_1.5.0.202011040924/tools/bin/../lib/gcc/arm-none-eabi/7.3.1/../../../../arm-none-eabi/lib/thumb/v7e-m/fpv4-sp/hard\libc_nano.a(lib_a-findfp.o)
                0x0000000008027fc8                __sf_fake_stdin
 .rodata.__sf_fake_stdout
                0x0000000008027fe8       0x20 c:/users/owner/stm32cubeide_1.5.1/stm32cubeide/plugins/com.st.stm32cube.ide.mcu.externaltools.gnu-tools-for-stm32.7-2018-q2-update.win32_1.5.0.202011040924/tools/bin/../lib/gcc/arm-none-eabi/7.3.1/../../../../arm-none-eabi/lib/thumb/v7e-m/fpv4-sp/hard\libc_nano.a(lib_a-findfp.o)
                0x0000000008027fe8                __sf_fake_stdout
                0x0000000008028008                . = ALIGN (0x4)

.ARM.extab      0x0000000008028008        0x0
                0x0000000008028008                . = ALIGN (0x4)
 *(.ARM.extab* .gnu.linkonce.armextab.*)
                0x0000000008028008                . = ALIGN (0x4)

.ARM            0x0000000008028008        0x8
                0x0000000008028008                . = ALIGN (0x4)
                0x0000000008028008                __exidx_start = .
 *(.ARM.exidx*)
 .ARM.exidx     0x0000000008028008        0x8 c:/users/owner/stm32cubeide_1.5.1/stm32cubeide/plugins/com.st.stm32cube.ide.mcu.externaltools.gnu-tools-for-stm32.7-2018-q2-update.win32_1.5.0.202011040924/tools/bin/../lib/gcc/arm-none-eabi/7.3.1/thumb/v7e-m/fpv4-sp/hard\libgcc.a(_udivmoddi4.o)
                0x0000000008028010                __exidx_end = .
                0x0000000008028010                . = ALIGN (0x4)

.rel.dyn        0x0000000008028010        0x0
 .rel.iplt      0x0000000008028010        0x0 c:/users/owner/stm32cubeide_1.5.1/stm32cubeide/plugins/com.st.stm32cube.ide.mcu.externaltools.gnu-tools-for-stm32.7-2018-q2-update.win32_1.5.0.202011040924/tools/bin/../lib/gcc/arm-none-eabi/7.3.1/thumb/v7e-m/fpv4-sp/hard/crtbegin.o

.preinit_array  0x0000000008028010        0x0
                0x0000000008028010                . = ALIGN (0x4)
                0x0000000008028010                PROVIDE (__preinit_array_start = .)
 *(.preinit_array*)
                0x0000000008028010                PROVIDE (__preinit_array_end = .)
                0x0000000008028010                . = ALIGN (0x4)

.init_array     0x0000000008028010        0x8
                0x0000000008028010                . = ALIGN (0x4)
                0x0000000008028010                PROVIDE (__init_array_start = .)
 *(SORT_BY_NAME(.init_array.*))
 *(.init_array*)
 .init_array    0x0000000008028010        0x4 c:/users/owner/stm32cubeide_1.5.1/stm32cubeide/plugins/com.st.stm32cube.ide.mcu.externaltools.gnu-tools-for-stm32.7-2018-q2-update.win32_1.5.0.202011040924/tools/bin/../lib/gcc/arm-none-eabi/7.3.1/thumb/v7e-m/fpv4-sp/hard/crtbegin.o
 .init_array    0x0000000008028014        0x4 Core/Src/wrapper.o
                0x0000000008028018                PROVIDE (__init_array_end = .)
                0x0000000008028018                . = ALIGN (0x4)

.fini_array     0x0000000008028018        0x4
                0x0000000008028018                . = ALIGN (0x4)
                [!provide]                        PROVIDE (__fini_array_start = .)
 *(SORT_BY_NAME(.fini_array.*))
 *(.fini_array*)
 .fini_array    0x0000000008028018        0x4 c:/users/owner/stm32cubeide_1.5.1/stm32cubeide/plugins/com.st.stm32cube.ide.mcu.externaltools.gnu-tools-for-stm32.7-2018-q2-update.win32_1.5.0.202011040924/tools/bin/../lib/gcc/arm-none-eabi/7.3.1/thumb/v7e-m/fpv4-sp/hard/crtbegin.o
                [!provide]                        PROVIDE (__fini_array_end = .)
                0x000000000802801c                . = ALIGN (0x4)
                0x000000000802801c                _sidata = LOADADDR (.data)

.data           0x0000000020000000       0x70 load address 0x000000000802801c
                0x0000000020000000                . = ALIGN (0x4)
                0x0000000020000000                _sdata = .
 *(.data)
 *(.data*)
 .data.SystemCoreClock
                0x0000000020000000        0x4 Core/Src/system_stm32f4xx.o
                0x0000000020000000                SystemCoreClock
 .data.uwTickPrio
                0x0000000020000004        0x4 Drivers/STM32F4xx_HAL_Driver/Src/stm32f4xx_hal.o
                0x0000000020000004                uwTickPrio
 .data.uwTickFreq
                0x0000000020000008        0x1 Drivers/STM32F4xx_HAL_Driver/Src/stm32f4xx_hal.o
                0x0000000020000008                uwTickFreq
 *fill*         0x0000000020000009        0x3 
 .data._impure_ptr
                0x000000002000000c        0x4 c:/users/owner/stm32cubeide_1.5.1/stm32cubeide/plugins/com.st.stm32cube.ide.mcu.externaltools.gnu-tools-for-stm32.7-2018-q2-update.win32_1.5.0.202011040924/tools/bin/../lib/gcc/arm-none-eabi/7.3.1/../../../../arm-none-eabi/lib/thumb/v7e-m/fpv4-sp/hard\libc_nano.a(lib_a-impure.o)
                0x000000002000000c                _impure_ptr
 .data.impure_data
                0x0000000020000010       0x60 c:/users/owner/stm32cubeide_1.5.1/stm32cubeide/plugins/com.st.stm32cube.ide.mcu.externaltools.gnu-tools-for-stm32.7-2018-q2-update.win32_1.5.0.202011040924/tools/bin/../lib/gcc/arm-none-eabi/7.3.1/../../../../arm-none-eabi/lib/thumb/v7e-m/fpv4-sp/hard\libc_nano.a(lib_a-impure.o)
 *(.RamFunc)
 *(.RamFunc*)
                0x0000000020000070                . = ALIGN (0x4)
                0x0000000020000070                _edata = .

.igot.plt       0x0000000020000070        0x0 load address 0x000000000802808c
 .igot.plt      0x0000000020000070        0x0 c:/users/owner/stm32cubeide_1.5.1/stm32cubeide/plugins/com.st.stm32cube.ide.mcu.externaltools.gnu-tools-for-stm32.7-2018-q2-update.win32_1.5.0.202011040924/tools/bin/../lib/gcc/arm-none-eabi/7.3.1/thumb/v7e-m/fpv4-sp/hard/crtbegin.o
                0x0000000020000070                . = ALIGN (0x4)

.bss            0x0000000020000070    0x11688 load address 0x000000000802808c
                0x0000000020000070                _sbss = .
                0x0000000020000070                __bss_start__ = _sbss
 *(.bss)
 .bss           0x0000000020000070       0x1c c:/users/owner/stm32cubeide_1.5.1/stm32cubeide/plugins/com.st.stm32cube.ide.mcu.externaltools.gnu-tools-for-stm32.7-2018-q2-update.win32_1.5.0.202011040924/tools/bin/../lib/gcc/arm-none-eabi/7.3.1/thumb/v7e-m/fpv4-sp/hard/crtbegin.o
 *(.bss*)
 .bss._ZZN10LineSensor20StoreConsecutiveBuffEvE5times
                0x000000002000008c        0x1 Core/Src/line_sensor.o
 *fill*         0x000000002000008d        0x1 
 .bss._ZZN10LineSensor16CheckCalibrationEvE5timer
                0x000000002000008e        0x2 Core/Src/line_sensor.o
 .bss._ZZN10LineSensor16CheckCalibrationEvE7pre_max
                0x0000000020000090       0x1c Core/Src/line_sensor.o
 .bss._ZZN10LineSensor16CheckCalibrationEvE7pre_min
                0x00000000200000ac       0x1c Core/Src/line_sensor.o
 .bss._ZZN9LineTrace10PidControlEfffE9pre_error
                0x00000000200000c8        0x4 Core/Src/line_trace.o
 .bss._ZGVZN9LineTrace10PidControlEfffE9pre_error
                0x00000000200000cc        0x4 Core/Src/line_trace.o
 .bss.g_velocity
                0x00000000200000d0        0x4 Core/Src/main.o
                0x00000000200000d0                g_velocity
 .bss.g_angular_velocity
                0x00000000200000d4        0x4 Core/Src/main.o
                0x00000000200000d4                g_angular_velocity
 .bss.g_distance_log
                0x00000000200000d8      0x140 Core/Src/main.o
                0x00000000200000d8                g_distance_log
 .bss.g_angular_log
                0x0000000020000218      0x140 Core/Src/main.o
                0x0000000020000218                g_angular_log
 .bss.g_line_diff
                0x0000000020000358        0x4 Core/Src/main.o
                0x0000000020000358                g_line_diff
 .bss.g_line_emer
                0x000000002000035c        0x1 Core/Src/main.o
                0x000000002000035c                g_line_emer
 .bss.g_line_calib
                0x000000002000035d        0x1 Core/Src/main.o
                0x000000002000035d                g_line_calib
 .bss.g_error_handler_adc1
                0x000000002000035e        0x1 Core/Src/main.o
                0x000000002000035e                g_error_handler_adc1
 .bss.g_error_handler_tim11
                0x000000002000035f        0x1 Core/Src/main.o
                0x000000002000035f                g_error_handler_tim11
 .bss.g_error_handler_tim1_ch2
                0x0000000020000360        0x1 Core/Src/main.o
                0x0000000020000360                g_error_handler_tim1_ch2
 .bss.g_error_handler_tim1_ch4
                0x0000000020000361        0x1 Core/Src/main.o
                0x0000000020000361                g_error_handler_tim1_ch4
 .bss.g_error_handler_tim4
                0x0000000020000362        0x1 Core/Src/main.o
                0x0000000020000362                g_error_handler_tim4
 .bss.g_error_handler_tim8
                0x0000000020000363        0x1 Core/Src/main.o
                0x0000000020000363                g_error_handler_tim8
 .bss.g_line_buff
                0x0000000020000364       0x1c Core/Src/main.o
                0x0000000020000364                g_line_buff
 .bss.g_consecutive_line_buff
                0x0000000020000380      0x118 Core/Src/main.o
                0x0000000020000380                g_consecutive_line_buff
 .bss.g_max_line_valu
                0x0000000020000498       0x1c Core/Src/main.o
                0x0000000020000498                g_max_line_valu
 .bss.g_min_line_valu
                0x00000000200004b4       0x1c Core/Src/main.o
                0x00000000200004b4                g_min_line_valu
 .bss.g_line_valu
                0x00000000200004d0       0x1c Core/Src/main.o
                0x00000000200004d0                g_line_valu
 .bss.g_line_left
                0x00000000200004ec        0x4 Core/Src/main.o
                0x00000000200004ec                g_line_left
 .bss.g_line_right
                0x00000000200004f0        0x4 Core/Src/main.o
                0x00000000200004f0                g_line_right
 .bss.g_side_pre_state
                0x00000000200004f4        0x1 Core/Src/main.o
                0x00000000200004f4                g_side_pre_state
 .bss.g_side_now_state
                0x00000000200004f5        0x1 Core/Src/main.o
                0x00000000200004f5                g_side_now_state
 *fill*         0x00000000200004f6        0x2 
 .bss.g_side_change_state_count
                0x00000000200004f8        0x4 Core/Src/main.o
                0x00000000200004f8                g_side_change_state_count
 .bss.g_side_goal_reach
                0x00000000200004fc        0x1 Core/Src/main.o
                0x00000000200004fc                g_side_goal_reach
 .bss.g_side_corner_reach
                0x00000000200004fd        0x1 Core/Src/main.o
                0x00000000200004fd                g_side_corner_reach
 .bss.g_side_cross_reach
                0x00000000200004fe        0x1 Core/Src/main.o
                0x00000000200004fe                g_side_cross_reach
 .bss.g_side_black_flag
                0x00000000200004ff        0x1 Core/Src/main.o
                0x00000000200004ff                g_side_black_flag
 .bss.g_side_goal_flag
                0x0000000020000500        0x1 Core/Src/main.o
                0x0000000020000500                g_side_goal_flag
 .bss.g_side_corner_flag
                0x0000000020000501        0x1 Core/Src/main.o
                0x0000000020000501                g_side_corner_flag
 .bss.g_side_cross_flag
                0x0000000020000502        0x1 Core/Src/main.o
                0x0000000020000502                g_side_cross_flag
 .bss.g_side_before_noise_state
                0x0000000020000503        0x1 Core/Src/main.o
                0x0000000020000503                g_side_before_noise_state
 .bss.g_side_noise_count
                0x0000000020000504        0x1 Core/Src/main.o
                0x0000000020000504                g_side_noise_count
 .bss.g_side_ignore_flag
                0x0000000020000505        0x1 Core/Src/main.o
                0x0000000020000505                g_side_ignore_flag
 .bss.g_goal_count
                0x0000000020000506        0x1 Core/Src/main.o
                0x0000000020000506                g_goal_count
 .bss.g_corner_count
                0x0000000020000507        0x1 Core/Src/main.o
                0x0000000020000507                g_corner_count
 .bss.g_cross_count
                0x0000000020000508        0x1 Core/Src/main.o
                0x0000000020000508                g_cross_count
 *fill*         0x0000000020000509        0x1 
 .bss.g_enc_cnt_l
                0x000000002000050a        0x2 Core/Src/main.o
                0x000000002000050a                g_enc_cnt_l
 .bss.g_enc_cnt_r
                0x000000002000050c        0x2 Core/Src/main.o
                0x000000002000050c                g_enc_cnt_r
 *fill*         0x000000002000050e        0x2 
 .bss.g_distance_l
                0x0000000020000510        0x4 Core/Src/main.o
                0x0000000020000510                g_distance_l
 .bss.g_distance_r
                0x0000000020000514        0x4 Core/Src/main.o
                0x0000000020000514                g_distance_r
 .bss.g_translation_ratio
                0x0000000020000518        0x4 Core/Src/main.o
                0x0000000020000518                g_translation_ratio
 .bss.g_rotation_ratio
                0x000000002000051c        0x4 Core/Src/main.o
                0x000000002000051c                g_rotation_ratio
 .bss.g_sum_raito
                0x0000000020000520        0x4 Core/Src/main.o
                0x0000000020000520                g_sum_raito
 .bss.g_excess_ratio
                0x0000000020000524        0x4 Core/Src/main.o
                0x0000000020000524                g_excess_ratio
 .bss.g_reduced_translation
                0x0000000020000528        0x4 Core/Src/main.o
                0x0000000020000528                g_reduced_translation
 .bss.g_duty_l  0x000000002000052c        0x4 Core/Src/main.o
                0x000000002000052c                g_duty_l
 .bss.g_duty_r  0x0000000020000530        0x4 Core/Src/main.o
                0x0000000020000530                g_duty_r
 .bss.g_motor_compare_l
                0x0000000020000534        0x2 Core/Src/main.o
                0x0000000020000534                g_motor_compare_l
 .bss.g_motor_compare_r
                0x0000000020000536        0x2 Core/Src/main.o
                0x0000000020000536                g_motor_compare_r
 .bss.g_trace_p
                0x0000000020000538        0x4 Core/Src/main.o
                0x0000000020000538                g_trace_p
 .bss.g_trace_i
                0x000000002000053c        0x4 Core/Src/main.o
                0x000000002000053c                g_trace_i
 .bss.g_trace_d
                0x0000000020000540        0x4 Core/Src/main.o
                0x0000000020000540                g_trace_d
 .bss.g_target_velocity
                0x0000000020000544        0x4 Core/Src/main.o
                0x0000000020000544                g_target_velocity
 .bss.g_current_velocity
                0x0000000020000548        0x4 Core/Src/main.o
                0x0000000020000548                g_current_velocity
 .bss.g_filter_velocity
                0x000000002000054c        0x4 Core/Src/main.o
                0x000000002000054c                g_filter_velocity
 .bss.g_velocity_error
                0x0000000020000550        0x4 Core/Src/main.o
                0x0000000020000550                g_velocity_error
 .bss.g_velocity_p
                0x0000000020000554        0x4 Core/Src/main.o
                0x0000000020000554                g_velocity_p
 .bss.g_velocity_i
                0x0000000020000558        0x4 Core/Src/main.o
                0x0000000020000558                g_velocity_i
 .bss.g_velocity_d
                0x000000002000055c        0x4 Core/Src/main.o
                0x000000002000055c                g_velocity_d
 .bss.g_velocity_p_gain
                0x0000000020000560        0x4 Core/Src/main.o
                0x0000000020000560                g_velocity_p_gain
 .bss.g_velocity_i_gain
                0x0000000020000564        0x4 Core/Src/main.o
                0x0000000020000564                g_velocity_i_gain
 .bss.g_velocity_d_gain
                0x0000000020000568        0x4 Core/Src/main.o
                0x0000000020000568                g_velocity_d_gain
 .bss.g_tim7    0x000000002000056c        0x4 Core/Src/main.o
                0x000000002000056c                g_tim7
 .bss.g_tim6    0x0000000020000570        0x4 Core/Src/main.o
                0x0000000020000570                g_tim6
 .bss.g_tim2    0x0000000020000574        0x4 Core/Src/main.o
                0x0000000020000574                g_tim2
 .bss.g_switch_state
                0x0000000020000578        0x1 Core/Src/main.o
                0x0000000020000578                g_switch_state
 *fill*         0x0000000020000579        0x3 
 .bss.__sbrk_heap_end
                0x000000002000057c        0x4 Core/Src/sysmem.o
 .bss._ZZN4Test10MonitorLogEvE9log_index
                0x0000000020000580        0x2 Core/Src/test.o
 .bss._ZZN4Test18RunVelocityControlEvE10stop_count
                0x0000000020000582        0x1 Core/Src/test.o
 *fill*         0x0000000020000583        0x1 
 .bss._ZZN15VelocityControl10PidControlEffffE10pre_filter
                0x0000000020000584        0x4 Core/Src/velocity_control.o
 .bss._ZZN15VelocityControl10PidControlEffffE9pre_error
                0x0000000020000588        0x4 Core/Src/velocity_control.o
 .bss._ZGVZN15VelocityControl10PidControlEffffE9pre_error
                0x000000002000058c        0x4 Core/Src/velocity_control.o
 .bss.encoder   0x0000000020000590        0xc Core/Src/wrapper.o
                0x0000000020000590                encoder
 .bss.flash     0x000000002000059c        0x1 Core/Src/wrapper.o
                0x000000002000059c                flash
 *fill*         0x000000002000059d        0x3 
 .bss.iim_42652
                0x00000000200005a0        0x8 Core/Src/wrapper.o
                0x00000000200005a0                iim_42652
 .bss.led       0x00000000200005a8        0x2 Core/Src/wrapper.o
                0x00000000200005a8                led
 *fill*         0x00000000200005aa        0x2 
 .bss.line_sensor
                0x00000000200005ac      0x18a Core/Src/wrapper.o
                0x00000000200005ac                line_sensor
 *fill*         0x0000000020000736        0x2 
 .bss.line_trace
                0x0000000020000738        0x8 Core/Src/wrapper.o
                0x0000000020000738                line_trace
 .bss.logger    0x0000000020000740      0x108 Core/Src/wrapper.o
                0x0000000020000740                logger
 .bss.motor     0x0000000020000848        0x1 Core/Src/wrapper.o
                0x0000000020000848                motor
 *fill*         0x0000000020000849        0x3 
 .bss.print     0x000000002000084c    0x10a6c Core/Src/wrapper.o
                0x000000002000084c                print
 .bss.rotary_switch
                0x00000000200112b8        0x1 Core/Src/wrapper.o
                0x00000000200112b8                rotary_switch
 *fill*         0x00000000200112b9        0x3 
 .bss.side_sensor
                0x00000000200112bc        0x7 Core/Src/wrapper.o
                0x00000000200112bc                side_sensor
 *fill*         0x00000000200112c3        0x1 
 .bss.logger2   0x00000000200112c4       0x28 Core/Src/wrapper.o
                0x00000000200112c4                logger2
 .bss.velocity_control
                0x00000000200112ec        0x8 Core/Src/wrapper.o
                0x00000000200112ec                velocity_control
 .bss.test      0x00000000200112f4       0x20 Core/Src/wrapper.o
                0x00000000200112f4                test
 .bss.__malloc_free_list
                0x0000000020011314        0x4 c:/users/owner/stm32cubeide_1.5.1/stm32cubeide/plugins/com.st.stm32cube.ide.mcu.externaltools.gnu-tools-for-stm32.7-2018-q2-update.win32_1.5.0.202011040924/tools/bin/../lib/gcc/arm-none-eabi/7.3.1/../../../../arm-none-eabi/lib/thumb/v7e-m/fpv4-sp/hard\libc_nano.a(lib_a-nano-mallocr.o)
                0x0000000020011314                __malloc_free_list
 .bss.__malloc_sbrk_start
                0x0000000020011318        0x4 c:/users/owner/stm32cubeide_1.5.1/stm32cubeide/plugins/com.st.stm32cube.ide.mcu.externaltools.gnu-tools-for-stm32.7-2018-q2-update.win32_1.5.0.202011040924/tools/bin/../lib/gcc/arm-none-eabi/7.3.1/../../../../arm-none-eabi/lib/thumb/v7e-m/fpv4-sp/hard\libc_nano.a(lib_a-nano-mallocr.o)
                0x0000000020011318                __malloc_sbrk_start
 *(COMMON)
 COMMON         0x000000002001131c      0x3d4 Core/Src/main.o
                0x000000002001131c                htim8
                0x000000002001135c                htim4
                0x000000002001139c                hi2c2
                0x00000000200113f0                htim5
                0x0000000020011430                htim3
                0x0000000020011470                hspi3
                0x00000000200114c8                hadc1
                0x0000000020011510                htim11
                0x0000000020011550                hdma_adc1
                0x00000000200115b0                htim6
                0x00000000200115f0                htim1
                0x0000000020011630                htim2
                0x0000000020011670                htim12
                0x00000000200116b0                htim7
 COMMON         0x00000000200116f0        0x4 Drivers/STM32F4xx_HAL_Driver/Src/stm32f4xx_hal.o
                0x00000000200116f0                uwTick
 COMMON         0x00000000200116f4        0x4 c:/users/owner/stm32cubeide_1.5.1/stm32cubeide/plugins/com.st.stm32cube.ide.mcu.externaltools.gnu-tools-for-stm32.7-2018-q2-update.win32_1.5.0.202011040924/tools/bin/../lib/gcc/arm-none-eabi/7.3.1/../../../../arm-none-eabi/lib/thumb/v7e-m/fpv4-sp/hard\libc_nano.a(lib_a-reent.o)
                0x00000000200116f4                errno
                0x00000000200116f8                . = ALIGN (0x4)
                0x00000000200116f8                _ebss = .
                0x00000000200116f8                __bss_end__ = _ebss

._user_heap_stack
                0x00000000200116f8      0x600 load address 0x000000000802808c
                0x00000000200116f8                . = ALIGN (0x8)
                [!provide]                        PROVIDE (end = .)
                0x00000000200116f8                PROVIDE (_end = .)
                0x00000000200118f8                . = (. + _Min_Heap_Size)
 *fill*         0x00000000200116f8      0x200 
                0x0000000020011cf8                . = (. + _Min_Stack_Size)
 *fill*         0x00000000200118f8      0x400 
                0x0000000020011cf8                . = ALIGN (0x8)

/DISCARD/
 libc.a(*)
 libm.a(*)
 libgcc.a(*)

.ARM.attributes
                0x0000000000000000       0x30
 *(.ARM.attributes)
 .ARM.attributes
                0x0000000000000000       0x22 c:/users/owner/stm32cubeide_1.5.1/stm32cubeide/plugins/com.st.stm32cube.ide.mcu.externaltools.gnu-tools-for-stm32.7-2018-q2-update.win32_1.5.0.202011040924/tools/bin/../lib/gcc/arm-none-eabi/7.3.1/thumb/v7e-m/fpv4-sp/hard/crti.o
 .ARM.attributes
                0x0000000000000022       0x34 c:/users/owner/stm32cubeide_1.5.1/stm32cubeide/plugins/com.st.stm32cube.ide.mcu.externaltools.gnu-tools-for-stm32.7-2018-q2-update.win32_1.5.0.202011040924/tools/bin/../lib/gcc/arm-none-eabi/7.3.1/thumb/v7e-m/fpv4-sp/hard/crtbegin.o
 .ARM.attributes
                0x0000000000000056       0x39 Core/Src/encoder.o
 .ARM.attributes
                0x000000000000008f       0x39 Core/Src/iim_42652.o
 .ARM.attributes
                0x00000000000000c8       0x39 Core/Src/led.o
 .ARM.attributes
                0x0000000000000101       0x39 Core/Src/line_sensor.o
 .ARM.attributes
                0x000000000000013a       0x39 Core/Src/line_trace.o
 .ARM.attributes
                0x0000000000000173       0x39 Core/Src/logger.o
 .ARM.attributes
                0x00000000000001ac       0x39 Core/Src/logger2.o
 .ARM.attributes
                0x00000000000001e5       0x39 Core/Src/main.o
 .ARM.attributes
                0x000000000000021e       0x39 Core/Src/motor.o
 .ARM.attributes
                0x0000000000000257       0x39 Core/Src/print.o
 .ARM.attributes
                0x0000000000000290       0x39 Core/Src/rotary_switch.o
 .ARM.attributes
                0x00000000000002c9       0x39 Core/Src/side_sensor.o
 .ARM.attributes
                0x0000000000000302       0x39 Core/Src/stm32f4xx_hal_msp.o
 .ARM.attributes
                0x000000000000033b       0x39 Core/Src/stm32f4xx_it.o
 .ARM.attributes
                0x0000000000000374       0x39 Core/Src/swo_setting.o
 .ARM.attributes
                0x00000000000003ad       0x39 Core/Src/syscalls.o
 .ARM.attributes
                0x00000000000003e6       0x39 Core/Src/sysmem.o
 .ARM.attributes
                0x000000000000041f       0x39 Core/Src/system_stm32f4xx.o
 .ARM.attributes
                0x0000000000000458       0x39 Core/Src/test.o
 .ARM.attributes
                0x0000000000000491       0x39 Core/Src/velocity_control.o
 .ARM.attributes
                0x00000000000004ca       0x39 Core/Src/wrapper.o
 .ARM.attributes
                0x0000000000000503       0x21 Core/Startup/startup_stm32f405rgtx.o
 .ARM.attributes
                0x0000000000000524       0x39 Drivers/STM32F4xx_HAL_Driver/Src/stm32f4xx_hal.o
 .ARM.attributes
                0x000000000000055d       0x39 Drivers/STM32F4xx_HAL_Driver/Src/stm32f4xx_hal_adc.o
 .ARM.attributes
                0x0000000000000596       0x39 Drivers/STM32F4xx_HAL_Driver/Src/stm32f4xx_hal_cortex.o
 .ARM.attributes
                0x00000000000005cf       0x39 Drivers/STM32F4xx_HAL_Driver/Src/stm32f4xx_hal_dma.o
 .ARM.attributes
                0x0000000000000608       0x39 Drivers/STM32F4xx_HAL_Driver/Src/stm32f4xx_hal_gpio.o
 .ARM.attributes
                0x0000000000000641       0x39 Drivers/STM32F4xx_HAL_Driver/Src/stm32f4xx_hal_i2c.o
 .ARM.attributes
                0x000000000000067a       0x39 Drivers/STM32F4xx_HAL_Driver/Src/stm32f4xx_hal_rcc.o
 .ARM.attributes
                0x00000000000006b3       0x39 Drivers/STM32F4xx_HAL_Driver/Src/stm32f4xx_hal_spi.o
 .ARM.attributes
                0x00000000000006ec       0x39 Drivers/STM32F4xx_HAL_Driver/Src/stm32f4xx_hal_tim.o
 .ARM.attributes
                0x0000000000000725       0x39 Drivers/STM32F4xx_HAL_Driver/Src/stm32f4xx_hal_tim_ex.o
 .ARM.attributes