cmath:241:3:constexpr float std::fabs(float)	16	static
logger.cpp:5:1:Logger::Logger(Encoder*, Flash*, Led*, Imu*, SideSensor*)	24	static
logger.cpp:25:6:void Logger::Logging()	24	static
logger.cpp:57:6:void Logger::Ramming()	24	static
logger.cpp:75:6:bool Logger::AssertNowaddress(uint16_t)	16	static
logger.cpp:81:9:uint8_t Logger::StoreDistanceLog(float)	32	static
logger.cpp:94:9:uint8_t Logger::StoreRadianLog()	32	static
logger.cpp:115:9:uint8_t Logger::StoreRadianCorrect()	32	static
logger.cpp:132:9:uint8_t Logger::StoreVariousLog()	32	static
logger.cpp:161:6:void Logger::DistanceCorrection(float)	32	static
logger.cpp:186:6:void Logger::CheckLoggingSuccess(uint32_t, uint8_t)	24	static
logger.cpp:199:6:void Logger::SetEmergencyStopFlag(bool)	16	static
logger.cpp:204:6:bool Logger::GetEmergencyStopFlag()	16	static
logger.cpp:209:6:void Logger::SetSuccessEmergencyCodeStore(bool)	16	static
logger.cpp:214:6:bool Logger::GetSuccessEmergencyCodeStore()	16	static
logger.cpp:219:6:void Logger::LoggingAccelPosition()	40	static
logger.cpp:269:9:uint8_t Logger::StoreAccelPosition(uint32_t, uint8_t)	24	static
logger.cpp:279:6:void Logger::Loading()	24	static
logger.cpp:343:6:void Logger::AccelStraight()	24	static
logger.cpp:391:7:float Logger::GetTargetVelocity()	16	static
logger.cpp:396:6:void Logger::ResetLoadingNowAddress()	16	static
logger.cpp:401:6:void Logger::ResetLoggingNowAddress()	16	static
