cmath:241:3:constexpr float std::fabs(float)	16	static
logger2.cpp:4:1:Logger2::Logger2(Encoder*, Flash*, Led*, Iim42652*, SideSensor*)	24	static
logger2.cpp:24:6:void Logger2::Logging()	24	static
logger2.cpp:46:6:bool Logger2::AssertNowaddress(uint16_t)	16	static
logger2.cpp:52:9:uint8_t Logger2::StoreDistanceLog(float)	24	static
logger2.cpp:67:9:uint8_t Logger2::StoreRadianLog()	48	static
logger2.cpp:87:9:uint8_t Logger2::StoreVariousLog()	32	static
logger2.cpp:114:6:void Logger2::DistanceCorrection(float)	32	static
logger2.cpp:132:6:void Logger2::CheckLoggingSuccess(uint32_t, uint8_t)	24	static
logger2.cpp:145:6:void Logger2::SetEmergencyStopFlag(bool)	16	static
logger2.cpp:150:6:bool Logger2::GetEmergencyStopFlag()	16	static
logger2.cpp:155:6:void Logger2::SetSuccessEmergencyCodeStore(bool)	16	static
logger2.cpp:160:6:bool Logger2::GetSuccessEmergencyCodeStore()	16	static
logger2.cpp:165:6:void Logger2::LoggingAccelPosition()	40	static
logger2.cpp:203:9:uint8_t Logger2::StoreAccelPosition(uint32_t, uint8_t)	24	static
logger2.cpp:213:6:void Logger2::Loading()	24	static
logger2.cpp:224:6:void Logger2::AccelStraight()	24	static
logger2.cpp:264:7:float Logger2::GetTargetVelocity()	16	static
logger2.cpp:269:6:void Logger2::ResetLoadingNowAddress()	16	static
logger2.cpp:274:6:void Logger2::ResetLoggingNowAddress()	16	static
