main.c:253:6:HAL_TIM_PeriodElapsedCallback	16	static
main.c:275:5:main	8	static
main.c:333:6:SystemClock_Config	88	static
main.c:377:13:MX_ADC1_Init	24	static
main.c:531:13:MX_I2C2_Init	8	static
main.c:565:13:MX_SPI3_Init	8	static
main.c:603:13:MX_TIM1_Init	80	static
main.c:672:13:MX_TIM2_Init	32	static
main.c:717:13:MX_TIM3_Init	48	static
main.c:778:13:MX_TIM4_Init	56	static
main.c:827:13:MX_TIM5_Init	32	static
main.c:872:13:MX_TIM6_Init	16	static
main.c:910:13:MX_TIM7_Init	16	static
main.c:948:13:MX_TIM8_Init	56	static
main.c:998:13:MX_TIM11_Init	40	static
main.c:1044:13:MX_TIM12_Init	40	static
main.c:1084:13:MX_DMA_Init	16	static
main.c:1102:13:MX_GPIO_Init	48	static
main.c:1177:6:Error_Handler	4	static,ignoring_inline_asm
