main.c:235:6:HAL_TIM_PeriodElapsedCallback	16	static
main.c:257:5:main	8	static
main.c:315:6:SystemClock_Config	88	static
main.c:359:13:MX_ADC1_Init	24	static
main.c:513:13:MX_I2C2_Init	8	static
main.c:547:13:MX_SPI3_Init	8	static
main.c:585:13:MX_TIM1_Init	80	static
main.c:654:13:MX_TIM2_Init	32	static
main.c:699:13:MX_TIM3_Init	48	static
main.c:760:13:MX_TIM4_Init	56	static
main.c:809:13:MX_TIM5_Init	32	static
main.c:854:13:MX_TIM6_Init	16	static
main.c:892:13:MX_TIM7_Init	16	static
main.c:930:13:MX_TIM8_Init	56	static
main.c:980:13:MX_TIM11_Init	40	static
main.c:1026:13:MX_TIM12_Init	40	static
main.c:1066:13:MX_DMA_Init	16	static
main.c:1084:13:MX_GPIO_Init	48	static
main.c:1159:6:Error_Handler	4	static,ignoring_inline_asm
