run.cpp:4:1:Run::Run(Encoder*, Flash*, Iim42652*, Led*, LineSensor*, LineTrace*, Logger*, Motor*, RotarySwitch*, SideSensor*, VelocityControl*)	24	static
run.cpp:35:6:void Run::Init()	24	static
run.cpp:67:6:void Run::UpdateRunMode()	24	static
run.cpp:112:6:void Run::SetRunMode(uint8_t)	16	static
run.cpp:117:6:void Run::WhenSwitchChange()	16	static
run.cpp:124:6:bool Run::SwitchChangeInterval(uint8_t)	24	static
run.cpp:167:6:bool Run::EmergencyStop()	24	static
run.cpp:183:6:void Run::RunMode()	16	static
run.cpp:208:6:void Run::ModeEmergency()	16	static
run.cpp:213:6:void Run::ModeReady()	16	static
run.cpp:220:6:void Run::ModeStandby()	16	static
run.cpp:225:6:void Run::ModeFirstRun()	32	static
run.cpp:248:6:void Run::ModeFirstGoal()	16	static
run.cpp:255:6:void Run::ModeSecondRun()	32	static
run.cpp:274:6:void Run::ModeSecondGoal()	16	static
run.cpp:280:6:void Run::ModeVelocityControl()	32	static
run.cpp:296:6:void Run::ModeLineTrace()	32	static
run.cpp:311:6:void Run::ModeVelocityControlDebug()	24	static
run.cpp:322:6:void Run::ModeLineTraceDebug()	24	static
run.cpp:331:6:void Run::ModeInitialDebug()	16	static
run.cpp:337:7:float Run::FirstTargetVelocity(uint8_t)	16	static
run.cpp:367:7:float Run::SecondTargetVelocity(uint8_t)	16	static
run.cpp:397:7:float Run::VelocityControlTarget(uint8_t)	16	static
run.cpp:427:7:float Run::CommonDuty(uint8_t)	16	static
run.cpp:512:6:void Run::InitialTest()	16	static
