run.cpp:4:1:Run::Run(Encoder*, Flash*, Iim42652*, Led*, LineSensor*, LineTrace*, Logger*, Logger2*, Motor*, Print*, RotarySwitch*, SideSensor*, VelocityControl*)	24	static
run.cpp:40:6:void Run::Init()	24	static
run.cpp:79:6:void Run::Timer7()	16	static
run.cpp:84:6:void Run::Timer2()	24	static
run.cpp:112:6:void Run::UpdateRunMode(uint8_t)	16	static
run.cpp:134:6:void Run::SetRunMode(uint8_t)	16	static
run.cpp:139:6:void Run::SetRunModeChangedInternal(bool)	16	static
run.cpp:148:6:void Run::WhenSwitchChange()	16	static
run.cpp:156:6:bool Run::SwitchChangeInterval(uint8_t)	24	static
run.cpp:200:6:bool Run::EmergencyStop()	24	static
run.cpp:216:6:void Run::RunMode()	16	static
run.cpp:244:6:void Run::ModeEmergency()	24	static
run.cpp:253:6:void Run::ModeReady()	16	static
run.cpp:260:6:void Run::ModeStandby()	16	static
run.cpp:282:6:void Run::ModeDevelopment()	32	static
run.cpp:301:6:void Run::ModeDevAccel()	32	static
run.cpp:318:6:bool Run::DevEmergencyStop()	24	static
run.cpp:346:7:float Run::DevTargetVelocity(uint8_t)	24	static
run.cpp:383:7:float Run::DevAccelTarget(uint8_t)	24	static
run.cpp:422:6:void Run::ModeDevGoal()	16	static
run.cpp:428:6:void Run::ModeFirstRun()	32	static
run.cpp:451:6:void Run::ModeFirstGoal()	16	static
run.cpp:458:6:void Run::ModeSecondRun()	32	static
run.cpp:477:6:void Run::ModeSecondGoal()	16	static
run.cpp:483:6:void Run::ModeVelocityControl()	32	static
run.cpp:499:6:void Run::ModeLineTrace()	32	static
run.cpp:514:6:void Run::ModeVelocityControlDebug()	24	static
run.cpp:525:6:void Run::ModeLineTraceDebug()	24	static
run.cpp:534:6:void Run::ModeInitialDebug()	16	static
run.cpp:540:7:float Run::FirstTargetVelocity(uint8_t)	16	static
run.cpp:570:7:float Run::SecondTargetVelocity(uint8_t)	16	static
run.cpp:600:7:float Run::VelocityControlTarget(uint8_t)	16	static
run.cpp:630:7:float Run::CommonDuty(uint8_t)	16	static
run.cpp:715:6:void Run::InitialTest()	16	static
