run.cpp:4:1:Run::Run(Encoder*, Flash*, Iim42652*, Imu*, Led*, LineSensor*, LineTrace*, Logger*, Motor*, Print*, RotarySwitch*, SideSensor*, VelocityControl*)	24	static
run.cpp:40:6:void Run::Init()	24	static
run.cpp:79:6:void Run::Timer7()	16	static
run.cpp:84:6:void Run::Timer2()	24	static
run.cpp:112:6:void Run::UpdateRunMode(uint8_t)	16	static
run.cpp:136:6:void Run::SetRunMode(uint8_t)	16	static
run.cpp:141:6:void Run::SetRunModeChangedInternal(bool)	16	static
run.cpp:150:6:void Run::WhenSwitchChange()	16	static
run.cpp:158:6:bool Run::SwitchChangeInterval(uint8_t)	24	static
run.cpp:202:6:bool Run::EmergencyStop()	24	static
run.cpp:218:6:void Run::RunMode()	16	static
run.cpp:246:6:void Run::ModeEmergency()	24	static
run.cpp:255:6:void Run::ModeReady()	16	static
run.cpp:262:6:void Run::ModeStandby()	16	static
run.cpp:284:6:void Run::ModeDevelopment()	32	static
run.cpp:303:6:void Run::ModeDevAccel()	32	static
run.cpp:320:6:bool Run::DevEmergencyStop()	24	static
run.cpp:348:7:float Run::DevTargetVelocity(uint8_t)	24	static
run.cpp:385:7:float Run::DevAccelTarget(uint8_t)	24	static
run.cpp:424:6:void Run::ModeDevGoal()	16	static
run.cpp:430:6:void Run::ModeFirstRun()	32	static
run.cpp:453:6:void Run::ModeFirstGoal()	16	static
run.cpp:460:6:void Run::ModeSecondRun()	32	static
run.cpp:479:6:void Run::ModeSecondGoal()	16	static
run.cpp:485:6:void Run::ModeVelocityControl()	32	static
run.cpp:501:6:void Run::ModeLineTrace()	32	static
run.cpp:516:6:void Run::ModeVelocityControlDebug()	24	static
run.cpp:527:6:void Run::ModeLineTraceDebug()	24	static
run.cpp:536:6:void Run::ModeInitialDebug()	16	static
run.cpp:542:7:float Run::FirstTargetVelocity(uint8_t)	16	static
run.cpp:572:7:float Run::SecondTargetVelocity(uint8_t)	16	static
run.cpp:602:7:float Run::VelocityControlTarget(uint8_t)	16	static
run.cpp:632:7:float Run::CommonDuty(uint8_t)	16	static
run.cpp:717:6:void Run::InitialTest()	16	static
