wrapper.cpp:45:6:void Init()	16	static
wrapper.cpp:69:6:void ExternalInterrupt(uint16_t)	16	static
wrapper.cpp:86:6:void InterruptTim7()	8	static
wrapper.cpp:96:6:void InterruptTim6()	8	static
wrapper.cpp:230:6:void InterruptTim5()	8	static
wrapper.cpp:264:6:void InterruptTim2()	8	static
wrapper.cpp:293:6:void Loop()	8	static
wrapper.cpp:443:6:void EmergencyStop()	8	static
wrapper.cpp:458:7:float TargetVelocity(float, float)	16	static
wrapper.cpp:483:7:float TargetDuty(float, float)	24	static
wrapper.cpp:509:9:uint8_t FlashTest()	152	dynamic
wrapper.cpp:550:6:void InitialTest()	8	static
wrapper.cpp:591:9:uint8_t ImuReadByte(uint8_t, char)	16	static
wrapper.cpp:596:6:void ImuWriteByte(uint8_t, uint8_t, char)	16	static
wrapper.cpp:599:1:void __static_initialization_and_destruction_0(int, int)	16	static
wrapper.cpp:599:1:cpp)	8	static
