wrapper.cpp:45:6:void Init()	8	static
wrapper.cpp:71:6:void ExternalInterrupt(uint16_t)	16	static
wrapper.cpp:88:6:void InterruptTim7()	8	static
wrapper.cpp:98:6:void InterruptTim6()	8	static
wrapper.cpp:232:6:void InterruptTim5()	8	static
wrapper.cpp:266:6:void InterruptTim2()	8	static
wrapper.cpp:295:6:void Loop()	8	static
wrapper.cpp:445:6:void EmergencyStop()	8	static
wrapper.cpp:460:7:float TargetVelocity(float, float)	16	static
wrapper.cpp:485:7:float TargetDuty(float, float)	24	static
wrapper.cpp:511:9:uint8_t FlashTest()	152	dynamic
wrapper.cpp:552:6:void InitialTest()	8	static
wrapper.cpp:595:9:uint8_t ImuReadByte(uint8_t, char)	16	static
wrapper.cpp:600:6:void ImuWriteByte(uint8_t, uint8_t, char)	16	static
wrapper.cpp:603:1:void __static_initialization_and_destruction_0(int, int)	16	static
wrapper.cpp:603:1:cpp)	8	static
